INFO: Loaded CAISO fleet from EIA-860 parquet (782 generators)
INFO: Binned fleet cache for CAISO is up to date — loaded from caiso_fleet_binned.parquet
INFO: solving CAISO 2023 (hours=8760, Henry Hub=$2.54/MMBtu, commitment=False)
INFO: CAISO 2023: endogenous solar spill — full solar potential passed to LP (no pre-LP CF derate); solar sets the midday dual when curtailed
INFO: loaded 26 within-window retiree units for CAISO (1066 MW, plants [356, 7232, 10446, 50388, 50632, 50837, 54626, 57544, 57714, 58296, 58298, 58300, 58301, 59456, 59800, 59804, 59805, 60100, 63604, 63607])
INFO: Loaded CAISO fleet from EIA-860 parquet (782 generators)
INFO: Binned fleet cache for CAISO is up to date — loaded from caiso_fleet_binned.parquet
INFO: Loaded CAISO fleet from EIA-860 parquet (782 generators)
INFO: Binned fleet cache for CAISO is up to date — loaded from caiso_fleet_binned.parquet
INFO: loaded 26 within-window retiree units for CAISO (1066 MW, plants [356, 7232, 10446, 50388, 50632, 50837, 54626, 57544, 57714, 58296, 58298, 58300, 58301, 59456, 59800, 59804, 59805, 60100, 63604, 63607])
INFO: unit-outage derate (CAISO 2023): 238 plant-tranches derated
INFO: CC_REGULAR outage derate reallocated top-of-stack for 28 plant(s)
INFO: COD ramp (CAISO 2023): 87 unit-months masked offline (mid-year COD / retirement), 7 unit(s) fully not-yet-built/retired
INFO: CAISO 2023 hydro budget pinned to monthly target total 24401.6 GWh (was 23901.9 GWh)
INFO: Loaded CAISO 2023 hydro budget: 166 plants, 24401.6 GWh annual, 6433 MW nameplate
INFO: CAISO 2023: 166 hydro plants in LP (6433 MW, 24.40 TWh monthly budget)
INFO: CAISO 2023: priced import/export node — 6 import tranches (8300 MW), 1 export sinks (3500 MW)
INFO: unit-outage derate (CAISO 2023): 238 plant-tranches derated
INFO: CC_REGULAR outage derate reallocated top-of-stack for 28 plant(s)
INFO: COD ramp (CAISO 2023): 98 unit-months masked offline (mid-year COD / retirement), 7 unit(s) fully not-yet-built/retired
INFO: CAISO 2023: CT_PEAKER net-load reliability-drag floor applied (frac = clip(0.00901*netGW -0.1124, 0, 0.36) in ramp 15h-22h)
INFO: CAISO 2023: reliability floor — 6 enabled limb spec(s) applied from RELIABILITY_FLOOR_REGISTRY
INFO: F923 fuel costs for 2023: 64 generators priced from their own plant, 908 gap-filled from nearby (state/zone) plants
INFO: hub-basis overlay (CAISO 2023, monthly): 1099 gas generators repriced at the measured hub spot in 12/12 months (winter max 28.08 $/MMBtu)
INFO: Matrix build: 2.424s, Solve: 146.296s (cold)
INFO: Matrix build: 2.424s, Solve: 32.242s (warm)
INFO: Matrix build: 2.324s, Solve: 140.398s (cold)
INFO: EIA-923 2023: CAMPD-backfilled 1 under-reported plants (1 replaced, 0 added)
INFO: EIA-923 2023 wind 13.94 TWh under-counts EIA-930 16.40 TWh; using EIA-930 grid total
INFO: Loaded CAISO fleet from EIA-860 parquet (782 generators)
INFO: Binned fleet cache for CAISO is up to date — loaded from caiso_fleet_binned.parquet
INFO: solving CAISO 2024 (hours=8760, Henry Hub=$2.19/MMBtu, commitment=False)
INFO: CAISO 2024: endogenous solar spill — full solar potential passed to LP (no pre-LP CF derate); solar sets the midday dual when curtailed
INFO: loaded 26 within-window retiree units for CAISO (1066 MW, plants [356, 7232, 10446, 50388, 50632, 50837, 54626, 57544, 57714, 58296, 58298, 58300, 58301, 59456, 59800, 59804, 59805, 60100, 63604, 63607])
INFO: Loaded CAISO fleet from EIA-860 parquet (782 generators)
INFO: Binned fleet cache for CAISO is up to date — loaded from caiso_fleet_binned.parquet
INFO: unit-outage derate (CAISO 2024): 230 plant-tranches derated
INFO: CC_REGULAR outage derate reallocated top-of-stack for 28 plant(s)
INFO: COD ramp (CAISO 2024): 326 unit-months masked offline (mid-year COD / retirement), 11 unit(s) fully not-yet-built/retired
INFO: CAISO 2024 hydro budget pinned to monthly target total 22678.0 GWh (was 21484.8 GWh)
INFO: Loaded CAISO 2024 hydro budget: 160 plants, 22678.0 GWh annual, 6568 MW nameplate
INFO: CAISO 2024: 160 hydro plants in LP (6568 MW, 22.68 TWh monthly budget)
INFO: CAISO 2024: priced import/export node — 6 import tranches (8300 MW), 1 export sinks (3500 MW)
INFO: unit-outage derate (CAISO 2024): 230 plant-tranches derated
INFO: CC_REGULAR outage derate reallocated top-of-stack for 28 plant(s)
INFO: COD ramp (CAISO 2024): 340 unit-months masked offline (mid-year COD / retirement), 12 unit(s) fully not-yet-built/retired
INFO: CAISO 2024: CT_PEAKER net-load reliability-drag floor applied (frac = clip(0.00901*netGW -0.1124, 0, 0.36) in ramp 15h-22h)
INFO: CAISO 2024: reliability floor — 6 enabled limb spec(s) applied from RELIABILITY_FLOOR_REGISTRY
INFO: F923 fuel costs for 2024: 64 generators priced from their own plant, 911 gap-filled from nearby (state/zone) plants
INFO: hub-basis overlay (CAISO 2024, monthly): 1102 gas generators repriced at the measured hub spot in 12/12 months (winter max 5.86 $/MMBtu)
INFO: CAISO 2024: bidirectional WECC intertie — single signed flow on a shared cap, both legs priced at the measured hub (import + border carbon / export, arbitrage-free, one direction per hour)
INFO: Matrix build: 2.289s, Solve: 111.531s (cold)
INFO: Matrix build: 2.289s, Solve: 20.717s (warm)
INFO: Matrix build: 2.321s, Solve: 113.354s (cold)
INFO: EIA-923 2024: CAMPD-backfilled 1 under-reported plants (1 replaced, 0 added)
INFO: EIA-923 2024 wind 15.42 TWh under-counts EIA-930 20.06 TWh; using EIA-930 grid total
INFO: Loaded CAISO fleet from EIA-860 parquet (782 generators)
INFO: Binned fleet cache for CAISO is up to date — loaded from caiso_fleet_binned.parquet
INFO: solving CAISO 2025 (hours=8760, Henry Hub=$3.52/MMBtu, commitment=False)
INFO: CAISO 2025: endogenous solar spill — full solar potential passed to LP (no pre-LP CF derate); solar sets the midday dual when curtailed
INFO: loaded 26 within-window retiree units for CAISO (1066 MW, plants [356, 7232, 10446, 50388, 50632, 50837, 54626, 57544, 57714, 58296, 58298, 58300, 58301, 59456, 59800, 59804, 59805, 60100, 63604, 63607])
INFO: Loaded CAISO fleet from EIA-860 parquet (782 generators)
INFO: Binned fleet cache for CAISO is up to date — loaded from caiso_fleet_binned.parquet
INFO: unit-outage derate (CAISO 2025): 262 plant-tranches derated
INFO: CC_REGULAR outage derate reallocated top-of-stack for 28 plant(s)
INFO: COD ramp (CAISO 2025): 408 unit-months masked offline (mid-year COD / retirement), 34 unit(s) fully not-yet-built/retired
INFO: CAISO 2025 hydro budget pinned to monthly target total 21319.1 GWh (was 12319.2 GWh)
INFO: Loaded CAISO 2025 hydro budget: 26 plants, 21319.1 GWh annual, 3916 MW nameplate
INFO: CAISO 2025: 26 hydro plants in LP (3916 MW, 21.32 TWh monthly budget)
INFO: CAISO 2025: priced import/export node — 6 import tranches (8300 MW), 1 export sinks (3500 MW)
INFO: unit-outage derate (CAISO 2025): 262 plant-tranches derated
INFO: CC_REGULAR outage derate reallocated top-of-stack for 28 plant(s)
INFO: COD ramp (CAISO 2025): 420 unit-months masked offline (mid-year COD / retirement), 35 unit(s) fully not-yet-built/retired
INFO: CAISO 2025: CT_PEAKER net-load reliability-drag floor applied (frac = clip(0.00901*netGW -0.1124, 0, 0.36) in ramp 15h-22h)
INFO: CAISO 2025: reliability floor — 6 enabled limb spec(s) applied from RELIABILITY_FLOOR_REGISTRY
INFO: F923 fuel costs for 2025: 48 generators priced from their own plant, 914 gap-filled from nearby (state/zone) plants
INFO: hub-basis overlay (CAISO 2025, monthly): 1105 gas generators repriced at the measured hub spot in 9/12 months (winter max 6.38 $/MMBtu)
INFO: CAISO 2025: bidirectional WECC intertie — single signed flow on a shared cap, both legs priced at the measured hub (import + border carbon / export, arbitrage-free, one direction per hour)
INFO: Matrix build: 2.099s, Solve: 90.141s (cold)
INFO: Matrix build: 2.099s, Solve: 16.426s (warm)
INFO: Matrix build: 2.148s, Solve: 90.121s (cold)
INFO: EIA-923 2025: CAMPD-backfilled 3 under-reported plants (1 replaced, 2 added)
INFO: EIA-923 2025 wind 4.24 TWh under-counts EIA-930 19.82 TWh; using EIA-930 grid total
INFO: EIA-923 2025 solar 39.76 TWh under-counts EIA-930 49.85 TWh; using EIA-930 grid total
INFO: EIA-923 2025 hydro 12.42 TWh under-counts EIA-930 21.35 TWh; using EIA-930 grid total
INFO: EIA-923 2025 biomass 1.23 TWh incomplete (vintage 73%); carrying 2024 biomass 4.41 TWh x completeness -> 3.23 TWh
INFO: wrote calibration bundle to /home/user/market-simulator/results/calibration/caiso48_solar_decommit_bridge

================================================================================
  CAISO-48 PROMOTION GATES
================================================================================
  (b) 2023: gas = 80.0 TWh vs EIA-923 76.0 (+5.2%, tol +20%) → PASS
  (b) 2024: gas = 79.0 TWh vs EIA-923 67.7 (+16.7%, tol +20%) → PASS
  (b) 2025: gas = 74.1 TWh vs EIA-923 55.2 (+34.3%, tol +20%) → FAIL
  (a) 2023: negative-price hours = 25, LMP min = -20.0
  (a) 2024: negative-price hours = 148, LMP min = -20.0
  (a) 2025: negative-price hours = 17, LMP min = -20.0
  (c) 2024 CC_REGULAR = 66.68 TWh (caiso-42 wedge was +9.21 TWh over actual; compare against the C1 table in the report below)

  *** GAS GUARDRAIL FAILED — do NOT promote; register as probe. ***

================================================================================
  CALIBRATION REPORT  (CAISO; run 2026-07-02T15:34:44; git 3a1432e)
  bundle: /home/user/market-simulator/results/calibration/caiso48_solar_decommit_bridge
================================================================================

================================================================================
  CAISO 2023 BACKCAST  (energy-only)
================================================================================

  [1] Generation by fuel (TWh; share of own total)
    (EIA-930 column = measured grid total (net gen = demand + interchange): itemized fuels + repaired renewables + carried biomass
     + unspecified 'other' residual — the like-for-like actual total. EIA-923 column = raw reference vintage, biomass/other incomplete in a
     partial current-year release.)
    fuel        model  mdl% EIA-930  930% EIA-923  923%
    coal         0.19   0.1    0.01   0.0    0.21   0.1
    gas         79.98  41.6   88.01  47.8   76.04  50.8
    nuclear     17.63   9.2   17.75   9.6   17.72  11.8
    wind        16.55   8.6   16.40   8.9       —     —
    solar       39.78  20.7   37.17  20.2       —     —
    hydro       24.21  12.6   24.42  13.3       —     —
    oil          0.00   0.0    0.54   0.3       —     —
    biomass      4.48   2.3    4.48   2.4       —     —
    other        9.26   4.8   -0.05  -0.0       —     —
    TOTAL      192.08 100.0  184.02 100.0  149.75 100.0
    import      27.45  12.5   28.87  13.6       —     —   (net; serves load, not in generation total)
    energy balance: model gen  192.08 − EIA-930 net gen  184.02 =  +8.06 TWh (tol ±3.0)  ⚠ exceeds tol
WARNING: CAISO 2023 energy-balance drift: model gen 192.08 vs EIA-930 net gen 184.02 (+8.06 TWh) exceeds ±3.0 tol
    note: EIA-930 'gas' (88.0) folds in geothermal+biomass (~13.7 TWh here); compare model gas to the EIA-923 cell, not EIA-930.

  [1b] Renewable curtailment — 2023 (model re-curtailment vs ISO-reported; potential = uncurtailed HSL)
     fuel  potential TWh  model TWh  model curt  model %  reported curt  reported %
     wind          16.55      16.55       0.000     0.00          0.151        0.91
    solar          39.79      39.78       0.004     0.01          2.509        6.31

    Monthly curtailment (GWh):
    month  wind mdl  wind rep  solar mdl  solar rep
      Jan       0.0       3.6        0.0       49.6
      Feb       0.0      10.6        0.0      193.4
      Mar       0.0      34.6        2.5      571.6
      Apr       0.0      30.9        1.7      672.0
      May       0.0      31.7        0.0      348.1
      Jun       0.0      22.0        0.0      192.0
      Jul       0.0       2.2        0.0       55.7
      Aug       0.0       0.9        0.0       48.4
      Sep       0.0       2.6        0.0       73.4
      Oct       0.0       6.8        0.0      204.6
      Nov       0.0       1.9        0.0       68.9
      Dec       0.0       2.9        0.0       31.3

  [2] Net interchange (EIA sign: + = net export)
    actual (EIA-930): -28.87 TWh (-3295 MW avg)
    priced-node fit  : duration RMSE 568 MW (offline tranche fit, optimal placement; P9)
    model            : -27.45 TWh (-3134 MW avg; priced import/export node)
    duration curve   : RMSE 1804 MW; p01/p10/p50/p90/p99 model -7500/-4424/-3139/-1855/-571 vs actual -8437/-6500/-3774/+661/+3574
    import hours     : model 99.5% vs actual 85.9%
    diurnal shape    : corr +0.97; model peak->trough 891 MW vs actual 5236 MW

  [2b] Battery cycling — 2023 (model EIA-860 fleet vs EIA-930 BAT)
                                metric  model  EIA-930
                         discharge TWh   2.89        —
                            charge TWh   3.40        —
    evening (h17-22) discharge share %   93.3        —
    (no EIA-930 battery series in this BA extract — model throughput reported alone)
    pumped-storage discharge: model 3.36 TWh; EIA-930 —

  [3] Zonal price level ($/MWh)
    zone                avg  neg-hrs
    NP15              66.86       25
    SP15              66.86       25
    WECC_import       66.68       25
    ZP26              66.86       25

  [3] System price duration ($/MWh)
    avg    66.81   max   202.31   p90   95.93   p50   53.37   p10   38.59   min   -20.00
    negative-price hours: 25

================================================================================
  CAISO 2024 BACKCAST  (energy-only)
================================================================================

  [1] Generation by fuel (TWh; share of own total)
    (EIA-930 column = measured grid total (net gen = demand + interchange): itemized fuels + repaired renewables + carried biomass
     + unspecified 'other' residual — the like-for-like actual total. EIA-923 column = raw reference vintage, biomass/other incomplete in a
     partial current-year release.)
    fuel        model  mdl% EIA-930  930% EIA-923  923%
    coal         0.15   0.1   -0.00  -0.0    0.25   0.2
    gas         79.02  39.5   85.37  44.8   67.68  43.4
    nuclear     18.20   9.1   18.35   9.6   18.38  11.8
    wind        20.29  10.1   20.06  10.5       —     —
    solar       47.80  23.9   44.64  23.4       —     —
    hydro       22.26  11.1   22.73  11.9       —     —
    oil          0.00     —    0.52   0.3       —     —
    biomass      4.41   2.2    4.41   2.3       —     —
    other        8.08   4.0   -1.10  -0.6       —     —
    TOTAL      200.21 100.0  190.56 100.0  155.83 100.0
    import      25.56  11.3   32.38  14.5       —     —   (net; serves load, not in generation total)
    energy balance: model gen  200.21 − EIA-930 net gen  190.56 =  +9.65 TWh (tol ±3.0)  ⚠ exceeds tol
WARNING: CAISO 2024 energy-balance drift: model gen 200.21 vs EIA-930 net gen 190.56 (+9.65 TWh) exceeds ±3.0 tol
    note: EIA-930 'gas' (85.4) folds in geothermal+biomass (~12.5 TWh here); compare model gas to the EIA-923 cell, not EIA-930.

  [1b] Renewable curtailment — 2024 (model re-curtailment vs ISO-reported; potential = uncurtailed HSL)
     fuel  potential TWh  model TWh  model curt  model %  reported curt  reported %
     wind          20.29      20.29       0.000     0.00          0.229        1.13
    solar          47.91      47.80       0.105     0.22          3.170        6.62

    Monthly curtailment (GWh):
    month  wind mdl  wind rep  solar mdl  solar rep
      Jan       0.0       5.5        0.0       95.5
      Feb       0.0      13.6        0.0      191.0
      Mar       0.0      54.7        0.0      675.6
      Apr       0.0      41.8       42.3      797.8
      May       0.0      57.2       62.9      638.1
      Jun       0.0      27.4        0.0      219.2
      Jul       0.0       5.1        0.0       62.5
      Aug       0.0       0.8        0.0       70.8
      Sep       0.0       2.3        0.0      118.4
      Oct       0.0       9.5        0.0      142.4
      Nov       0.0       5.3        0.0      141.7
      Dec       0.0       5.8        0.0       16.6

  [2] Net interchange (EIA sign: + = net export)
    actual (EIA-930): -32.38 TWh (-3696 MW avg)
    priced-node fit  : duration RMSE 560 MW (offline tranche fit, optimal placement; P9)
    model            : -25.56 TWh (-2918 MW avg; priced import/export node)
    duration curve   : RMSE 1422 MW; p01/p10/p50/p90/p99 model -7500/-6012/-3139/+0/+0 vs actual -8302/-6750/-4183/+152/+3538
    import hours     : model 82.1% vs actual 89.0%
    diurnal shape    : corr -0.71; model peak->trough 3856 MW vs actual 4596 MW

  [2b] Battery cycling — 2024 (model EIA-860 fleet vs EIA-930 BAT)
                                metric  model  EIA-930
                         discharge TWh   6.87        —
                            charge TWh   8.08        —
    evening (h17-22) discharge share %   85.0        —
    (no EIA-930 battery series in this BA extract — model throughput reported alone)
    pumped-storage discharge: model 4.37 TWh; EIA-930 —

  [3] Zonal price level ($/MWh)
    zone                avg  neg-hrs
    NP15              42.93      148
    SP15              42.93      148
    WECC_import       42.68      149
    ZP26              42.93      148

  [3] System price duration ($/MWh)
    avg    42.87   max    75.67   p90   58.58   p50   45.82   p10   25.12   min   -20.00
    negative-price hours: 148

================================================================================
  CAISO 2025 BACKCAST  (energy-only)
================================================================================

  [1] Generation by fuel (TWh; share of own total)
    (EIA-930 column = measured grid total (net gen = demand + interchange): itemized fuels + repaired renewables + carried biomass
     + unspecified 'other' residual — the like-for-like actual total. EIA-923 column = raw reference vintage, biomass/other incomplete in a
     partial current-year release.)
    fuel        model  mdl% EIA-930  930% EIA-923  923%
    coal         0.18   0.1   -0.00  -0.0    0.23   0.2
    gas         74.12  38.2   79.03  42.4   55.18  41.6
    nuclear     17.49   9.0   17.61   9.4   17.56  13.2
    wind        20.04  10.3   19.82  10.6       —     —
    solar       53.35  27.5   49.70  26.7       —     —
    hydro       19.71  10.2   21.34  11.5       —     —
    oil          0.00     —    0.35   0.2       —     —
    biomass      3.23   1.7    3.23   1.7       —     —
    other        5.92   3.1   -1.76  -0.9       —     —
    TOTAL      194.04 100.0  186.37 100.0  132.55 100.0
    import      32.90  14.5   36.16  16.2       —     —   (net; serves load, not in generation total)
    energy balance: model gen  194.04 − EIA-930 net gen  186.37 =  +7.67 TWh (tol ±3.0)  ⚠ exceeds tol
WARNING: CAISO 2025 energy-balance drift: model gen 194.04 vs EIA-930 net gen 186.37 (+7.67 TWh) exceeds ±3.0 tol
    note: EIA-930 'gas' (79.0) folds in geothermal+biomass (~9.2 TWh here); compare model gas to the EIA-923 cell, not EIA-930.

  [1b] Renewable curtailment — 2025: no CAISO HSL parquet; build with scripts/build_caiso_hsl.py (ERCOT 2024+ needs the NP6 report uploads under data/raw/ercot-hsl/np6/)

  [2] Net interchange (EIA sign: + = net export)
    actual (EIA-930): -36.16 TWh (-4127 MW avg)
    priced-node fit  : duration RMSE 556 MW (offline tranche fit, optimal placement; P9)
    model            : -32.90 TWh (-3756 MW avg; priced import/export node)
    duration curve   : RMSE 1097 MW; p01/p10/p50/p90/p99 model -7500/-7500/-3139/+0/+0 vs actual -9335/-7194/-4670/-128/+2736
    import hours     : model 86.8% vs actual 90.9%
    diurnal shape    : corr -0.78; model peak->trough 4501 MW vs actual 4973 MW

  [2b] Battery cycling — 2025 (model EIA-860 fleet vs EIA-930 BAT)
                                metric  model  EIA-930
                         discharge TWh   9.70        —
                            charge TWh  11.41        —
    evening (h17-22) discharge share %   64.7        —
    (no EIA-930 battery series in this BA extract — model throughput reported alone)
    pumped-storage discharge: model 4.82 TWh; EIA-930 —

  [3] Zonal price level ($/MWh)
    zone                avg  neg-hrs
    NP15              47.04       17
    SP15              47.04       17
    WECC_import       44.88       63
    ZP26              47.04       17

  [3] System price duration ($/MWh)
    avg    46.50   max    80.85   p90   61.53   p50   47.91   p10   30.57   min   -20.00
    negative-price hours: 32
