INFO: CAISO backcast: NP6 HSL and coal must-run tuning are ERCOT-only and skipped; per-plant CAMPD + EIA-923 benchmark built for the covered states; the report compares fuel mix, prices and net interchange.
INFO: Loaded CAISO fleet from EIA-860 parquet (782 generators)
INFO: Binned fleet cache for CAISO is up to date — loaded from caiso_fleet_binned.parquet
INFO: solving CAISO 2024 (hours=8760, Henry Hub=$2.19/MMBtu, commitment=False)
WARNING: capacity-deliverability: clean partition for CAISO absent; run scripts/curate_capacity_deliverability.py. Returning no limits.
WARNING: capacity-deliverability: clean partition for CAISO absent; run scripts/curate_capacity_deliverability.py. Returning no limits.
INFO: CAISO 2024: endogenous solar spill — full solar potential passed to LP (no pre-LP CF derate); solar sets the midday dual when curtailed
INFO: CAISO 2024: WECC corridor deliverability cap on 2 link(s) — measured p95 ATC proxy; median import DSW 5.0 GW / PNW 1.7 GW; midday tighter; export-direction cap on (evening net-export ~0 → no wheel-out): median export DSW 0.0 GW / PNW 1.0 GW
INFO: loaded 26 within-window retiree units for CAISO (1066 MW, plants [356, 7232, 10446, 50388, 50632, 50837, 54626, 57544, 57714, 58296, 58298, 58300, 58301, 59456, 59800, 59804, 59805, 60100, 63604, 63607])
INFO: Loaded CAISO fleet from EIA-860 parquet (782 generators)
INFO: Binned fleet cache for CAISO is up to date — loaded from caiso_fleet_binned.parquet
INFO: Loaded CAISO fleet from EIA-860 parquet (782 generators)
INFO: Binned fleet cache for CAISO is up to date — loaded from caiso_fleet_binned.parquet
INFO: loaded 26 within-window retiree units for CAISO (1066 MW, plants [356, 7232, 10446, 50388, 50632, 50837, 54626, 57544, 57714, 58296, 58298, 58300, 58301, 59456, 59800, 59804, 59805, 60100, 63604, 63607])
INFO: unit-outage derate (CAISO 2024): 230 plant-tranches derated
INFO: CC_REGULAR outage derate reallocated top-of-stack for 28 plant(s)
INFO: COD ramp (CAISO 2024): 326 unit-months masked offline (mid-year COD / retirement), 11 unit(s) fully not-yet-built/retired
INFO: CAISO 2024 hydro budget pinned to monthly target total 22678.0 GWh (was 21484.8 GWh)
INFO: Loaded CAISO 2024 hydro budget: 160 plants, 22678.0 GWh annual, 6568 MW nameplate
INFO: CAISO 2024: 160 hydro plants in LP (6568 MW, 22.68 TWh monthly budget)
INFO: CAISO 2024: priced import/export node — 6 import tranches (11400 MW), 2 export sinks (15423 MW)
INFO: unit-outage derate (CAISO 2024): 230 plant-tranches derated
INFO: CC_REGULAR outage derate reallocated top-of-stack for 28 plant(s)
INFO: COD ramp (CAISO 2024): 340 unit-months masked offline (mid-year COD / retirement), 12 unit(s) fully not-yet-built/retired
INFO: CAISO 2024: CT_PEAKER net-load reliability-drag floor applied (frac = clip(0.00901*netGW -0.1124, 0, 0.36) in ramp 15h-22h)
INFO: CAISO 2024: reliability floor — 1 enabled limb spec(s) applied from RELIABILITY_FLOOR_REGISTRY
INFO: F923 fuel costs for 2024: 64 generators priced from their own plant, 911 gap-filled from nearby (state/zone) plants
INFO: hub-basis overlay (CAISO 2024, monthly): 1102 gas generators repriced at the measured hub spot in 12/12 months (winter max 5.86 $/MMBtu)
INFO: CAISO 2024: per-hub WECC intertie — two signed corridors (Malin/COI → NP15, Palo Verde/Path-46 → SP15), each priced at its OWN measured hub (per-hub basis + per-hub netting, arbitrage-free, one direction per hour per corridor) — firm/contracted tranches held at contract cost (caiso_perhub_firm_base)
INFO: Matrix build: 1.979s, Solve: 119.307s (cold)
INFO: Matrix build: 1.979s, Solve: 19.859s (warm)
INFO: Matrix build: 2.025s, Solve: 137.864s (cold)
INFO: EIA-923 2024: CAMPD-backfilled 1 under-reported plants (1 replaced, 0 added)
INFO: EIA-923 2024 wind 15.42 TWh under-counts EIA-930 20.06 TWh; using EIA-930 grid total
INFO: wrote calibration bundle to results/calibration/caiso52_probeX_nolimbs_2024

================================================================================
  CALIBRATION REPORT  (CAISO; run 2026-07-03T19:24:50; git a0625a3)
  bundle: results/calibration/caiso52_probeX_nolimbs_2024
================================================================================

================================================================================
  CAISO 2024 BACKCAST  (energy-only)
================================================================================

  [1] Generation by fuel (TWh; share of own total)
    (EIA-930 column = measured grid total (net gen = demand + interchange): itemized fuels + repaired renewables + carried biomass
     + unspecified 'other' residual — the like-for-like actual total. EIA-923 column = raw reference vintage, biomass/other incomplete in a
     partial current-year release.)
    fuel        model  mdl% EIA-930  930% EIA-923  923%
    coal         0.15   0.1   -0.00  -0.0    0.25   0.2
    gas         77.33  38.9   85.37  44.8   67.68  43.4
    nuclear     18.20   9.2   18.35   9.6   18.38  11.8
    wind        20.29  10.2   20.06  10.5       —     —
    solar       47.87  24.1   44.64  23.4       —     —
    hydro       22.30  11.2   22.73  11.9       —     —
    oil          0.00     —    0.52   0.3       —     —
    biomass      4.41   2.2    4.41   2.3       —     —
    other        8.08   4.1   -1.10  -0.6       —     —
    TOTAL      198.62 100.0  190.56 100.0  155.83 100.0
    import      26.75  11.9   32.38  14.5       —     —   (net; serves load, not in generation total)
    energy balance: model gen  198.62 − EIA-930 net gen  190.56 =  +8.06 TWh (tol ±3.0)  ⚠ exceeds tol
WARNING: CAISO 2024 energy-balance drift: model gen 198.62 vs EIA-930 net gen 190.56 (+8.06 TWh) exceeds ±3.0 tol
    note: EIA-930 'gas' (85.4) folds in geothermal+biomass (~12.5 TWh here); compare model gas to the EIA-923 cell, not EIA-930.

  [1b] Renewable curtailment — 2024 (model re-curtailment vs ISO-reported; potential = uncurtailed HSL)
     fuel  potential TWh  model TWh  model curt  model %  reported curt  reported %
     wind          20.29      20.29       0.000     0.00          0.229        1.13
    solar          47.91      47.87       0.038     0.08          3.170        6.62

    Monthly curtailment (GWh):
    month  wind mdl  wind rep  solar mdl  solar rep
      Jan       0.0       5.5        0.0       95.5
      Feb       0.0      13.6        0.0      191.0
      Mar       0.0      54.7        3.0      675.6
      Apr       0.0      41.8       22.2      797.8
      May       0.0      57.2       12.4      638.1
      Jun       0.0      27.4        0.0      219.2
      Jul       0.0       5.1        0.0       62.5
      Aug       0.0       0.8        0.0       70.8
      Sep       0.0       2.3        0.0      118.4
      Oct       0.0       9.5        0.0      142.4
      Nov       0.0       5.3        0.0      141.7
      Dec       0.0       5.8        0.0       16.6

  [2] Net interchange (EIA sign: + = net export)
    actual (EIA-930): -32.38 TWh (-3696 MW avg)
    priced-node fit  : duration RMSE 560 MW (offline tranche fit, optimal placement; P9)
    model            : -26.75 TWh (-3053 MW avg; priced import/export node)
    duration curve   : RMSE 1475 MW; p01/p10/p50/p90/p99 model -7500/-5317/-2548/-784/-155 vs actual -8302/-6750/-4183/+152/+3538
    import hours     : model 99.5% vs actual 89.0%
    diurnal shape    : corr -0.18; model peak->trough 2549 MW vs actual 4596 MW

  [2b] Battery cycling — 2024 (model EIA-860 fleet vs EIA-930 BAT)
                                metric  model  EIA-930
                         discharge TWh   6.30        —
                            charge TWh   7.41        —
    evening (h17-22) discharge share %   81.9        —
    (no EIA-930 battery series in this BA extract — model throughput reported alone)
    pumped-storage discharge: model 2.83 TWh; EIA-930 —

  [3] Zonal price level ($/MWh)
    zone                avg  neg-hrs
    NP15              42.41      111
    SP15              45.74      119
    WECC_DSW          42.77      381
    WECC_PNW          37.59      212
    ZP26              42.38      119

  [3] System price duration ($/MWh)
    avg    42.18   max    67.91   p90   56.15   p50   44.31   p10   26.23   min   -22.40
    negative-price hours: 160
