replaying results/calibration/caiso157_restore_B (CAISO [2023, 2024, 2025]) ...
WARNING: eGRID plant 55641 heat rate 14.964 MMBtu/MWh exceeds the combined-cycle physical ceiling 11.500 (PLHTIAN spans co-located plant 64020, 454 m away, whose 2 unit(s) eGRID double-counts) — reconciled to 6.880
WARNING: CAISO: CC plant 55985 fleet pmax sum 581.4 MW exceeds trusted bound 559.0 MW (nameplate; corrupt summer-capacity rows) — reconciled (22.4 MW removed)
WARNING: CAISO: CC plant 56041 fleet pmax sum 139.0 MW exceeds trusted bound 130.0 MW (nameplate; corrupt summer-capacity rows) — reconciled (9.0 MW removed)
INFO: Loaded CAISO fleet from EIA-860 parquet (782 generators)
INFO: Rebuilt binned fleet cache for CAISO — 782 plants → caiso_fleet_binned.parquet
WARNING: CAISO TAC-area load for 2023 covers 744/8760 hours; uncovered hours use the sample-average zone shares
INFO: solving CAISO 2023 (hours=8760, Henry Hub=$2.54/MMBtu, commitment=False)
INFO: CAISO 2023: capacity_deliverability_limits — seam import cap set to 16055 MW (summed per-area import_limit, delivery year 2023)
INFO: CAISO 2023: endogenous solar spill — full solar potential passed to LP (no pre-LP CF derate); solar sets the midday dual when curtailed
INFO: CAISO 2023: WECC corridor deliverability cap on 2 link(s) — measured p95 ATC proxy; median import DSW 5.2 GW / PNW 1.3 GW; midday tighter; export-direction cap on (evening net-export ~0 → no wheel-out): median export DSW 0.0 GW / PNW 1.4 GW
INFO: loaded 26 within-window retiree units for CAISO (1066 MW, plants [356, 7232, 10446, 50388, 50632, 50837, 54626, 57544, 57714, 58296, 58298, 58300, 58301, 59456, 59800, 59804, 59805, 60100, 63604, 63607])
WARNING: CAISO: CC plant 55985 fleet pmax sum 581.4 MW exceeds trusted bound 559.0 MW (nameplate; corrupt summer-capacity rows) — reconciled (22.4 MW removed)
WARNING: CAISO: CC plant 56041 fleet pmax sum 139.0 MW exceeds trusted bound 130.0 MW (nameplate; corrupt summer-capacity rows) — reconciled (9.0 MW removed)
INFO: Loaded CAISO fleet from EIA-860 parquet (782 generators)
INFO: CAISO: measured power-only CHP heat rates applied to 57 generator(s) across 30 (plant, class) pair(s)
INFO: Binned fleet cache for CAISO is up to date — loaded from caiso_fleet_binned.parquet
INFO: CAISO nuclear unit-availability overlay (2023): 0 reactor(s) on measured daily windows (uncovered dates keep the monthly CF)
WARNING: CAISO: CC plant 55985 fleet pmax sum 581.4 MW exceeds trusted bound 559.0 MW (nameplate; corrupt summer-capacity rows) — reconciled (22.4 MW removed)
WARNING: CAISO: CC plant 56041 fleet pmax sum 139.0 MW exceeds trusted bound 130.0 MW (nameplate; corrupt summer-capacity rows) — reconciled (9.0 MW removed)
INFO: Loaded CAISO fleet from EIA-860 parquet (782 generators)
INFO: Binned fleet cache for CAISO is up to date — loaded from caiso_fleet_binned.parquet
INFO: loaded 26 within-window retiree units for CAISO (1066 MW, plants [356, 7232, 10446, 50388, 50632, 50837, 54626, 57544, 57714, 58296, 58298, 58300, 58301, 59456, 59800, 59804, 59805, 60100, 63604, 63607])
INFO: unit-outage derate (CAISO 2023): 275 plant-tranches derated
INFO: CC_REGULAR outage derate reallocated top-of-stack for 28 plant(s)
INFO: COD ramp (CAISO 2023): 135 unit-months masked offline (mid-year COD / retirement), 11 unit(s) fully not-yet-built/retired
WARNING: CAISO: CC plant 55985 fleet pmax sum 581.4 MW exceeds trusted bound 559.0 MW (nameplate; corrupt summer-capacity rows) — reconciled (22.4 MW removed)
WARNING: CAISO: CC plant 56041 fleet pmax sum 139.0 MW exceeds trusted bound 130.0 MW (nameplate; corrupt summer-capacity rows) — reconciled (9.0 MW removed)
INFO: Loaded CAISO fleet from EIA-860 parquet (782 generators)
INFO: CAISO: measured power-only CHP heat rates applied to 57 generator(s) across 30 (plant, class) pair(s)
INFO: Binned fleet cache for CAISO is up to date — loaded from caiso_fleet_binned.parquet
INFO: CAISO 2023 hydro budget: backfilled 5 non-reporting plants (418.5 GWh) from 2024
INFO: CAISO 2023 hydro budget: nameplate-aware rescale re-allocated 130.2 GWh over 70 clipped plant-months (0.0 GWh physically unattainable)
INFO: CAISO 2023 hydro budget pinned to monthly target total 24401.6 GWh (was 24320.4 GWh)
INFO: Loaded CAISO 2023 hydro budget: 171 plants, 24401.6 GWh annual, 6620 MW nameplate
INFO: CAISO 2023: RoR split — 69/171 plants flat at their monthly water (12.2% of the 24.40 TWh budget; fleet flat base 148-509 MW by month; 1 plants unclassified -> shapeable)
INFO: CAISO 2023: min-flow floor reconciled with the RoR split — fleet Q95 level reduced by the RoR flat base (148-509 MW by month) and allocated over the reservoir class only
INFO: CAISO 2023: hydro min-flow floor on 102 units — fleet level 373-1593 MW by month (8.32 TWh, 34% of the 24.40 TWh budget)
INFO: CAISO 2023: 171 hydro plants in LP (6620 MW, 24.40 TWh monthly budget)
INFO: CAISO 2023: priced import/export node — 6 import tranches (12171 MW), 2 export sinks (15423 MW)
INFO: CAISO nuclear unit-availability overlay (2023): 2 reactor(s) on measured daily windows (uncovered dates keep the monthly CF)
INFO: unit-outage derate (CAISO 2023): 275 plant-tranches derated
INFO: CC_REGULAR outage derate reallocated top-of-stack for 28 plant(s)
INFO: COD ramp (CAISO 2023): 146 unit-months masked offline (mid-year COD / retirement), 11 unit(s) fully not-yet-built/retired
INFO: F923 fuel costs for 2023: 81 generators priced from their own plant, 1149 gap-filled from nearby (state/zone) plants
INFO: hub-basis overlay (CAISO 2023, daily): 1405 gas generators repriced at the measured hub spot in 12/12 months (winter max 24.75 $/MMBtu)
INFO: gas offer net-revenue margin: 1275 tranches compressed at anchor 4.7964 $/MMBtu (median fixed margin 15.08 $/MWh, max 298.38)
INFO: CAISO conditional offer surface: repriced 380 gas peak-rung rows across 4 net-load bins (tightest bin binds 263/8760 hours); P1-only, loose hours byte-identical
INFO: CAISO 2023: firm import blocks shaped by the measured revealed base profile (DMM level × unit-mean (month × hod) median of measured corridor net imports; flat block replaced by an hour-varying capability) — capability clipped at each corridor's measured deliverability envelope (caiso-138)
INFO: CAISO 2023: firm import blocks floored at their shaped capability (self-scheduled must-flow contracted base; MECH_FIRM_IMPORT) — floor clipped at the measured price-insensitive intertie ceiling from CAISO's own DAM bids (caiso-151)
INFO: CAISO 2023: south-corridor surplus-clean import depth armed (WEIM clean transfer: measured depth-in-surplus 5312.0 MW net of the shaped firm block, surplus-trigger hours only, EF 0)
INFO: CAISO 2023: south-corridor OVERNIGHT clean import depth armed (WEIM clean transfer: measured unconditional overnight depth 5870.0 MW net of the shaped firm block + surplus tranche, hod 0-5 measured-hub hours, EF 0, raw hub)
INFO: CAISO 2023: south-corridor DAYTIME trigger-OFF clean import depth armed (WEIM clean transfer: measured daytime trigger-OFF depth 4994.0 MW net of the shaped firm block + surplus + overnight tranches, hod 6-17 measured-hub trigger-OFF hours, EF 0, raw hub)
INFO: CAISO 2023: per-hub WECC intertie — two signed corridors (Malin/COI → NP15, Palo Verde/Path-46 → SP15), each priced at its OWN measured hub (per-hub basis + per-hub netting, arbitrage-free, one direction per hour per corridor) — firm/contracted tranches held at contract cost (caiso_perhub_firm_base)
INFO: CAISO storage shape envelope (2023): belly(10-14) charge cap mean 4443 MW vs fleet power 7602 MW; evening(17-21) discharge cap mean 4702 MW
INFO: CAISO 2023: hydro deliverability envelope on 171 units (evening p95 5578 MW)
INFO: Matrix build: 2.484s, Solve: 194.340s (cold)
INFO: Matrix build: 1.920s, Solve: 177.242s (cold)
INFO: EIA-923 2023: CAMPD-backfilled 1 under-reported plant(s) across 1 class-row(s) (1 replaced, 0 added)
INFO: EIA-923 2023 wind 13.94 TWh under-counts EIA-930 16.40 TWh; using EIA-930 grid total
INFO: year 2023 phase timing: data_prep=60.2s solve_p0=194.3s markup=26.2s solve_p1=177.2s results_write=19.8s total=477.8s (results_write: state=0.3s frames=14.8s parquet=2.2s bench=2.4s)
INFO: year 2023 memory after release: resident=0.70 GB peak=7.60 GB (malloc_trim=yes) | accumulators 0.02 GB (campd=0.01)
INFO: year 2023 glibc arena: total=1.25 GB in_use=0.07 GB free_retained=1.18 GB mmapped=0.19 GB trim_top=0.00 GB
INFO: year 2023 retained heap: ndarray=0.04 GB (n=227) [pandas=0.05 GB n=13, sparse=0.00 GB n=0 — slices, not additions] | 24 populated cache(s), 26 entries | top: _chp_by_plant=2, thermal_tranche_overrides=2, _load_cod_map=1, _iso_plant_capacity=1, nuclear_unit_availability_series=1
INFO: year 2023 retained frame: 22.9 MB  126342 x 20  cols=plant_id,plant_name,prime_mover,fuel_type,chp,netgen_annual_mwh,ba_code,netgen_january_mwh,netgen_february_mwh,netgen_march_mwh,netgen_april_mwh,netgen_may_mwh
INFO: year 2023 retained frame: 12.9 MB  963600 x 4  cols=year,plant_id,hour,net_mw
INFO: year 2023 retained frame: 4.4 MB  68919 x 7  cols=year,month,plant_id,state,fuel_group,price_per_mmbtu,quantity
INFO: year 2023 retained frame: 4.1 MB  61320 x 9  cols=year,pass,zone,hour,price,slack,dump,demand,reserve_price
INFO: year 2023 retained frame: 2.8 MB  52560 x 6  cols=year,pass,from_zone,to_zone,hour,mw
INFO: year 2023 retained frame: 2.3 MB  87600 x 4  cols=year,series,hour,mw
WARNING: CAISO: CC plant 55985 fleet pmax sum 581.4 MW exceeds trusted bound 559.0 MW (nameplate; corrupt summer-capacity rows) — reconciled (22.4 MW removed)
WARNING: CAISO: CC plant 56041 fleet pmax sum 139.0 MW exceeds trusted bound 130.0 MW (nameplate; corrupt summer-capacity rows) — reconciled (9.0 MW removed)
INFO: Loaded CAISO fleet from EIA-860 parquet (782 generators)
INFO: Binned fleet cache for CAISO is up to date — loaded from caiso_fleet_binned.parquet
WARNING: CAISO TAC-area load for 2024 covers 8758/8760 hours; uncovered hours use the sample-average zone shares
INFO: solving CAISO 2024 (hours=8760, Henry Hub=$2.19/MMBtu, commitment=False)
INFO: CAISO 2024: capacity_deliverability_limits — seam import cap set to 16452 MW (summed per-area import_limit, delivery year 2024)
INFO: CAISO 2024: endogenous solar spill — full solar potential passed to LP (no pre-LP CF derate); solar sets the midday dual when curtailed
INFO: CAISO 2024: WECC corridor deliverability cap on 2 link(s) — measured p95 ATC proxy; median import DSW 5.0 GW / PNW 1.7 GW; midday tighter; export-direction cap on (evening net-export ~0 → no wheel-out): median export DSW 0.0 GW / PNW 1.0 GW
INFO: loaded 26 within-window retiree units for CAISO (1066 MW, plants [356, 7232, 10446, 50388, 50632, 50837, 54626, 57544, 57714, 58296, 58298, 58300, 58301, 59456, 59800, 59804, 59805, 60100, 63604, 63607])
WARNING: CAISO: CC plant 55985 fleet pmax sum 581.4 MW exceeds trusted bound 559.0 MW (nameplate; corrupt summer-capacity rows) — reconciled (22.4 MW removed)
WARNING: CAISO: CC plant 56041 fleet pmax sum 139.0 MW exceeds trusted bound 130.0 MW (nameplate; corrupt summer-capacity rows) — reconciled (9.0 MW removed)
INFO: Loaded CAISO fleet from EIA-860 parquet (782 generators)
INFO: CAISO: measured power-only CHP heat rates applied to 57 generator(s) across 30 (plant, class) pair(s)
INFO: Binned fleet cache for CAISO is up to date — loaded from caiso_fleet_binned.parquet
INFO: CAISO nuclear unit-availability overlay (2024): 0 reactor(s) on measured daily windows (uncovered dates keep the monthly CF)
INFO: unit-outage derate (CAISO 2024): 261 plant-tranches derated
INFO: CC_REGULAR outage derate reallocated top-of-stack for 28 plant(s)
INFO: COD ramp (CAISO 2024): 366 unit-months masked offline (mid-year COD / retirement), 11 unit(s) fully not-yet-built/retired
WARNING: CAISO: CC plant 55985 fleet pmax sum 581.4 MW exceeds trusted bound 559.0 MW (nameplate; corrupt summer-capacity rows) — reconciled (22.4 MW removed)
WARNING: CAISO: CC plant 56041 fleet pmax sum 139.0 MW exceeds trusted bound 130.0 MW (nameplate; corrupt summer-capacity rows) — reconciled (9.0 MW removed)
INFO: Loaded CAISO fleet from EIA-860 parquet (782 generators)
INFO: CAISO: measured power-only CHP heat rates applied to 57 generator(s) across 30 (plant, class) pair(s)
INFO: Binned fleet cache for CAISO is up to date — loaded from caiso_fleet_binned.parquet
INFO: CAISO 2024 hydro budget: nameplate-aware rescale re-allocated 352.7 GWh over 52 clipped plant-months (0.0 GWh physically unattainable)
INFO: CAISO 2024 hydro budget pinned to monthly target total 22678.0 GWh (was 21484.8 GWh)
INFO: Loaded CAISO 2024 hydro budget: 160 plants, 22678.0 GWh annual, 6568 MW nameplate
INFO: CAISO 2024: RoR split — 61/160 plants flat at their monthly water (11.2% of the 22.68 TWh budget; fleet flat base 82-554 MW by month; 1 plants unclassified -> shapeable)
INFO: CAISO 2024: min-flow floor reconciled with the RoR split — fleet Q95 level reduced by the RoR flat base (82-554 MW by month) and allocated over the reservoir class only
INFO: CAISO 2024: hydro min-flow floor on 99 units — fleet level 518-1281 MW by month (7.04 TWh, 31% of the 22.68 TWh budget)
INFO: CAISO 2024: 160 hydro plants in LP (6568 MW, 22.68 TWh monthly budget)
INFO: CAISO 2024: priced import/export node — 6 import tranches (12171 MW), 2 export sinks (15423 MW)
INFO: CAISO nuclear unit-availability overlay (2024): 2 reactor(s) on measured daily windows (uncovered dates keep the monthly CF)
INFO: unit-outage derate (CAISO 2024): 261 plant-tranches derated
INFO: CC_REGULAR outage derate reallocated top-of-stack for 28 plant(s)
INFO: COD ramp (CAISO 2024): 380 unit-months masked offline (mid-year COD / retirement), 12 unit(s) fully not-yet-built/retired
INFO: F923 fuel costs for 2024: 81 generators priced from their own plant, 1157 gap-filled from nearby (state/zone) plants
INFO: hub-basis overlay (CAISO 2024, daily): 1408 gas generators repriced at the measured hub spot in 12/12 months (winter max 17.80 $/MMBtu)
INFO: gas offer net-revenue margin: 1278 tranches compressed at anchor 4.7964 $/MMBtu (median fixed margin 15.59 $/MWh, max 298.38)
INFO: CAISO conditional offer surface: repriced 380 gas peak-rung rows across 4 net-load bins (tightest bin binds 263/8760 hours); P1-only, loose hours byte-identical
INFO: CAISO 2024: firm import blocks shaped by the measured revealed base profile (DMM level × unit-mean (month × hod) median of measured corridor net imports; flat block replaced by an hour-varying capability) — capability clipped at each corridor's measured deliverability envelope (caiso-138)
INFO: CAISO 2024: firm import blocks floored at their shaped capability (self-scheduled must-flow contracted base; MECH_FIRM_IMPORT) — floor clipped at the measured price-insensitive intertie ceiling from CAISO's own DAM bids (caiso-151)
INFO: CAISO 2024: south-corridor surplus-clean import depth armed (WEIM clean transfer: measured depth-in-surplus 4792.0 MW net of the shaped firm block, surplus-trigger hours only, EF 0)
INFO: CAISO 2024: south-corridor OVERNIGHT clean import depth armed (WEIM clean transfer: measured unconditional overnight depth 6205.0 MW net of the shaped firm block + surplus tranche, hod 0-5 measured-hub hours, EF 0, raw hub)
INFO: CAISO 2024: south-corridor DAYTIME trigger-OFF clean import depth armed (WEIM clean transfer: measured daytime trigger-OFF depth 5563.0 MW net of the shaped firm block + surplus + overnight tranches, hod 6-17 measured-hub trigger-OFF hours, EF 0, raw hub)
INFO: CAISO 2024: per-hub WECC intertie — two signed corridors (Malin/COI → NP15, Palo Verde/Path-46 → SP15), each priced at its OWN measured hub (per-hub basis + per-hub netting, arbitrage-free, one direction per hour per corridor) — firm/contracted tranches held at contract cost (caiso_perhub_firm_base)
INFO: CAISO storage shape envelope (2024): belly(10-14) charge cap mean 6878 MW vs fleet power 11355 MW; evening(17-21) discharge cap mean 7417 MW
INFO: CAISO 2024: hydro deliverability envelope on 160 units (evening p95 5225 MW)
INFO: Matrix build: 2.230s, Solve: 162.031s (cold)
INFO: Matrix build: 1.990s, Solve: 168.358s (cold)
INFO: EIA-923 2024: CAMPD-backfilled 1 under-reported plant(s) across 1 class-row(s) (1 replaced, 0 added)
INFO: EIA-923 2024 wind 15.42 TWh under-counts EIA-930 20.06 TWh; using EIA-930 grid total
INFO: year 2024 phase timing: data_prep=8.1s solve_p0=162.0s markup=22.3s solve_p1=168.4s results_write=18.2s total=379.0s (results_write: state=0.4s frames=13.6s parquet=2.2s bench=2.1s)
INFO: year 2024 memory after release: resident=0.78 GB peak=7.93 GB (malloc_trim=yes) | accumulators 0.05 GB (campd=0.03)
INFO: year 2024 glibc arena: total=2.23 GB in_use=0.09 GB free_retained=2.14 GB mmapped=0.19 GB trim_top=0.00 GB
INFO: year 2024 retained heap: ndarray=0.06 GB (n=322) [pandas=0.07 GB n=21, sparse=0.00 GB n=0 — slices, not additions] | 24 populated cache(s), 33 entries | top: _chp_by_plant=3, nuclear_unit_availability_series=2, unit_outage_derate_factors=2, coal_chp_overrides=2, _measured_plant_rate_map_v2=2
INFO: year 2024 retained frame: 22.9 MB  126342 x 20  cols=plant_id,plant_name,prime_mover,fuel_type,chp,netgen_annual_mwh,ba_code,netgen_january_mwh,netgen_february_mwh,netgen_march_mwh,netgen_april_mwh,netgen_may_mwh
INFO: year 2024 retained frame: 12.9 MB  963600 x 4  cols=year,plant_id,hour,net_mw
INFO: year 2024 retained frame: 12.7 MB  954840 x 4  cols=year,plant_id,hour,net_mw
INFO: year 2024 retained frame: 4.4 MB  68919 x 7  cols=year,month,plant_id,state,fuel_group,price_per_mmbtu,quantity
INFO: year 2024 retained frame: 4.1 MB  61320 x 9  cols=year,pass,zone,hour,price,slack,dump,demand,reserve_price
INFO: year 2024 retained frame: 4.1 MB  61320 x 9  cols=year,pass,zone,hour,price,slack,dump,demand,reserve_price
WARNING: CAISO: CC plant 55985 fleet pmax sum 581.4 MW exceeds trusted bound 559.0 MW (nameplate; corrupt summer-capacity rows) — reconciled (22.4 MW removed)
WARNING: CAISO: CC plant 56041 fleet pmax sum 139.0 MW exceeds trusted bound 130.0 MW (nameplate; corrupt summer-capacity rows) — reconciled (9.0 MW removed)
INFO: Loaded CAISO fleet from EIA-860 parquet (782 generators)
INFO: Binned fleet cache for CAISO is up to date — loaded from caiso_fleet_binned.parquet
WARNING: CAISO TAC-area load for 2025 covers 8759/8760 hours; uncovered hours use the sample-average zone shares
INFO: solving CAISO 2025 (hours=8760, Henry Hub=$3.52/MMBtu, commitment=False)
INFO: CAISO 2025: capacity_deliverability_limits — seam import cap set to 16148 MW (summed per-area import_limit, delivery year 2025)
INFO: CAISO 2025: endogenous solar spill — full solar potential passed to LP (no pre-LP CF derate); solar sets the midday dual when curtailed
INFO: CAISO 2025: WECC corridor deliverability cap on 2 link(s) — measured p95 ATC proxy; median import DSW 5.2 GW / PNW 1.9 GW; midday tighter; export-direction cap on (evening net-export ~0 → no wheel-out): median export DSW 0.0 GW / PNW 0.3 GW
INFO: loaded 26 within-window retiree units for CAISO (1066 MW, plants [356, 7232, 10446, 50388, 50632, 50837, 54626, 57544, 57714, 58296, 58298, 58300, 58301, 59456, 59800, 59804, 59805, 60100, 63604, 63607])
WARNING: CAISO: CC plant 55985 fleet pmax sum 581.4 MW exceeds trusted bound 559.0 MW (nameplate; corrupt summer-capacity rows) — reconciled (22.4 MW removed)
WARNING: CAISO: CC plant 56041 fleet pmax sum 139.0 MW exceeds trusted bound 130.0 MW (nameplate; corrupt summer-capacity rows) — reconciled (9.0 MW removed)
INFO: Loaded CAISO fleet from EIA-860 parquet (782 generators)
INFO: CAISO: measured power-only CHP heat rates applied to 57 generator(s) across 30 (plant, class) pair(s)
INFO: Binned fleet cache for CAISO is up to date — loaded from caiso_fleet_binned.parquet
INFO: CAISO nuclear unit-availability overlay (2025): 0 reactor(s) on measured daily windows (uncovered dates keep the monthly CF)
INFO: unit-outage derate (CAISO 2025): 311 plant-tranches derated
INFO: CC_REGULAR outage derate reallocated top-of-stack for 28 plant(s)
INFO: COD ramp (CAISO 2025): 408 unit-months masked offline (mid-year COD / retirement), 34 unit(s) fully not-yet-built/retired
WARNING: CAISO: CC plant 55985 fleet pmax sum 581.4 MW exceeds trusted bound 559.0 MW (nameplate; corrupt summer-capacity rows) — reconciled (22.4 MW removed)
WARNING: CAISO: CC plant 56041 fleet pmax sum 139.0 MW exceeds trusted bound 130.0 MW (nameplate; corrupt summer-capacity rows) — reconciled (9.0 MW removed)
INFO: Loaded CAISO fleet from EIA-860 parquet (782 generators)
INFO: CAISO: measured power-only CHP heat rates applied to 57 generator(s) across 30 (plant, class) pair(s)
INFO: Binned fleet cache for CAISO is up to date — loaded from caiso_fleet_binned.parquet
INFO: CAISO 2025 hydro budget: backfilled 134 non-reporting plants (8069.1 GWh) from 2024
INFO: CAISO 2025 hydro budget: nameplate-aware rescale re-allocated 26.3 GWh over 27 clipped plant-months (0.0 GWh physically unattainable)
INFO: CAISO 2025 hydro budget pinned to monthly target total 21319.1 GWh (was 20388.3 GWh)
INFO: Loaded CAISO 2025 hydro budget: 160 plants, 21319.1 GWh annual, 6568 MW nameplate
INFO: CAISO 2025: RoR split — 61/160 plants flat at their monthly water (10.2% of the 21.32 TWh budget; fleet flat base 104-454 MW by month; 1 plants unclassified -> shapeable)
INFO: CAISO 2025: min-flow floor reconciled with the RoR split — fleet Q95 level reduced by the RoR flat base (104-454 MW by month) and allocated over the reservoir class only
INFO: CAISO 2025: hydro min-flow floor on 99 units — fleet level 0-1225 MW by month (5.51 TWh, 26% of the 21.32 TWh budget)
INFO: CAISO 2025: 160 hydro plants in LP (6568 MW, 21.32 TWh monthly budget)
INFO: CAISO 2025: priced import/export node — 6 import tranches (12171 MW), 2 export sinks (15423 MW)
INFO: CAISO nuclear unit-availability overlay (2025): 2 reactor(s) on measured daily windows (uncovered dates keep the monthly CF)
INFO: unit-outage derate (CAISO 2025): 311 plant-tranches derated
INFO: CC_REGULAR outage derate reallocated top-of-stack for 28 plant(s)
INFO: COD ramp (CAISO 2025): 432 unit-months masked offline (mid-year COD / retirement), 36 unit(s) fully not-yet-built/retired
INFO: F923 fuel costs for 2025: 81 generators priced from their own plant, 1148 gap-filled from nearby (state/zone) plants
INFO: hub-basis overlay (CAISO 2025, daily): 1411 gas generators repriced at the measured hub spot in 9/12 months (winter max 6.07 $/MMBtu)
INFO: gas offer net-revenue margin: 1281 tranches compressed at anchor 4.7964 $/MMBtu (median fixed margin 15.05 $/MWh, max 298.38)
INFO: CAISO conditional offer surface: repriced 380 gas peak-rung rows across 4 net-load bins (tightest bin binds 263/8760 hours); P1-only, loose hours byte-identical
INFO: CAISO 2025: firm import blocks shaped by the measured revealed base profile (DMM level × unit-mean (month × hod) median of measured corridor net imports; flat block replaced by an hour-varying capability) — capability clipped at each corridor's measured deliverability envelope (caiso-138)
INFO: CAISO 2025: firm import blocks floored at their shaped capability (self-scheduled must-flow contracted base; MECH_FIRM_IMPORT) — floor clipped at the measured price-insensitive intertie ceiling from CAISO's own DAM bids (caiso-151)
INFO: CAISO 2025: south-corridor surplus-clean import depth armed (WEIM clean transfer: measured depth-in-surplus 5472.0 MW net of the shaped firm block, surplus-trigger hours only, EF 0)
INFO: CAISO 2025: south-corridor OVERNIGHT clean import depth armed (WEIM clean transfer: measured unconditional overnight depth 6487.0 MW net of the shaped firm block + surplus tranche, hod 0-5 measured-hub hours, EF 0, raw hub)
INFO: CAISO 2025: south-corridor DAYTIME trigger-OFF clean import depth armed (WEIM clean transfer: measured daytime trigger-OFF depth 5770.0 MW net of the shaped firm block + surplus + overnight tranches, hod 6-17 measured-hub trigger-OFF hours, EF 0, raw hub)
INFO: CAISO 2025: per-hub WECC intertie — two signed corridors (Malin/COI → NP15, Palo Verde/Path-46 → SP15), each priced at its OWN measured hub (per-hub basis + per-hub netting, arbitrage-free, one direction per hour per corridor) — firm/contracted tranches held at contract cost (caiso_perhub_firm_base)
INFO: CAISO storage shape envelope (2025): belly(10-14) charge cap mean 8791 MW vs fleet power 15249 MW; evening(17-21) discharge cap mean 9286 MW
INFO: CAISO 2025: hydro deliverability envelope on 160 units (evening p95 4964 MW)
INFO: Matrix build: 2.255s, Solve: 167.590s (cold)
INFO: Matrix build: 1.610s, Solve: 183.107s (cold)
INFO: EIA-923 2025: CAMPD-backfilled 3 under-reported plant(s) across 4 class-row(s) (1 replaced, 3 added)
INFO: EIA-923 2025 wind 4.24 TWh under-counts EIA-930 19.82 TWh; using EIA-930 grid total
INFO: EIA-923 2025 solar 39.76 TWh under-counts EIA-930 49.85 TWh; using EIA-930 grid total
INFO: EIA-923 2025 hydro 12.42 TWh under-counts EIA-930 21.35 TWh; using EIA-930 grid total
INFO: EIA-923 2025 biomass 1.23 TWh incomplete (vintage 73%); carrying 2024 biomass 4.41 TWh x completeness -> 3.23 TWh
INFO: year 2025 phase timing: data_prep=7.9s solve_p0=167.6s markup=23.7s solve_p1=183.1s results_write=19.1s total=401.3s (results_write: state=0.5s frames=14.1s parquet=2.2s bench=2.4s)
INFO: year 2025 memory after release: resident=0.79 GB peak=8.45 GB (malloc_trim=yes) | accumulators 0.07 GB (campd=0.04 system=0.01)
INFO: year 2025 glibc arena: total=3.06 GB in_use=0.12 GB free_retained=2.95 GB mmapped=0.19 GB trim_top=0.00 GB
INFO: year 2025 retained heap: ndarray=0.08 GB (n=423) [pandas=0.10 GB n=29, sparse=0.00 GB n=0 — slices, not additions] | 24 populated cache(s), 40 entries | top: _chp_by_plant=4, nuclear_unit_availability_series=3, unit_outage_derate_factors=3, coal_chp_overrides=3, _measured_plant_rate_map_v2=3
INFO: year 2025 retained frame: 22.9 MB  126342 x 20  cols=plant_id,plant_name,prime_mover,fuel_type,chp,netgen_annual_mwh,ba_code,netgen_january_mwh,netgen_february_mwh,netgen_march_mwh,netgen_april_mwh,netgen_may_mwh
INFO: year 2025 retained frame: 12.9 MB  963600 x 4  cols=year,plant_id,hour,net_mw
INFO: year 2025 retained frame: 12.7 MB  954840 x 4  cols=year,plant_id,hour,net_mw
INFO: year 2025 retained frame: 12.6 MB  946080 x 4  cols=year,plant_id,hour,net_mw
INFO: year 2025 retained frame: 4.4 MB  68919 x 7  cols=year,month,plant_id,state,fuel_group,price_per_mmbtu,quantity
INFO: year 2025 retained frame: 4.1 MB  61320 x 9  cols=year,pass,zone,hour,price,slack,dump,demand,reserve_price
INFO: wrote calibration bundle to results/calibration/caiso156_meter_control_A
solved into results/calibration/caiso156_meter_control_A
