INFO: CAISO backcast: NP6 HSL and coal must-run tuning are ERCOT-only and skipped; per-plant CAMPD + EIA-923 benchmark built for the covered states; the report compares fuel mix, prices and net interchange.
INFO: Loaded CAISO fleet from EIA-860 parquet (782 generators)
INFO: Binned fleet cache for CAISO is up to date — loaded from caiso_fleet_binned.parquet
INFO: solving CAISO 2023 (hours=8760, Henry Hub=$2.54/MMBtu, commitment=False)
INFO: CAISO 2023: capacity_deliverability_limits — seam import cap set to 16055 MW (summed per-area import_limit, delivery year 2023)
INFO: CAISO 2023: endogenous solar spill — full solar potential passed to LP (no pre-LP CF derate); solar sets the midday dual when curtailed
INFO: CAISO 2023: WECC corridor deliverability cap on 2 link(s) — measured p95 ATC proxy; median import DSW 5.2 GW / PNW 1.3 GW; midday tighter; export-direction cap on (evening net-export ~0 → no wheel-out): median export DSW 0.0 GW / PNW 1.4 GW
INFO: loaded 26 within-window retiree units for CAISO (1066 MW, plants [356, 7232, 10446, 50388, 50632, 50837, 54626, 57544, 57714, 58296, 58298, 58300, 58301, 59456, 59800, 59804, 59805, 60100, 63604, 63607])
INFO: Loaded CAISO fleet from EIA-860 parquet (782 generators)
INFO: Binned fleet cache for CAISO is up to date — loaded from caiso_fleet_binned.parquet
INFO: Loaded CAISO fleet from EIA-860 parquet (782 generators)
INFO: Binned fleet cache for CAISO is up to date — loaded from caiso_fleet_binned.parquet
INFO: loaded 26 within-window retiree units for CAISO (1066 MW, plants [356, 7232, 10446, 50388, 50632, 50837, 54626, 57544, 57714, 58296, 58298, 58300, 58301, 59456, 59800, 59804, 59805, 60100, 63604, 63607])
INFO: unit-outage derate (CAISO 2023): 238 plant-tranches derated
INFO: CC_REGULAR outage derate reallocated top-of-stack for 28 plant(s)
INFO: COD ramp (CAISO 2023): 87 unit-months masked offline (mid-year COD / retirement), 7 unit(s) fully not-yet-built/retired
INFO: CAISO 2023 hydro budget pinned to monthly target total 24401.6 GWh (was 23901.9 GWh)
INFO: Loaded CAISO 2023 hydro budget: 166 plants, 24401.6 GWh annual, 6433 MW nameplate
INFO: CAISO 2023: 166 hydro plants in LP (6433 MW, 24.40 TWh monthly budget)
INFO: CAISO 2023: priced import/export node — 6 import tranches (11400 MW), 2 export sinks (15423 MW)
INFO: unit-outage derate (CAISO 2023): 238 plant-tranches derated
INFO: CC_REGULAR outage derate reallocated top-of-stack for 28 plant(s)
INFO: COD ramp (CAISO 2023): 98 unit-months masked offline (mid-year COD / retirement), 7 unit(s) fully not-yet-built/retired
INFO: CAISO 2023: CT_PEAKER net-load reliability-drag floor applied (frac = clip(0.00901*netGW -0.1124, 0, 0.36) in ramp 15h-22h)
INFO: CAISO 2023: reliability floor — 6 enabled limb spec(s) applied from RELIABILITY_FLOOR_REGISTRY
INFO: F923 fuel costs for 2023: 64 generators priced from their own plant, 908 gap-filled from nearby (state/zone) plants
INFO: hub-basis overlay (CAISO 2023, monthly): 1099 gas generators repriced at the measured hub spot in 12/12 months (winter max 28.08 $/MMBtu)
INFO: CAISO 2023: per-hub WECC intertie — two signed corridors (Malin/COI → NP15, Palo Verde/Path-46 → SP15), each priced at its OWN measured hub (per-hub basis + per-hub netting, arbitrage-free, one direction per hour per corridor)
INFO: Matrix build: 2.178s, Solve: 133.494s (cold)
INFO: Matrix build: 2.178s, Solve: 21.129s (warm)
INFO: Matrix build: 2.111s, Solve: 147.664s (cold)
INFO: EIA-923 2023: CAMPD-backfilled 1 under-reported plants (1 replaced, 0 added)
INFO: EIA-923 2023 wind 13.94 TWh under-counts EIA-930 16.40 TWh; using EIA-930 grid total
INFO: Loaded CAISO fleet from EIA-860 parquet (782 generators)
INFO: Binned fleet cache for CAISO is up to date — loaded from caiso_fleet_binned.parquet
INFO: solving CAISO 2024 (hours=8760, Henry Hub=$2.19/MMBtu, commitment=False)
INFO: CAISO 2024: capacity_deliverability_limits — seam import cap set to 16452 MW (summed per-area import_limit, delivery year 2024)
INFO: CAISO 2024: endogenous solar spill — full solar potential passed to LP (no pre-LP CF derate); solar sets the midday dual when curtailed
INFO: CAISO 2024: WECC corridor deliverability cap on 2 link(s) — measured p95 ATC proxy; median import DSW 5.0 GW / PNW 1.7 GW; midday tighter; export-direction cap on (evening net-export ~0 → no wheel-out): median export DSW 0.0 GW / PNW 1.0 GW
INFO: loaded 26 within-window retiree units for CAISO (1066 MW, plants [356, 7232, 10446, 50388, 50632, 50837, 54626, 57544, 57714, 58296, 58298, 58300, 58301, 59456, 59800, 59804, 59805, 60100, 63604, 63607])
INFO: Loaded CAISO fleet from EIA-860 parquet (782 generators)
INFO: Binned fleet cache for CAISO is up to date — loaded from caiso_fleet_binned.parquet
INFO: unit-outage derate (CAISO 2024): 230 plant-tranches derated
INFO: CC_REGULAR outage derate reallocated top-of-stack for 28 plant(s)
INFO: COD ramp (CAISO 2024): 326 unit-months masked offline (mid-year COD / retirement), 11 unit(s) fully not-yet-built/retired
INFO: CAISO 2024 hydro budget pinned to monthly target total 22678.0 GWh (was 21484.8 GWh)
INFO: Loaded CAISO 2024 hydro budget: 160 plants, 22678.0 GWh annual, 6568 MW nameplate
INFO: CAISO 2024: 160 hydro plants in LP (6568 MW, 22.68 TWh monthly budget)
INFO: CAISO 2024: priced import/export node — 6 import tranches (11400 MW), 2 export sinks (15423 MW)
INFO: unit-outage derate (CAISO 2024): 230 plant-tranches derated
INFO: CC_REGULAR outage derate reallocated top-of-stack for 28 plant(s)
INFO: COD ramp (CAISO 2024): 340 unit-months masked offline (mid-year COD / retirement), 12 unit(s) fully not-yet-built/retired
INFO: CAISO 2024: CT_PEAKER net-load reliability-drag floor applied (frac = clip(0.00901*netGW -0.1124, 0, 0.36) in ramp 15h-22h)
INFO: CAISO 2024: reliability floor — 6 enabled limb spec(s) applied from RELIABILITY_FLOOR_REGISTRY
INFO: F923 fuel costs for 2024: 64 generators priced from their own plant, 911 gap-filled from nearby (state/zone) plants
INFO: hub-basis overlay (CAISO 2024, monthly): 1102 gas generators repriced at the measured hub spot in 12/12 months (winter max 5.86 $/MMBtu)
INFO: CAISO 2024: per-hub WECC intertie — two signed corridors (Malin/COI → NP15, Palo Verde/Path-46 → SP15), each priced at its OWN measured hub (per-hub basis + per-hub netting, arbitrage-free, one direction per hour per corridor)
INFO: Matrix build: 2.134s, Solve: 120.791s (cold)
INFO: Matrix build: 2.134s, Solve: 21.361s (warm)
INFO: Matrix build: 2.168s, Solve: 141.162s (cold)
INFO: EIA-923 2024: CAMPD-backfilled 1 under-reported plants (1 replaced, 0 added)
INFO: EIA-923 2024 wind 15.42 TWh under-counts EIA-930 20.06 TWh; using EIA-930 grid total
INFO: Loaded CAISO fleet from EIA-860 parquet (782 generators)
INFO: Binned fleet cache for CAISO is up to date — loaded from caiso_fleet_binned.parquet
INFO: solving CAISO 2025 (hours=8760, Henry Hub=$3.52/MMBtu, commitment=False)
INFO: CAISO 2025: capacity_deliverability_limits — seam import cap set to 16148 MW (summed per-area import_limit, delivery year 2025)
INFO: CAISO 2025: endogenous solar spill — full solar potential passed to LP (no pre-LP CF derate); solar sets the midday dual when curtailed
INFO: CAISO 2025: WECC corridor deliverability cap on 2 link(s) — measured p95 ATC proxy; median import DSW 5.2 GW / PNW 1.9 GW; midday tighter; export-direction cap on (evening net-export ~0 → no wheel-out): median export DSW 0.0 GW / PNW 0.3 GW
INFO: loaded 26 within-window retiree units for CAISO (1066 MW, plants [356, 7232, 10446, 50388, 50632, 50837, 54626, 57544, 57714, 58296, 58298, 58300, 58301, 59456, 59800, 59804, 59805, 60100, 63604, 63607])
INFO: Loaded CAISO fleet from EIA-860 parquet (782 generators)
INFO: Binned fleet cache for CAISO is up to date — loaded from caiso_fleet_binned.parquet
INFO: unit-outage derate (CAISO 2025): 262 plant-tranches derated
INFO: CC_REGULAR outage derate reallocated top-of-stack for 28 plant(s)
INFO: COD ramp (CAISO 2025): 408 unit-months masked offline (mid-year COD / retirement), 34 unit(s) fully not-yet-built/retired
INFO: CAISO 2025 hydro budget pinned to monthly target total 21319.1 GWh (was 12319.2 GWh)
INFO: Loaded CAISO 2025 hydro budget: 26 plants, 21319.1 GWh annual, 3916 MW nameplate
INFO: CAISO 2025: 26 hydro plants in LP (3916 MW, 21.32 TWh monthly budget)
INFO: CAISO 2025: priced import/export node — 6 import tranches (11400 MW), 2 export sinks (15423 MW)
INFO: unit-outage derate (CAISO 2025): 262 plant-tranches derated
INFO: CC_REGULAR outage derate reallocated top-of-stack for 28 plant(s)
INFO: COD ramp (CAISO 2025): 420 unit-months masked offline (mid-year COD / retirement), 35 unit(s) fully not-yet-built/retired
INFO: CAISO 2025: CT_PEAKER net-load reliability-drag floor applied (frac = clip(0.00901*netGW -0.1124, 0, 0.36) in ramp 15h-22h)
INFO: CAISO 2025: reliability floor — 6 enabled limb spec(s) applied from RELIABILITY_FLOOR_REGISTRY
INFO: F923 fuel costs for 2025: 48 generators priced from their own plant, 914 gap-filled from nearby (state/zone) plants
INFO: hub-basis overlay (CAISO 2025, monthly): 1105 gas generators repriced at the measured hub spot in 9/12 months (winter max 6.38 $/MMBtu)
INFO: CAISO 2025: per-hub WECC intertie — two signed corridors (Malin/COI → NP15, Palo Verde/Path-46 → SP15), each priced at its OWN measured hub (per-hub basis + per-hub netting, arbitrage-free, one direction per hour per corridor)
