statmode-replaying results/calibration/ercot_gtc_limits_v1 (ERCOT [2023, 2024, 2025]) -> results/calibration/ercot_statmode_2026-07
INFO: Loaded 304 per-plant CAMPD bins from /home/user/market-simulator/data/raw/reference/custom-bin-assignments.csv (81.7 GW)
INFO: solving ERCOT 2023 (hours=8760, Henry Hub=$2.54/MMBtu, commitment=False)
INFO: gtc-limits: no clean partition for ERCOT 2023 (supply the NP6-86 archives and run scripts/curate_gtc_limits.py)
WARNING: ercot_gtc_limits_measured: no gtc-limits clean partition for 2023 — static TTC kept (supply the NP6-86 archives and run scripts/curate_gtc_limits.py)
INFO: loaded 13 within-window retiree units for ERCOT (869 MW, plants [6181, 54338, 56864])
INFO: EIA-923 2023: reclassified Powerlane Plant  CT_PEAKER -> ST_GAS (curated bin drifted)
INFO: EIA-923 2023: reclassified Silas Ray  CT_PEAKER -> CC_REGULAR (curated bin drifted)
INFO: EIA-923 2023: reclassified Dansby  ST_GAS -> CT_PEAKER (curated bin drifted)
INFO: Loaded 304 per-plant CAMPD bins from /home/user/market-simulator/data/raw/reference/custom-bin-assignments.csv (81.7 GW)
INFO: COD ramp (ERCOT 2023): 278 unit-months masked offline (mid-year COD / retirement), 9 unit(s) fully not-yet-built/retired
INFO: Loaded ERCOT fleet from EIA-860 parquet (1450 generators)
INFO: Binned fleet cache for ERCOT is up to date — loaded from ercot_fleet_binned.parquet
INFO: Loaded ERCOT 2023 hydro budget: 14 plants, 349.6 GWh annual, 552 MW nameplate
INFO: ERCOT 2023: 14 hydro plants in LP (552 MW, 0.35 TWh monthly budget)
INFO: COD ramp (ERCOT 2023): 278 unit-months masked offline (mid-year COD / retirement), 9 unit(s) fully not-yet-built/retired
INFO: ERCOT 2023: reliability floor — 5 enabled limb spec(s) applied from RELIABILITY_FLOOR_REGISTRY
INFO: F923 fuel costs for 2023: 2 generators priced from their own plant, 0 gap-filled from nearby (state/zone) plants
INFO: energy+reserve co-opt (ERCOT): VOLL-anchored ORDC demand, req top 9688 MW, 40 steps ($0-$5000), 1498 reserve-eligible units
INFO: Matrix build: 4.684s, Solve: 168.255s (cold)
INFO: Matrix build: 4.684s, Solve: 46.498s (warm)
INFO: EIA-923 2023: reclassified Powerlane Plant  CT_PEAKER -> ST_GAS (curated bin drifted)
INFO: EIA-923 2023: reclassified Silas Ray  CT_PEAKER -> CC_REGULAR (curated bin drifted)
INFO: EIA-923 2023: reclassified Dansby  ST_GAS -> CT_PEAKER (curated bin drifted)
INFO: Loaded 304 per-plant CAMPD bins from /home/user/market-simulator/data/raw/reference/custom-bin-assignments.csv (81.7 GW)
INFO: EIA-923 2023: CAMPD-backfilled 3 under-reported plants (3 replaced, 0 added)
INFO: EIA-923 2023 solar 28.04 TWh under-counts EIA-930 31.87 TWh; using EIA-930 grid total
INFO: solving ERCOT 2024 (hours=8760, Henry Hub=$2.19/MMBtu, commitment=False)
WARNING: ercot_gtc_limits_measured: 2024 has no measured HSL potential (renewables ride delivered-as-CF) — measured GTC limits skipped for this year to avoid double-curtailment
INFO: loaded 13 within-window retiree units for ERCOT (869 MW, plants [6181, 54338, 56864])
INFO: EIA-923 2024: reclassified Silas Ray  CT_PEAKER -> CC_REGULAR (curated bin drifted)
INFO: Loaded 304 per-plant CAMPD bins from /home/user/market-simulator/data/raw/reference/custom-bin-assignments.csv (81.7 GW)
INFO: COD ramp (ERCOT 2024): 58 unit-months masked offline (mid-year COD / retirement), 0 unit(s) fully not-yet-built/retired
INFO: Loaded ERCOT fleet from EIA-860 parquet (1450 generators)
INFO: Binned fleet cache for ERCOT is up to date — loaded from ercot_fleet_binned.parquet
INFO: Loaded ERCOT 2024 hydro budget: 12 plants, 463.4 GWh annual, 546 MW nameplate
INFO: ERCOT 2024: 12 hydro plants in LP (546 MW, 0.46 TWh monthly budget)
INFO: COD ramp (ERCOT 2024): 58 unit-months masked offline (mid-year COD / retirement), 0 unit(s) fully not-yet-built/retired
INFO: ERCOT 2024: reliability floor — 5 enabled limb spec(s) applied from RELIABILITY_FLOOR_REGISTRY
INFO: F923 fuel costs for 2024: 2 generators priced from their own plant, 0 gap-filled from nearby (state/zone) plants
INFO: energy+reserve co-opt (ERCOT): VOLL-anchored ORDC demand, req top 8312 MW, 40 steps ($0-$5000), 1498 reserve-eligible units
INFO: Matrix build: 4.112s, Solve: 170.554s (cold)
INFO: Matrix build: 4.112s, Solve: 54.090s (warm)
INFO: EIA-923 2024: reclassified Silas Ray  CT_PEAKER -> CC_REGULAR (curated bin drifted)
INFO: Loaded 304 per-plant CAMPD bins from /home/user/market-simulator/data/raw/reference/custom-bin-assignments.csv (81.7 GW)
INFO: EIA-923 2024: CAMPD-backfilled 2 under-reported plants (2 replaced, 0 added)
INFO: EIA-923 2024 solar 40.08 TWh under-counts EIA-930 47.68 TWh; using EIA-930 grid total
INFO: solving ERCOT 2025 (hours=8760, Henry Hub=$3.52/MMBtu, commitment=False)
WARNING: ercot_gtc_limits_measured: 2025 has no measured HSL potential (renewables ride delivered-as-CF) — measured GTC limits skipped for this year to avoid double-curtailment
INFO: loaded 13 within-window retiree units for ERCOT (869 MW, plants [6181, 54338, 56864])
INFO: Loaded 304 per-plant CAMPD bins from /home/user/market-simulator/data/raw/reference/custom-bin-assignments.csv (81.7 GW)
INFO: Loaded ERCOT fleet from EIA-860 parquet (1450 generators)
INFO: Binned fleet cache for ERCOT is up to date — loaded from ercot_fleet_binned.parquet
INFO: Loaded ERCOT 2025 hydro budget: 1 plants, 16.9 GWh annual, 10 MW nameplate
INFO: ERCOT 2025: 1 hydro plants in LP (10 MW, 0.02 TWh monthly budget)
INFO: COD ramp (ERCOT 2025): 12 unit-months masked offline (mid-year COD / retirement), 1 unit(s) fully not-yet-built/retired
INFO: ERCOT 2025: reliability floor — 5 enabled limb spec(s) applied from RELIABILITY_FLOOR_REGISTRY
INFO: energy+reserve co-opt (ERCOT): VOLL-anchored ORDC demand, req top 8024 MW, 40 steps ($0-$5000), 1498 reserve-eligible units
INFO: Matrix build: 4.614s, Solve: 240.303s (cold)
INFO: Matrix build: 4.614s, Solve: 61.355s (warm)
INFO: Loaded 304 per-plant CAMPD bins from /home/user/market-simulator/data/raw/reference/custom-bin-assignments.csv (81.7 GW)
INFO: EIA-923 2025: CAMPD-backfilled 27 under-reported plants (0 replaced, 27 added)
INFO: EIA-923 2025 wind 91.31 TWh under-counts EIA-930 115.12 TWh; using EIA-930 grid total
INFO: EIA-923 2025 solar 55.79 TWh under-counts EIA-930 67.39 TWh; using EIA-930 grid total
INFO: wrote calibration bundle to results/calibration/ercot_statmode_2026-07
solved into results/calibration/ercot_statmode_2026-07
