solving ablation twin of ercot46_clock_steamgas (ERCOT [2023, 2024, 2025]) ...
INFO: Loaded 304 per-plant CAMPD bins from /home/user/market-simulator/data/raw/reference/custom-bin-assignments.csv (81.7 GW)
INFO: solving ERCOT 2023 (hours=8760, Henry Hub=$2.54/MMBtu, commitment=False)
INFO: gtc-limits: no clean partition for ERCOT 2023 (supply the NP6-86 archives and run scripts/curate_gtc_limits.py)
WARNING: ercot_gtc_limits_measured: no gtc-limits clean partition for 2023 — static TTC kept (supply the NP6-86 archives and run scripts/curate_gtc_limits.py)
INFO: ercot_wtx_curtailment_driver: 2023 West/Panhandle VRE ceiling active (depth wind=0.1004 solar=0.1637)
INFO: loaded 13 within-window retiree units for ERCOT (869 MW, plants [6181, 54338, 56864])
INFO: EIA-923 2023: reclassified Powerlane Plant  CT_PEAKER -> ST_GAS (curated bin drifted)
INFO: EIA-923 2023: reclassified Silas Ray  CT_PEAKER -> CC_REGULAR (curated bin drifted)
INFO: EIA-923 2023: reclassified Dansby  ST_GAS -> CT_PEAKER (curated bin drifted)
INFO: Loaded 304 per-plant CAMPD bins from /home/user/market-simulator/data/raw/reference/custom-bin-assignments.csv (81.7 GW)
INFO: historic outage overlay (ERCOT 2023): zeroed 353 coal/CC bin-tranches across 48 plant(s)
INFO: Loaded 304 per-plant CAMPD bins from /home/user/market-simulator/data/raw/reference/custom-bin-assignments.csv (81.7 GW)
INFO: unit-outage derate (ERCOT 2023): 494 plant-tranches derated
INFO: partial-outage derate (2023): 134 bin-tranches derated
INFO: COD ramp (ERCOT 2023): 278 unit-months masked offline (mid-year COD / retirement), 9 unit(s) fully not-yet-built/retired
INFO: Loaded ERCOT fleet from EIA-860 parquet (1450 generators)
INFO: Binned fleet cache for ERCOT is up to date — loaded from ercot_fleet_binned.parquet
INFO: Loaded ERCOT 2023 hydro budget: 14 plants, 349.6 GWh annual, 552 MW nameplate
INFO: ERCOT 2023: 14 hydro plants in LP (552 MW, 0.35 TWh monthly budget)
INFO: historic outage overlay (ERCOT 2023): zeroed 353 coal/CC bin-tranches across 48 plant(s)
INFO: unit-outage derate (ERCOT 2023): 494 plant-tranches derated
INFO: partial-outage derate (2023): 134 bin-tranches derated
INFO: COD ramp (ERCOT 2023): 278 unit-months masked offline (mid-year COD / retirement), 9 unit(s) fully not-yet-built/retired
INFO: F923 fuel costs for 2023: 25 generators priced from their own plant, 0 gap-filled from nearby (state/zone) plants
INFO: ERCOT zonal gas basis (2023): 963 gas units; level -0.50 -> measured EP +0.00 (corr +0.50), zonal spread -0.92..1.03 $/MMBtu
INFO: ERCOT West net-load gas step (2023): 48 West/Panhandle gas units; collapse_freq 0.030 (measured-neg-day; endogenous-oversupply 0.017 vs measured neg-day 0.030); split nl 12329 MW; firm basis -0.50 -> firm $2.04, deep $0.40..$0.40 (deliv floor $0.40); annual gas $1.62 -> $1.99 (floor-lifted from the negative hub tail)
INFO: energy+reserve co-opt (ERCOT MULTI-PRODUCT): 4 AS products ['RegUp', 'RRS', 'ECRS', 'NonSpin'], per-product req means [240, 1263, 741, 3348] MW, 77 steps total, 2 headroom tiers
INFO: ERCOT reserve-supply cap ON: 2 headroom row(s), mean cap MW [16148, 21537]
