
================================================================================
  CALIBRATION REPORT  (ERCOT; run 2026-07-06T03:16:25; git 3b311939)
  bundle: results/calibration/ercot_stage4_overlayoff_v2
================================================================================

================================================================================
  ERCOT 2023 BACKCAST
================================================================================

  [1] CHP — 2023  (model grid LP + behind-meter must-run vs EIA-923 total)
     class  grid LP  BTM-MR  model tot  EIA-923  diff %
    CC_CHP    26.86   24.49      51.35    53.00    -3.1
    CT_CHP     4.60    7.43      12.03    13.04    -7.7
    ST_CHP     0.07    0.36       0.43     0.52   -18.4
     TOTAL    31.53   32.28      63.81    66.57    -4.1
    (BTM-MR = behind-the-meter must-run, off-grid. CHP is excluded from every table below.)

  [2] Grid generation reconciliation — 2023
    EIA-930 net generation (Demand + Interchange)          445.97 TWh
    Model demand target                                    445.97 TWh
    Model grid generation (LP)                             446.06 TWh
    Gap (model grid − EIA-930 net gen)                      +0.09 TWh
    Unserved energy / load slack (should be 0)             0.0027 TWh
    Behind-meter CHP must-run (off-grid; table [1] only)    34.70 TWh

  [3] Non-CHP grid generation — 2023  (model LP vs EIA-930, CHP excluded)
             fuel  model TWh  model %  EIA-930 TWh  EIA-930 %     Δpp
    gas (non-CHP)     159.12     38.7       169.94       41.1    -2.5
             coal      67.57     16.4        62.29       15.1    +1.3
          nuclear      40.41      9.8        40.91        9.9    -0.1
             wind     110.84     26.9       107.99       26.1    +0.8
            solar      33.56      8.2        31.87        7.7    +0.4
            TOTAL     411.49    100.0       413.00      100.0        
    (EIA-930 non-CHP gas = EIA-930 all-gas − 31.5 TWh model CHP grid-delivered.)

  [3b] Thermal by class — 2023  (model grid LP + behind-meter must-run vs EIA-923 total; coal split lignite/PRB)
           class  grid LP  BTM-MR  model tot  EIA-923  diff %
      CC_REGULAR   139.07    1.96     141.03   143.70    -1.9
          CC_CHP    26.86   24.49      51.35    53.00    -3.1
       CT_PEAKER     5.83    0.47       6.30     7.56   -16.7
          CT_CHP     4.60    7.43      12.03    13.04    -7.7
          ST_GAS    14.21    0.00      14.21    16.70   -14.9
          ST_CHP     0.07    0.36       0.43     0.52   -18.4
    OTHER_FOSSIL     0.28    0.00       0.28     0.25   +12.3
            COAL     0.00    0.00       0.00     0.00       —
    COAL_LIGNITE    17.22    0.00      17.22    15.33   +12.3
        COAL_PRB    50.35    0.00      50.35    45.09   +11.7
        COAL_BIT     0.00    0.00       0.00     0.00       —
         COAL_WC     0.00    0.00       0.00     0.00       —
           TOTAL   258.49   34.70     293.19   295.20    -0.7

  [3c] Non-fossil & residual by class — 2023  (oil = LP peaker; biomass / hydro / OTHER = must-run injected; vs EIA-923 total)
      class    model  EIA-923  diff %
        oil     0.01     0.15   -92.0
    biomass     0.41     0.41    -0.0
      hydro     0.35     0.35    +0.1
      OTHER     1.99     1.99    -0.0
      TOTAL     2.76     2.90    -4.9

  [3d] Storage throughput — 2023  (model LP vs EIA-930 battery series where reported)
      tech  dis TWh  chg TWh
    li_ion     0.53     0.63
    EIA-930 battery series: not reported this year

  [3e] Renewable curtailment — 2023 (model re-curtailment vs ISO-reported; potential = uncurtailed HSL)
     fuel  potential TWh  model TWh  model curt  model %  reported curt  reported %
     wind         113.28     110.84       2.447     2.16          4.864        4.67
    solar          34.01      33.56       0.447     1.32          2.092        6.29

    Monthly curtailment (GWh):
    month  wind mdl  wind rep  solar mdl  solar rep
      Jan     364.4     576.4       15.5      212.1
      Feb     411.0     815.4       20.0      429.2
      Mar     434.0     981.4       32.7      407.2
      Apr     330.6     639.3       53.6      340.1
      May      64.2     189.6        5.2       41.4
      Jun     122.0     157.2       61.9      121.2
      Jul     107.7     186.0       78.6       83.8
      Aug      73.3     184.5       98.1       53.5
      Sep      66.2     118.2       51.6       52.8
      Oct     120.5     360.1       17.1      118.7
      Nov     152.4     316.8        4.8       67.5
      Dec     200.9     339.4        8.5      164.1

  [4] Monthly bias — 2023   (% of EIA-923 per month; coal split; CHP incl. behind-meter)
           class    Jan    Feb    Mar    Apr    May    Jun    Jul    Aug    Sep    Oct    Nov    Dec
      CC_REGULAR   +0.6   -3.8   +1.4   +1.9   -0.0   -2.0   -3.1   -4.9   -4.6   -0.4   +4.1   -5.4
          CC_CHP   +1.4   -0.9   -3.2   +0.2   -1.7   -7.4   -4.7   -2.2   -5.3   -4.0   -4.6   -3.3
       CT_PEAKER  -45.1  -45.1  -43.3  -48.1  -39.8  -20.5   -3.4  +24.1  +11.2  -58.6  -38.4  -57.6
          CT_CHP   -6.7   -9.6   -7.5   -5.2   -9.2  -11.7  -11.6   -9.7   -8.4   -2.4   -6.4   -2.2
          ST_GAS  +23.8  +33.4   +6.6   -1.8  -10.6   -8.8  -19.9  -13.0  -12.9  -55.0  -39.4  +51.2
          ST_CHP  -14.9  -16.2  -20.2  -19.7  -18.9  -18.1  -16.9  -17.4  -16.7  -19.6  -20.1  -19.4
    OTHER_FOSSIL  -61.3  -53.2  +54.9  +60.1  +40.6  +72.3  +38.0  +65.0  +30.4  -57.1  -41.9  -65.1
            COAL      ·      ·      ·      ·      ·      ·      ·      ·      ·      ·      ·      ·
    COAL_LIGNITE   +3.0  -10.9  -14.2   -0.1  +11.9  +22.3  +18.5  +28.8  +35.9  +25.0  +13.6   +9.2
        COAL_PRB   +6.6  -10.8  -20.8  -13.9  +11.8  +23.4  +28.4  +28.3  +28.6   +4.6   +0.3   +2.0
        COAL_BIT      ·      ·      ·      ·      ·      ·      ·      ·      ·      ·      ·      ·
         COAL_WC      ·      ·      ·      ·      ·      ·      ·      ·      ·      ·      ·      ·
            wind   +3.7   +5.3   +5.9   +2.2   +0.1   -0.2   +0.1   +0.7   -0.7   +2.1   +3.0   +3.0
     solar (930)  +13.6  +27.9  +18.6  +11.4   +1.6   +2.0   +0.3   -1.1   -0.4   +4.1   +3.6   +7.1
         nuclear   -2.1   -2.3   +0.2   -0.2   -0.6   -0.4   +0.2   +0.2   -0.3   -0.4   +0.1   -2.2

  [5] Hourly dispatch fit — 2023 (model vs EIA-930, non-CHP gas)
             fuel  Pearson r   NRMSE  model TWh  EIA-930 TWh
    gas (non-CHP)      0.988   0.107     159.12       169.94
             coal      0.874   0.235      67.57        62.29
          nuclear      0.789   0.073      40.41        40.91
            solar      0.987   0.217      33.56        31.87
             wind      0.995   0.061     110.84       107.99

  [6] Plant-level annual generation — 2023 (EIA-923)
                           plant  EIA code  model GWh  EIA-923 GWh  diff %       class
                Colorado Bend II     60122       8008         7845    +2.1  CC_REGULAR
                  Wolf Hollow II     59812       6958         7018    -0.9  CC_REGULAR
                         Handley      3491        984         1519   -35.2      ST_GAS
         Deer Park Energy Center     55464       4580         6870   -33.3      CC_CHP
           Baytown Energy Center     55327       3333         5051   -34.0      CC_CHP
           Hidalgo Energy Center     55545       2773         2791    -0.7  CC_REGULAR
                Limestone (coal)       298       8175         6059   +34.9    COAL_PRB
     W A Parish (coal units 5-8)      3470       9321        10743   -13.2    COAL_PRB
       Stryker Creek (gas steam)      3504       1099         1080    +1.8      ST_GAS
        Morgan Creek (CT peaker)      3492          4          123   -97.0   CT_PEAKER
    Topaz Generating (CT peaker)     63688        903          722   +25.0   CT_PEAKER
INFO: Loaded 304 per-plant CAMPD bins from /home/user/market-simulator/data/raw/reference/custom-bin-assignments.csv (81.7 GW)

  [7] Per-plant hourly dispatch fit — 2023 (model vs CAMPD net; representative panel)
                           plant  EIA code  Pearson r   NRMSE  model GWh  CAMPD GWh  op hrs  band ovlp  CF EMD
                Colorado Bend II     60122      0.824   0.217       8008       7859    7959      0.597   0.050
                  Wolf Hollow II     59812      0.845   0.245       6958       7012    7766      0.573   0.033
                         Handley      3491      0.829   0.947        984       1539    4267      0.768   0.066
         Deer Park Energy Center     55464      0.739   0.299       8185       6887    8738      0.599   0.118
           Baytown Energy Center     55327      0.700   0.304       6193       5050    8760      0.530   0.144
           Hidalgo Energy Center     55545          —       —          —          —       —          —       —
                Limestone (coal)       298      0.869   0.625       8175       6062    7712      0.444   0.170
     W A Parish (coal units 5-8)      3470      0.881   0.378      11676      10750    8760      0.745   0.056
       Stryker Creek (gas steam)      3504      0.665   1.409       1099       1071    3635      0.786   0.048
        Morgan Creek (CT peaker)      3492      0.258   5.285          4         71     521      0.960   0.019
    Topaz Generating (CT peaker)     63688      0.705   1.405        903        717    2958      0.830   0.043
    (full per-plant fit for all 99 resolved plants written to plant_hourly_fit.parquet)

  [7b] Hours per 10% CF band — 2023 (model / CAMPD net; representative panel)
                           plant         0%-10%  10%-20%  20%-30%  30%-40%  40%-50%  50%-60%  60%-70%  70%-80%  80%-90%  90%-100%
                Colorado Bend II  model     778       28      107      161       10        4        7      147     6186      1332
                                  CAMPD     807       35       11      316      259      139      148      447     2753      3845
                  Wolf Hollow II  model    1095      120      264      406       97       11      231      723     5733        80
                                  CAMPD    1004       51       88      532      392      174      223     1642     2340      2314
                         Handley  model    7153      237      148      326      111      151       65       51      518         0
                                  CAMPD    5392      742      920      559      214      312      141      211      245        24
         Deer Park Energy Center  model       0        0        0        0       59     1116     3023     2224     2338         0
                                  CAMPD      24        6      307     1355     1442     1281      841     1552     1677       275
           Baytown Energy Center  model       0        0        0        0        0        0     1302     3944     2022      1492
                                  CAMPD       0        0      384      460     1255     1888      851     1741     2149        32
                Limestone (coal)  model    1486     1250      549      112     1137      307       62      219     1583      2055
                                  CAMPD    1121      239     1728      862     2217      570      698     1183      142         0
     W A Parish (coal units 5-8)  model    1594     1189     1101     1516      610      822      911      625      159       233
                                  CAMPD     743     2079     1760     1031     1123      997      756      187       82         2
       Stryker Creek (gas steam)  model    6351       66       77      101      112      587      381      114      454       517
                                  CAMPD    5562      702      769      205      113       91      105      399      140       674
        Morgan Creek (CT peaker)  model    8748        0        0        0        0        1        5        1        0         5
                                  CAMPD    8401       69       53       40       55       17       27       32       32        34
    Topaz Generating (CT peaker)  model    5889       16       15       13      457     1120      462      309      168       311
                                  CAMPD    6112      299      315      287      228      235      419      721      144         0

================================================================================
  ERCOT 2024 BACKCAST
================================================================================

  [1] CHP — 2024  (model grid LP + behind-meter must-run vs EIA-923 total)
     class  grid LP  BTM-MR  model tot  EIA-923  diff %
    CC_CHP    29.04   25.01      54.05    55.04    -1.8
    CT_CHP     4.98    7.57      12.55    13.23    -5.2
    ST_CHP     0.07    0.31       0.38     0.47   -18.6
     TOTAL    34.09   32.90      66.98    68.74    -2.6
    (BTM-MR = behind-the-meter must-run, off-grid. CHP is excluded from every table below.)

  [2] Grid generation reconciliation — 2024
    EIA-930 net generation (Demand + Interchange)          462.59 TWh
    Model demand target                                    462.59 TWh
    Model grid generation (LP)                             462.73 TWh
    Gap (model grid − EIA-930 net gen)                      +0.14 TWh
    Unserved energy / load slack (should be 0)             0.0000 TWh
    Behind-meter CHP must-run (off-grid; table [1] only)    35.09 TWh

  [3] Non-CHP grid generation — 2024  (model LP vs EIA-930, CHP excluded)
             fuel  model TWh  model %  EIA-930 TWh  EIA-930 %     Δpp
    gas (non-CHP)     160.86     37.8       169.59       39.8    -2.0
             coal      62.85     14.8        58.77       13.8    +1.0
          nuclear      38.35      9.0        38.80        9.1    -0.1
             wind     114.33     26.8       111.54       26.2    +0.7
            solar      49.59     11.6        47.68       11.2    +0.5
            TOTAL     425.98    100.0       426.39      100.0        
    (EIA-930 non-CHP gas = EIA-930 all-gas − 34.1 TWh model CHP grid-delivered.)

  [3b] Thermal by class — 2024  (model grid LP + behind-meter must-run vs EIA-923 total; coal split lignite/PRB)
           class  grid LP  BTM-MR  model tot  EIA-923  diff %
      CC_REGULAR   142.68    1.64     144.32   145.41    -0.8
          CC_CHP    29.04   25.01      54.05    55.04    -1.8
       CT_PEAKER     6.80    0.56       7.35     8.21   -10.4
          CT_CHP     4.98    7.57      12.55    13.23    -5.2
          ST_GAS    11.38    0.00      11.38    18.10   -37.1
          ST_CHP     0.07    0.31       0.38     0.47   -18.6
    OTHER_FOSSIL     0.18    0.00       0.18     0.15   +20.3
            COAL     0.00    0.00       0.00     0.00       —
    COAL_LIGNITE    15.40    0.00      15.40    13.94   +10.5
        COAL_PRB    47.45    0.00      47.45    43.68    +8.6
        COAL_BIT     0.00    0.00       0.00     0.00       —
         COAL_WC     0.00    0.00       0.00     0.00       —
           TOTAL   257.98   35.09     293.07   298.24    -1.7

  [3c] Non-fossil & residual by class — 2024  (oil = LP peaker; biomass / hydro / OTHER = must-run injected; vs EIA-923 total)
      class    model  EIA-923  diff %
        oil     0.00     0.15   -99.6
    biomass     0.32     0.32    +0.0
      hydro     0.46     0.46    +0.0
      OTHER     1.70     1.70    +0.0
      TOTAL     2.48     2.63    -5.7

  [3d] Storage throughput — 2024  (model LP vs EIA-930 battery series where reported)
      tech  dis TWh  chg TWh
    li_ion     0.78     0.92
    battery (930 window)    model  EIA-930  diff %
           discharge TWh     0.23     0.72   -68.8
              charge TWh     0.27     0.87   -69.4
    benchmark coverage: 19% of hours reported

  [3e] Renewable curtailment — 2024: no ERCOT HSL parquet; build with scripts/build_ercot_hsl.py (ERCOT 2024+ needs the NP6 report uploads under data/raw/ercot-hsl/np6/)

  [4] Monthly bias — 2024   (% of EIA-923 per month; coal split; CHP incl. behind-meter)
           class    Jan    Feb    Mar    Apr    May    Jun    Jul     Aug    Sep    Oct    Nov    Dec
      CC_REGULAR   -1.1  -14.7   -0.1   +9.4  +10.7   -0.0   -3.8    -4.2   -4.5   +6.4   -1.8   -4.5
          CC_CHP   -4.4   -2.3   +1.1   +6.7   +2.7   -4.3   -3.0    -5.6   -6.1   +1.8   -0.6   -4.1
       CT_PEAKER   -5.9  +81.5  +28.3  +11.8  -32.4  -28.3  -43.1    -9.1  -42.2  -15.7   -7.8   +2.1
          CT_CHP   -3.6   -0.4   +4.1   -1.1   -5.1   -7.2  -10.2   -10.1  -10.2   -2.5   -3.9   -5.6
          ST_GAS  -39.6   +6.0  -19.7  -46.2  -58.3  -33.8  -39.7   -18.5  -32.5  -42.9  -42.8  -57.6
          ST_CHP  -19.2  -17.6  -21.1  -17.1  -19.0  -20.5  -20.7   -12.7  -17.3  -19.6  -16.4  -18.2
    OTHER_FOSSIL  -43.3  -37.6  +46.9  +14.9   -7.2  +63.1  +24.3  +137.6  +29.1   +4.1  -22.5  -23.7
            COAL      ·      ·      ·      ·      ·      ·      ·       ·      ·      ·      ·      ·
    COAL_LIGNITE  +15.5   -9.3  -45.4   -1.7  +31.2  +28.8  +18.9   +18.2  +13.5   +2.4   +4.8   +6.7
        COAL_PRB   +1.2  -24.2  -18.3  -31.9   -6.0  +26.1  +34.2   +41.8  +37.7   -1.1   -7.7   -8.6
        COAL_BIT      ·      ·      ·      ·      ·      ·      ·       ·      ·      ·      ·      ·
         COAL_WC      ·      ·      ·      ·      ·      ·      ·       ·      ·      ·      ·      ·
            wind   +1.6   +0.0   +1.3   +0.6   +0.9   +1.9   +2.0    +2.4   +3.1   +2.6   +2.3   +2.2
     solar (930)   +6.2   +4.2   +5.0   +4.0   +4.5   +3.3   +3.2    +1.4   +2.8   +5.5   +5.5   +5.7
         nuclear   +0.2   -4.4   -0.6   +0.2   +0.3   -0.4   +0.0    -0.4   -0.4   +0.2   +0.3   -2.1

  [5] Hourly dispatch fit — 2024 (model vs EIA-930, non-CHP gas)
             fuel  Pearson r   NRMSE  model TWh  EIA-930 TWh
    gas (non-CHP)      0.981   0.114     160.86       169.59
             coal      0.836   0.266      62.85        58.77
          nuclear      0.714   0.127      38.35        38.80
            solar      0.998   0.093      49.59        47.68
             wind      0.999   0.034     114.33       111.54

  [6] Plant-level annual generation — 2024 (EIA-923)
                           plant  EIA code  model GWh  EIA-923 GWh  diff %       class
                Colorado Bend II     60122       7022         6979    +0.6  CC_REGULAR
                  Wolf Hollow II     59812       6351         6461    -1.7  CC_REGULAR
                         Handley      3491        492          881   -44.2      ST_GAS
         Deer Park Energy Center     55464       5291         8004   -33.9      CC_CHP
           Baytown Energy Center     55327       3572         5089   -29.8      CC_CHP
           Hidalgo Energy Center     55545       2889         2056   +40.5  CC_REGULAR
                Limestone (coal)       298       6322         5365   +17.8    COAL_PRB
     W A Parish (coal units 5-8)      3470       9404        12166   -22.7    COAL_PRB
       Stryker Creek (gas steam)      3504        772          922   -16.2      ST_GAS
        Morgan Creek (CT peaker)      3492          0           24  -100.0   CT_PEAKER
    Topaz Generating (CT peaker)     63688        678          689    -1.6   CT_PEAKER
INFO: Loaded 304 per-plant CAMPD bins from /home/user/market-simulator/data/raw/reference/custom-bin-assignments.csv (81.7 GW)

  [7] Per-plant hourly dispatch fit — 2024 (model vs CAMPD net; representative panel)
                           plant  EIA code  Pearson r   NRMSE  model GWh  CAMPD GWh  op hrs  band ovlp  CF EMD
                Colorado Bend II     60122      0.826   0.271       7022       6964    8092      0.759   0.082
                  Wolf Hollow II     59812      0.840   0.287       6352       6466    7593      0.502   0.049
                         Handley      3491      0.780   1.424        492        861    2682      0.900   0.037
         Deer Park Energy Center     55464      0.714   0.213       8897       7987    8760      0.707   0.083
           Baytown Energy Center     55327      0.552   0.362       6432       5090    8760      0.573   0.170
           Hidalgo Energy Center     55545          —       —          —          —       —          —       —
                Limestone (coal)       298      0.879   0.574       6322       5362    6967      0.616   0.115
     W A Parish (coal units 5-8)      3470      0.866   0.348      11944      12159    8760      0.810   0.039
       Stryker Creek (gas steam)      3504      0.415   1.912        772        931    3666      0.766   0.047
        Morgan Creek (CT peaker)      3492        nan   7.143          0         26     377      0.974   0.008
    Topaz Generating (CT peaker)     63688      0.756   1.220        678        694    2886      0.911   0.019
    (full per-plant fit for all 100 resolved plants written to plant_hourly_fit.parquet)

  [7b] Hours per 10% CF band — 2024 (model / CAMPD net; representative panel)
                           plant         0%-10%  10%-20%  20%-30%  30%-40%  40%-50%  50%-60%  60%-70%  70%-80%  80%-90%  90%-100%
                Colorado Bend II  model     570      320     1176      264      121        6       14      188     2816      3285
                                  CAMPD     674      182      118      602     1474      142      121      264     1905      3278
                  Wolf Hollow II  model     968      751      346      397      417       18      300      774     4774        15
                                  CAMPD    1172       94       78     1042      639      168      242     1322     1395      2608
                         Handley  model    7727      197      359      100       78      115       45       29      108         2
                                  CAMPD    6851      527      575      162      117      200       65       73      182         8
         Deer Park Energy Center  model       0        0        0        0        0      263      934     3684     3879         0
                                  CAMPD       0        0      123      800      610      923     1138     2134     2865       167
           Baytown Energy Center  model       0        0        0        0        0        0      559     3348     2922      1931
                                  CAMPD       0        0      526      826      731     1375      841     2050     2377        34
                Limestone (coal)  model    2590     1361      527      247      895      262       54      107     1352      1365
                                  CAMPD    1839      864     1525      983     1213      729      402      604      549        52
     W A Parish (coal units 5-8)  model    1661      815     1356     1498      684      770      908      327      376       365
                                  CAMPD     750     1290     1845     1193     1034      898      955      501      230        64
       Stryker Creek (gas steam)  model    7060       80       95       46       53      405      230       34      391       366
                                  CAMPD    5655      868      776      175       80      120      131      460      139       356
        Morgan Creek (CT peaker)  model    8760        0        0        0        0        0        0        0        0         0
                                  CAMPD    8533      117       37       26       20        8        5        8        3         3
    Topaz Generating (CT peaker)  model    6646       13       25       17      313      616      549      338      115       128
                                  CAMPD    6332      158      196      229      284      343      641      499       78         0

================================================================================
  ERCOT 2025 BACKCAST
================================================================================

  [1] CHP — 2025  (model grid LP + behind-meter must-run vs EIA-923 total)
     class  grid LP  BTM-MR  model tot  EIA-923   diff %
    CC_CHP    28.03   24.15      52.18    52.94     -1.4
    CT_CHP     4.65    4.15       8.80     8.02     +9.8
    ST_CHP     0.07    0.00       0.07     0.00  +4866.2
     TOTAL    32.74   28.30      61.05    60.96     +0.1
    (BTM-MR = behind-the-meter must-run, off-grid. CHP is excluded from every table below.)

  [2] Grid generation reconciliation — 2025
    EIA-930 net generation (Demand + Interchange)          487.49 TWh
    Model demand target                                    487.49 TWh
    Model grid generation (LP)                             488.08 TWh
    Gap (model grid − EIA-930 net gen)                      +0.59 TWh
    Unserved energy / load slack (should be 0)             0.0000 TWh
    Behind-meter CHP must-run (off-grid; table [1] only)    29.86 TWh

  [3] Non-CHP grid generation — 2025  (model LP vs EIA-930, CHP excluded)
             fuel  model TWh  model %  EIA-930 TWh  EIA-930 %     Δpp
    gas (non-CHP)     157.49     34.7       167.47       36.8    -2.0
             coal      66.96     14.8        63.37       13.9    +0.9
          nuclear      41.36      9.1        42.06        9.2    -0.1
             wind     117.91     26.0       115.12       25.3    +0.7
            solar      69.78     15.4        67.39       14.8    +0.6
            TOTAL     453.50    100.0       455.40      100.0        
    (EIA-930 non-CHP gas = EIA-930 all-gas − 32.7 TWh model CHP grid-delivered.)

  [3b] Thermal by class — 2025  (model grid LP + behind-meter must-run vs EIA-923 total; coal split lignite/PRB)
           class  grid LP  BTM-MR  model tot  EIA-923   diff %
      CC_REGULAR   141.81    1.56     143.37   142.11     +0.9
          CC_CHP    28.03   24.15      52.18    52.94     -1.4
       CT_PEAKER     5.68    0.00       5.68     7.11    -20.1
          CT_CHP     4.65    4.15       8.80     8.02     +9.8
          ST_GAS    10.00    0.00      10.00    14.81    -32.5
          ST_CHP     0.07    0.00       0.07     0.00  +4866.2
    OTHER_FOSSIL     0.70    0.00       0.70     0.65     +7.2
            COAL     0.00    0.00       0.00     0.00        —
    COAL_LIGNITE    15.33    0.00      15.33    14.58     +5.1
        COAL_PRB    51.63    0.00      51.63    47.63     +8.4
        COAL_BIT     0.00    0.00       0.00     0.00        —
         COAL_WC     0.00    0.00       0.00     0.00        —
           TOTAL   257.89   29.86     287.76   287.86     -0.0

  [3c] Non-fossil & residual by class — 2025  (oil = LP peaker; biomass / hydro / OTHER = must-run injected; vs EIA-923 total)
      class    model  EIA-923  diff %
        oil     0.00     0.06   -99.5
    biomass     0.25     0.25    +0.0
      hydro     0.02     0.02    +0.0
      OTHER     0.87     0.87    -0.0
      TOTAL     1.14     1.20    -4.9

  [3d] Storage throughput — 2025  (model LP vs EIA-930 battery series where reported)
      tech  dis TWh  chg TWh
    li_ion     3.35     3.94
    battery (930 window)    model  EIA-930  diff %
           discharge TWh     3.35     5.44   -38.6
              charge TWh     3.94     6.67   -41.0
    benchmark coverage: 99% of hours reported

  [3e] Renewable curtailment — 2025: no ERCOT HSL parquet; build with scripts/build_ercot_hsl.py (ERCOT 2024+ needs the NP6 report uploads under data/raw/ercot-hsl/np6/)

  [4] Monthly bias — 2025   (% of EIA-923 per month; coal split; CHP incl. behind-meter)
           class       Jan       Feb       Mar      Apr      May      Jun       Jul      Aug      Sep      Oct      Nov      Dec
      CC_REGULAR      +3.5      +2.0      +7.0     +7.1     +3.9     -4.7      -0.8     -1.1     -4.3     +0.8     +4.7     +2.6
          CC_CHP      -2.7      +0.6      -1.5     +2.3     +0.4     -1.0      -3.2     -4.4     -4.4     -2.4     +0.9     +0.1
       CT_PEAKER     -13.7     -20.1     -19.6    -31.5    -29.2    -40.9     -24.2    +12.2    -22.6    -24.5    -29.7    -22.8
          CT_CHP      +6.0     +13.4      +5.3    +19.2    +18.8     +8.6      +7.3     +7.7     +6.5    +12.4     +9.7     +7.9
          ST_GAS     -31.8     -35.5     -39.5    -43.8    -42.3    -50.0     -35.3    -13.5    -17.8    -17.9    -37.9    -51.9
          ST_CHP  +10655.9  +17228.8  +10199.3  +4360.1  +2924.6  +4812.5  +11098.6  +3607.9  +4712.7  +3142.0  +2807.4  +5645.5
    OTHER_FOSSIL     -22.8     -25.0    -100.0   +201.9    +81.0   +250.1    +136.6    +70.4   +185.8    +57.7     +8.8   +388.2
            COAL         ·         ·         ·        ·        ·        ·         ·        ·        ·        ·        ·        ·
    COAL_LIGNITE      +3.7     +12.9     +17.7     -6.4    -27.7    +21.2     +11.0     +6.7     -7.4     -7.5    +17.9     +4.9
        COAL_PRB      -5.3      -9.3     -15.8     +0.5     +8.1    +33.9     +25.4    +25.6    +29.5     +4.3    -12.0     -7.3
        COAL_BIT         ·         ·         ·        ·        ·        ·         ·        ·        ·        ·        ·        ·
         COAL_WC         ·         ·         ·        ·        ·        ·         ·        ·        ·        ·        ·        ·
            wind      +2.0      +2.2      +1.3     +1.5     +2.7     +2.4      +2.9     +3.8     +4.2     +3.1     +2.2     +2.4
     solar (930)      +5.7      +4.6      +3.2     +0.9     +2.9     +3.0      +2.1     +4.0     +4.4     +4.8     +4.8     +3.6
         nuclear      +0.1      -2.0      -1.7     -0.2     -0.0     -0.4      +0.2     -0.4     -0.3     -0.4     -0.3     -2.3

  [5] Hourly dispatch fit — 2025 (model vs EIA-930, non-CHP gas)
             fuel  Pearson r   NRMSE  model TWh  EIA-930 TWh
    gas (non-CHP)      0.982   0.113     157.49       167.47
             coal      0.775   0.199      66.96        63.37
          nuclear      0.714   0.076      41.36        42.06
            solar      0.999   0.081      69.78        67.39
             wind      0.999   0.035     117.91       115.12

  [6] Plant-level annual generation — 2025 (EIA-923)
                           plant  EIA code  model GWh  EIA-923 GWh  diff %       class
                Colorado Bend II     60122       6634         6072    +9.3  CC_REGULAR
                  Wolf Hollow II     59812       5321         5438    -2.2  CC_REGULAR
                         Handley      3491        470          894   -47.4      ST_GAS
         Deer Park Energy Center     55464       5205         7822   -33.5      CC_CHP
           Baytown Energy Center     55327       2842         3747   -24.1      CC_CHP
           Hidalgo Energy Center     55545       3926         2721   +44.3  CC_REGULAR
                Limestone (coal)       298       9015         7523   +19.8    COAL_PRB
     W A Parish (coal units 5-8)      3470      13442        15579   -13.7    COAL_PRB
       Stryker Creek (gas steam)      3504        652         1356   -51.9      ST_GAS
        Morgan Creek (CT peaker)      3492          0            0       —   CT_PEAKER
    Topaz Generating (CT peaker)     63688        636          599    +6.3   CT_PEAKER
INFO: Loaded 304 per-plant CAMPD bins from /home/user/market-simulator/data/raw/reference/custom-bin-assignments.csv (81.7 GW)

  [7] Per-plant hourly dispatch fit — 2025 (model vs CAMPD net; representative panel)
                           plant  EIA code  Pearson r   NRMSE  model GWh  CAMPD GWh  op hrs  band ovlp  CF EMD
                Colorado Bend II     60122      0.827   0.339       6634       6102    7828      0.662   0.095
                  Wolf Hollow II     59812      0.882   0.298       5321       5505    7280      0.834   0.031
                         Handley      3491      0.779   1.470        470        898    2798      0.901   0.041
         Deer Park Energy Center     55464      0.736   0.229       8811       7804    8760      0.708   0.092
           Baytown Energy Center     55327      0.669   0.537       5702       3973    8756      0.428   0.219
           Hidalgo Energy Center     55545          —       —          —          —       —          —       —
                Limestone (coal)       298      0.767   0.514       9015       7471    8496      0.477   0.161
     W A Parish (coal units 5-8)      3470      0.782   0.287      15804      15511    8760      0.850   0.036
       Stryker Creek (gas steam)      3504      0.500   1.406        652       1356    4484      0.671   0.121
        Morgan Creek (CT peaker)      3492        nan   6.372          0         38     349      0.969   0.010
    Topaz Generating (CT peaker)     63688      0.684   1.481        636        609    2804      0.913   0.025
    (full per-plant fit for all 100 resolved plants written to plant_hourly_fit.parquet)

  [7b] Hours per 10% CF band — 2025 (model / CAMPD net; representative panel)
                           plant         0%-10%  10%-20%  20%-30%  30%-40%  40%-50%  50%-60%  60%-70%  70%-80%  80%-90%  90%-100%
                Colorado Bend II  model     938      718      870       66      165        8       12      267     2800      2916
                                  CAMPD     948      409      159     1154      893      178      224      478     3342       975
                  Wolf Hollow II  model    1602      550      355      789     1052       12      226      921     2693       560
                                  CAMPD    1492      346      162     1391      715      127      165      371     2814      1177
                         Handley  model    7826      180      305       61      110       77       47       43      110         1
                                  CAMPD    6983      514      458      165      101      168      109       55       92       115
         Deer Park Energy Center  model       0        0        0        0        0      377      644     4158     3581         0
                                  CAMPD       0        0      120      915      617      928      732     2252     2930       266
           Baytown Energy Center  model       0        0        0        0        8     1107     2513     2811     1495       826
                                  CAMPD       5       81     1630     2082     1021     1307      569      703     1181       181
                Limestone (coal)  model     132     1248     1982      411      546       17        3      602      900      2919
                                  CAMPD     276      238     1325     1909     1544      552      627     1073     1207         9
     W A Parish (coal units 5-8)  model     227      742      944     1366     1098     1696      785     1145      441       316
                                  CAMPD      14      681     1014     1182     1348     2018     1457      848      183        15
       Stryker Creek (gas steam)  model    7435       33       28       33       21      254      219       21      273       443
                                  CAMPD    4678     1120      626      253      150      205      215      644      199       670
        Morgan Creek (CT peaker)  model    8760        0        0        0        0        0        0        0        0         0
                                  CAMPD    8485      120       51       37       19       34        5        3        1         5
    Topaz Generating (CT peaker)  model    6689       14       15        5      524      614      401      257       96       145
                                  CAMPD    6371      236      218      289      375      514      385      311       61         0
INFO: Loaded 304 per-plant CAMPD bins from /home/user/market-simulator/data/raw/reference/custom-bin-assignments.csv (81.7 GW)

  [7c] operating-shape regression gate vs keeper baseline (cf_emd <= base+0.02; r >= base-0.02)
  class        year   cf_emd   base  gate       r   base  gate
  CC_CHP       2023    0.161  0.124  FAIL   0.647  0.599  PASS
  CC_CHP       2024    0.162  0.118  FAIL   0.622  0.614  PASS
  CC_CHP       2025    0.175  0.127  FAIL   0.622  0.616  PASS
  CC_REGULAR   2023    0.119  0.088  FAIL   0.716  0.757  FAIL
  CC_REGULAR   2024    0.112  0.098  PASS   0.708  0.759  FAIL
  CC_REGULAR   2025    0.114  0.100  PASS   0.736  0.744  PASS
  COAL         2023    0.095  0.082  PASS   0.779  0.802  FAIL
  COAL         2024    0.088  0.073  PASS   0.782  0.802  FAIL
  COAL         2025    0.100  0.085  PASS   0.697  0.705  PASS
  CT_CHP       2023    0.078  0.097  PASS   0.202  0.197  PASS
  CT_CHP       2024    0.109  0.123  PASS   0.102  0.074  PASS
  CT_CHP       2025    0.081  0.096  PASS   0.140  0.151  PASS
  CT_PEAKER    2023    0.069  0.081  PASS   0.537  0.544  PASS
  CT_PEAKER    2024    0.081  0.080  PASS   0.456  0.466  PASS
  CT_PEAKER    2025    0.066  0.073  PASS   0.425  0.475  FAIL
  ST_GAS       2023    0.102  0.069  FAIL   0.725  0.761  FAIL
  ST_GAS       2024    0.126  0.098  FAIL   0.600  0.631  FAIL
  ST_GAS       2025    0.118  0.115  PASS   0.656  0.654  PASS
  [7c] operating-shape gate: 13 regression(s)
