=== miso-70 main y2023 START 2026-07-16T23:37:08Z ===
miso-70 main: years=[2023] out=results/calibration/_miso70_acc/main/y2023 reuse=None composition=ON (maxgen+tier)
WARNING: MISO: CC plant 1403 fleet pmax sum 896.0 MW exceeds trusted bound 649.5 MW (nameplate; corrupt summer-capacity rows) — reconciled (246.5 MW removed)
WARNING: MISO: CC plant 55218 fleet pmax sum 810.9 MW exceeds trusted bound 551.3 MW (nameplate; corrupt summer-capacity rows) — reconciled (259.6 MW removed)
WARNING: MISO: CC plant 55220 fleet pmax sum 811.9 MW exceeds trusted bound 551.3 MW (nameplate; corrupt summer-capacity rows) — reconciled (260.6 MW removed)
WARNING: MISO: CC plant 55380 fleet pmax sum 3456.6 MW exceeds trusted bound 2428.0 MW (nameplate; corrupt summer-capacity rows) — reconciled (1028.6 MW removed)
WARNING: MISO: CC plant 55418 fleet pmax sum 957.0 MW exceeds trusted bound 714.8 MW (nameplate; corrupt summer-capacity rows) — reconciled (242.2 MW removed)
WARNING: MISO: CC plant 55467 fleet pmax sum 1257.2 MW exceeds trusted bound 903.9 MW (nameplate; corrupt summer-capacity rows) — reconciled (353.3 MW removed)
WARNING: MISO: CC plant 55620 fleet pmax sum 972.6 MW exceeds trusted bound 637.9 MW (nameplate; corrupt summer-capacity rows) — reconciled (334.7 MW removed)
INFO: Loaded MISO fleet from EIA-860 parquet (1975 generators)
INFO: Binned fleet cache for MISO is up to date — loaded from miso_fleet_binned.parquet
INFO: solving MISO 2023 (hours=8760, Henry Hub=$2.54/MMBtu, commitment=False)
INFO: MISO 2023: miso_south_seam_split — South seam re-homed onto its own external zone (RDT wheel-through bypass severed)
INFO: MISO 2023: miso_rdt_tcdc — RDT pair replaced with 92% default derate + $40/$500 TCDC tiers (2024 SOM §III.B) + RPE $200 additive on violation tiers (miso_rpe_pricing, 2024 SOM §II.E/§III.B)
WARNING: capacity-deliverability: clean partition for MISO absent; run scripts/curate_capacity_deliverability.py. Returning no limits.
WARNING: MISO 2023: capacity-deliverability clean partition absent — falling back to static PY2025-26 summer CIL/CEL caps; run scripts/curate_capacity_deliverability.py
INFO: loaded 54 within-window retiree units for MISO (3337 MW, plants [202, 862, 1024, 1047, 1740, 1741, 1846, 1971, 2050, 6155, 6356, 7842, 10075, 10149, 10477, 52006, 54748, 56247, 57208, 59808, 63709, 65494])
INFO: re-carried 11 mothballed-but-operating units for MISO 2023 (608 MW; OA in the snapshot, OP in vintage_2023; plants [941, 10234, 50772, 50936, 55358, 58052, 58330])
WARNING: MISO: CC plant 1403 fleet pmax sum 896.0 MW exceeds trusted bound 649.5 MW (nameplate; corrupt summer-capacity rows) — reconciled (246.5 MW removed)
WARNING: MISO: CC plant 55218 fleet pmax sum 810.9 MW exceeds trusted bound 551.3 MW (nameplate; corrupt summer-capacity rows) — reconciled (259.6 MW removed)
WARNING: MISO: CC plant 55220 fleet pmax sum 811.9 MW exceeds trusted bound 551.3 MW (nameplate; corrupt summer-capacity rows) — reconciled (260.6 MW removed)
WARNING: MISO: CC plant 55380 fleet pmax sum 3456.6 MW exceeds trusted bound 2428.0 MW (nameplate; corrupt summer-capacity rows) — reconciled (1028.6 MW removed)
WARNING: MISO: CC plant 55418 fleet pmax sum 957.0 MW exceeds trusted bound 714.8 MW (nameplate; corrupt summer-capacity rows) — reconciled (242.2 MW removed)
WARNING: MISO: CC plant 55467 fleet pmax sum 1257.2 MW exceeds trusted bound 903.9 MW (nameplate; corrupt summer-capacity rows) — reconciled (353.3 MW removed)
WARNING: MISO: CC plant 55620 fleet pmax sum 972.6 MW exceeds trusted bound 637.9 MW (nameplate; corrupt summer-capacity rows) — reconciled (334.7 MW removed)
INFO: Loaded MISO fleet from EIA-860 parquet (1975 generators)
INFO: Binned fleet cache for MISO is up to date — loaded from miso_fleet_binned.parquet
INFO: CC capacity reconcile: raised 16 / capped 7 plant(s) to demonstrated peak (+10 MW total) from cc_capacity_reconcile_MISO.csv
WARNING: MISO: CC plant 1403 fleet pmax sum 896.0 MW exceeds trusted bound 649.5 MW (nameplate; corrupt summer-capacity rows) — reconciled (246.5 MW removed)
WARNING: MISO: CC plant 55218 fleet pmax sum 810.9 MW exceeds trusted bound 551.3 MW (nameplate; corrupt summer-capacity rows) — reconciled (259.6 MW removed)
WARNING: MISO: CC plant 55220 fleet pmax sum 811.9 MW exceeds trusted bound 551.3 MW (nameplate; corrupt summer-capacity rows) — reconciled (260.6 MW removed)
WARNING: MISO: CC plant 55380 fleet pmax sum 3456.6 MW exceeds trusted bound 2428.0 MW (nameplate; corrupt summer-capacity rows) — reconciled (1028.6 MW removed)
WARNING: MISO: CC plant 55418 fleet pmax sum 957.0 MW exceeds trusted bound 714.8 MW (nameplate; corrupt summer-capacity rows) — reconciled (242.2 MW removed)
WARNING: MISO: CC plant 55467 fleet pmax sum 1257.2 MW exceeds trusted bound 903.9 MW (nameplate; corrupt summer-capacity rows) — reconciled (353.3 MW removed)
WARNING: MISO: CC plant 55620 fleet pmax sum 972.6 MW exceeds trusted bound 637.9 MW (nameplate; corrupt summer-capacity rows) — reconciled (334.7 MW removed)
INFO: Loaded MISO fleet from EIA-860 parquet (1975 generators)
INFO: Binned fleet cache for MISO is up to date — loaded from miso_fleet_binned.parquet
INFO: loaded 54 within-window retiree units for MISO (3337 MW, plants [202, 862, 1024, 1047, 1740, 1741, 1846, 1971, 2050, 6155, 6356, 7842, 10075, 10149, 10477, 52006, 54748, 56247, 57208, 59808, 63709, 65494])
INFO: unit-outage derate (MISO 2023): 828 plant-tranches derated
INFO: short unit-outage derate (MISO 2023): 154 plant-tranches derated (< 5-day baseload-coal windows)
INFO: maxgen event-window derate (MISO 2023): 1214 plant-tranches derated (declared-window revealed unit derates)
INFO: ST_GAS p25-level floor (MISO 2023): floored 16 plant(s), 14.53 TWh in measured online windows (level = p25_cf x nameplate, cheapest-first, clipped to pmax*availability)
INFO: COD ramp (MISO 2023): 476 unit-months masked offline (mid-year COD / retirement), 20 unit(s) fully not-yet-built/retired
WARNING: MISO: CC plant 1403 fleet pmax sum 896.0 MW exceeds trusted bound 649.5 MW (nameplate; corrupt summer-capacity rows) — reconciled (246.5 MW removed)
WARNING: MISO: CC plant 55218 fleet pmax sum 810.9 MW exceeds trusted bound 551.3 MW (nameplate; corrupt summer-capacity rows) — reconciled (259.6 MW removed)
WARNING: MISO: CC plant 55220 fleet pmax sum 811.9 MW exceeds trusted bound 551.3 MW (nameplate; corrupt summer-capacity rows) — reconciled (260.6 MW removed)
WARNING: MISO: CC plant 55380 fleet pmax sum 3456.6 MW exceeds trusted bound 2428.0 MW (nameplate; corrupt summer-capacity rows) — reconciled (1028.6 MW removed)
WARNING: MISO: CC plant 55418 fleet pmax sum 957.0 MW exceeds trusted bound 714.8 MW (nameplate; corrupt summer-capacity rows) — reconciled (242.2 MW removed)
WARNING: MISO: CC plant 55467 fleet pmax sum 1257.2 MW exceeds trusted bound 903.9 MW (nameplate; corrupt summer-capacity rows) — reconciled (353.3 MW removed)
WARNING: MISO: CC plant 55620 fleet pmax sum 972.6 MW exceeds trusted bound 637.9 MW (nameplate; corrupt summer-capacity rows) — reconciled (334.7 MW removed)
INFO: Loaded MISO fleet from EIA-860 parquet (1975 generators)
INFO: Binned fleet cache for MISO is up to date — loaded from miso_fleet_binned.parquet
INFO: MISO 2023 hydro budget pinned to monthly target total 9979.0 GWh (was 8789.4 GWh)
INFO: Loaded MISO 2023 hydro budget: 163 plants, 9979.0 GWh annual, 2465 MW nameplate
INFO: MISO 2023: 163 hydro plants in LP (2465 MW, 9.98 TWh monthly budget)
INFO: MISO 2023: priced import/export node — 25 import tranches (15026 MW), 24 export sinks (14300 MW)
INFO: unit-outage derate (MISO 2023): 828 plant-tranches derated
INFO: short unit-outage derate (MISO 2023): 154 plant-tranches derated (< 5-day baseload-coal windows)
INFO: maxgen event-window derate (MISO 2023): 1214 plant-tranches derated (declared-window revealed unit derates)
INFO: ST_GAS p25-level floor (MISO 2023): floored 16 plant(s), 12.61 TWh in measured online windows (level = p25_cf x nameplate, cheapest-first, clipped to pmax*availability)
INFO: COD ramp (MISO 2023): 515 unit-months masked offline (mid-year COD / retirement), 20 unit(s) fully not-yet-built/retired
INFO: MISO 2023: reference-price seam import capped at measured EIA-930 BA-to-BA deliverability envelope (p90; SPP/South clip toward ~0 import, PJM keeps its measured eastern transfer)
INFO: MISO 2023: reference-price seam export capped at measured EIA-930 BA-to-BA net-export envelope (p90; PJM seam clips export toward ~0, SPP/South keep their measured export headroom)
INFO: MISO 2023: reliability floor — 12 enabled limb spec(s) applied from RELIABILITY_FLOOR_REGISTRY
INFO: F923 fuel costs for 2023: 992 generators priced from their own plant, 1841 gap-filled from nearby (state/zone) plants
INFO: MISO zonal gas basis (2023): 1500 gas units; cap-weighted mean +0.16 removed, zonal spread -0.26..0.30 $/MMBtu
INFO: MISO 2023: reference-price interface — 3 neighbor seams priced from gas x heat-rate x load-shape (hurdle in $/MWh); PJM seam re-anchored to its western (ComEd/AEP/ATSI) border hubs
INFO: MISO 2023: Manitoba firm-hydro import baseload floored (must-flow)
INFO: MISO 2023: seam bands repriced to the MEASURED per-seam Q-Q ladders (EIA-930 flow durations x MISO DA hub quantiles; PJM/SPP/South, import + export; no added hurdle)
INFO: maxgen tier pricing (MISO 2023): maxgen_event_step2 footprint 2023-08-24 12:00:00 -> 2023-08-25 00:00:00, 12 hours x 6 zones at $1000 slack floor
INFO: energy+reserve co-opt (MISO): RBDC market-wide requirement 2424 MW at h0 (measured hourly cleared reg+spin+supp), 11 ORDC steps ($200-$3500), 2560 reserve-eligible units
INFO:   MISO zonal reserve family miso_zonal_or_miso_south: requirement 269 MW at h0 (measured hourly South reservation), published zonal curve steps ['206MW@$200', '722MW@$1100', '103MW@$3300']
INFO:   MISO PER-ASSET reserve columns (miso_reserve_pergen): 2547 members pooled into 30 (zone, fuel-class) R columns, availability-scaled 10-min deliverable ramp cap mean 37107 / min 32322 MW
INFO: Matrix build: 11.708s, Solve: 355.660s (cold)
INFO: Matrix build: 11.708s, Solve: 112.967s (warm)
INFO: EIA-923 2023: CAMPD-backfilled 6 under-reported plant(s) across 7 class-row(s) (7 replaced, 0 added)
INFO: EIA-923 2023 hydro 7.95 TWh under-counts EIA-930 9.98 TWh; using EIA-930 grid total
INFO: year 2023 phase timing: data_prep=58.7s solve_p0=355.7s markup=53.6s solve_p1=113.0s results_write=35.2s total=616.1s
INFO: wrote calibration bundle to results/calibration/_miso70_acc/main/y2023
solved into results/calibration/_miso70_acc/main/y2023
=== miso-70 main y2024 START 2026-07-16T23:47:28Z ===
miso-70 main: years=[2023, 2024] out=results/calibration/_miso70_acc/main/y2024 reuse=results/calibration/_miso70_acc/main/y2023 composition=ON (maxgen+tier)
WARNING: --reuse-solved: year 2024 will solve fresh: year not solved in the prior bundle
INFO: --reuse-solved results/calibration/_miso70_acc/main/y2023: reusing years [2023], solving fresh [2024]
INFO: year 2023 REUSED from results/calibration/_miso70_acc/main/y2023 (config hash 3374da389fed9160) in 0.1s — copied artifacts, no solve; NOT fresh evidence
WARNING: MISO: CC plant 1403 fleet pmax sum 896.0 MW exceeds trusted bound 649.5 MW (nameplate; corrupt summer-capacity rows) — reconciled (246.5 MW removed)
WARNING: MISO: CC plant 55218 fleet pmax sum 810.9 MW exceeds trusted bound 551.3 MW (nameplate; corrupt summer-capacity rows) — reconciled (259.6 MW removed)
WARNING: MISO: CC plant 55220 fleet pmax sum 811.9 MW exceeds trusted bound 551.3 MW (nameplate; corrupt summer-capacity rows) — reconciled (260.6 MW removed)
WARNING: MISO: CC plant 55380 fleet pmax sum 3456.6 MW exceeds trusted bound 2428.0 MW (nameplate; corrupt summer-capacity rows) — reconciled (1028.6 MW removed)
WARNING: MISO: CC plant 55418 fleet pmax sum 957.0 MW exceeds trusted bound 714.8 MW (nameplate; corrupt summer-capacity rows) — reconciled (242.2 MW removed)
WARNING: MISO: CC plant 55467 fleet pmax sum 1257.2 MW exceeds trusted bound 903.9 MW (nameplate; corrupt summer-capacity rows) — reconciled (353.3 MW removed)
WARNING: MISO: CC plant 55620 fleet pmax sum 972.6 MW exceeds trusted bound 637.9 MW (nameplate; corrupt summer-capacity rows) — reconciled (334.7 MW removed)
INFO: Loaded MISO fleet from EIA-860 parquet (1975 generators)
INFO: Binned fleet cache for MISO is up to date — loaded from miso_fleet_binned.parquet
INFO: solving MISO 2024 (hours=8760, Henry Hub=$2.19/MMBtu, commitment=False)
INFO: MISO 2024: miso_south_seam_split — South seam re-homed onto its own external zone (RDT wheel-through bypass severed)
INFO: MISO 2024: miso_rdt_tcdc — RDT pair replaced with 92% default derate + $40/$500 TCDC tiers (2024 SOM §III.B) + RPE $200 additive on violation tiers (miso_rpe_pricing, 2024 SOM §II.E/§III.B)
WARNING: capacity-deliverability: clean partition for MISO absent; run scripts/curate_capacity_deliverability.py. Returning no limits.
WARNING: MISO 2024: capacity-deliverability clean partition absent — falling back to static PY2025-26 summer CIL/CEL caps; run scripts/curate_capacity_deliverability.py
INFO: loaded 54 within-window retiree units for MISO (3337 MW, plants [202, 862, 1024, 1047, 1740, 1741, 1846, 1971, 2050, 6155, 6356, 7842, 10075, 10149, 10477, 52006, 54748, 56247, 57208, 59808, 63709, 65494])
INFO: re-carried 9 mothballed-but-operating units for MISO 2024 (587 MW; OA in the snapshot, OP in vintage_2024; plants [941, 10234, 50936, 55358, 58330])
WARNING: MISO: CC plant 1403 fleet pmax sum 896.0 MW exceeds trusted bound 649.5 MW (nameplate; corrupt summer-capacity rows) — reconciled (246.5 MW removed)
WARNING: MISO: CC plant 55218 fleet pmax sum 810.9 MW exceeds trusted bound 551.3 MW (nameplate; corrupt summer-capacity rows) — reconciled (259.6 MW removed)
WARNING: MISO: CC plant 55220 fleet pmax sum 811.9 MW exceeds trusted bound 551.3 MW (nameplate; corrupt summer-capacity rows) — reconciled (260.6 MW removed)
WARNING: MISO: CC plant 55380 fleet pmax sum 3456.6 MW exceeds trusted bound 2428.0 MW (nameplate; corrupt summer-capacity rows) — reconciled (1028.6 MW removed)
WARNING: MISO: CC plant 55418 fleet pmax sum 957.0 MW exceeds trusted bound 714.8 MW (nameplate; corrupt summer-capacity rows) — reconciled (242.2 MW removed)
WARNING: MISO: CC plant 55467 fleet pmax sum 1257.2 MW exceeds trusted bound 903.9 MW (nameplate; corrupt summer-capacity rows) — reconciled (353.3 MW removed)
WARNING: MISO: CC plant 55620 fleet pmax sum 972.6 MW exceeds trusted bound 637.9 MW (nameplate; corrupt summer-capacity rows) — reconciled (334.7 MW removed)
INFO: Loaded MISO fleet from EIA-860 parquet (1975 generators)
INFO: Binned fleet cache for MISO is up to date — loaded from miso_fleet_binned.parquet
INFO: CC capacity reconcile: raised 16 / capped 7 plant(s) to demonstrated peak (+10 MW total) from cc_capacity_reconcile_MISO.csv
WARNING: MISO: CC plant 1403 fleet pmax sum 896.0 MW exceeds trusted bound 649.5 MW (nameplate; corrupt summer-capacity rows) — reconciled (246.5 MW removed)
WARNING: MISO: CC plant 55218 fleet pmax sum 810.9 MW exceeds trusted bound 551.3 MW (nameplate; corrupt summer-capacity rows) — reconciled (259.6 MW removed)
WARNING: MISO: CC plant 55220 fleet pmax sum 811.9 MW exceeds trusted bound 551.3 MW (nameplate; corrupt summer-capacity rows) — reconciled (260.6 MW removed)
WARNING: MISO: CC plant 55380 fleet pmax sum 3456.6 MW exceeds trusted bound 2428.0 MW (nameplate; corrupt summer-capacity rows) — reconciled (1028.6 MW removed)
WARNING: MISO: CC plant 55418 fleet pmax sum 957.0 MW exceeds trusted bound 714.8 MW (nameplate; corrupt summer-capacity rows) — reconciled (242.2 MW removed)
WARNING: MISO: CC plant 55467 fleet pmax sum 1257.2 MW exceeds trusted bound 903.9 MW (nameplate; corrupt summer-capacity rows) — reconciled (353.3 MW removed)
WARNING: MISO: CC plant 55620 fleet pmax sum 972.6 MW exceeds trusted bound 637.9 MW (nameplate; corrupt summer-capacity rows) — reconciled (334.7 MW removed)
INFO: Loaded MISO fleet from EIA-860 parquet (1975 generators)
INFO: Binned fleet cache for MISO is up to date — loaded from miso_fleet_binned.parquet
INFO: loaded 54 within-window retiree units for MISO (3337 MW, plants [202, 862, 1024, 1047, 1740, 1741, 1846, 1971, 2050, 6155, 6356, 7842, 10075, 10149, 10477, 52006, 54748, 56247, 57208, 59808, 63709, 65494])
INFO: unit-outage derate (MISO 2024): 831 plant-tranches derated
INFO: short unit-outage derate (MISO 2024): 134 plant-tranches derated (< 5-day baseload-coal windows)
INFO: maxgen event-window derate (MISO 2024): 1209 plant-tranches derated (declared-window revealed unit derates)
INFO: ST_GAS p25-level floor (MISO 2024): floored 16 plant(s), 15.87 TWh in measured online windows (level = p25_cf x nameplate, cheapest-first, clipped to pmax*availability)
INFO: COD ramp (MISO 2024): 707 unit-months masked offline (mid-year COD / retirement), 41 unit(s) fully not-yet-built/retired
WARNING: MISO: CC plant 1403 fleet pmax sum 896.0 MW exceeds trusted bound 649.5 MW (nameplate; corrupt summer-capacity rows) — reconciled (246.5 MW removed)
WARNING: MISO: CC plant 55218 fleet pmax sum 810.9 MW exceeds trusted bound 551.3 MW (nameplate; corrupt summer-capacity rows) — reconciled (259.6 MW removed)
WARNING: MISO: CC plant 55220 fleet pmax sum 811.9 MW exceeds trusted bound 551.3 MW (nameplate; corrupt summer-capacity rows) — reconciled (260.6 MW removed)
WARNING: MISO: CC plant 55380 fleet pmax sum 3456.6 MW exceeds trusted bound 2428.0 MW (nameplate; corrupt summer-capacity rows) — reconciled (1028.6 MW removed)
WARNING: MISO: CC plant 55418 fleet pmax sum 957.0 MW exceeds trusted bound 714.8 MW (nameplate; corrupt summer-capacity rows) — reconciled (242.2 MW removed)
WARNING: MISO: CC plant 55467 fleet pmax sum 1257.2 MW exceeds trusted bound 903.9 MW (nameplate; corrupt summer-capacity rows) — reconciled (353.3 MW removed)
WARNING: MISO: CC plant 55620 fleet pmax sum 972.6 MW exceeds trusted bound 637.9 MW (nameplate; corrupt summer-capacity rows) — reconciled (334.7 MW removed)
INFO: Loaded MISO fleet from EIA-860 parquet (1975 generators)
INFO: Binned fleet cache for MISO is up to date — loaded from miso_fleet_binned.parquet
INFO: MISO 2024 hydro budget pinned to monthly target total 10710.3 GWh (was 9042.0 GWh)
INFO: Loaded MISO 2024 hydro budget: 160 plants, 10710.3 GWh annual, 2372 MW nameplate
INFO: MISO 2024: 160 hydro plants in LP (2372 MW, 10.71 TWh monthly budget)
INFO: MISO 2024: priced import/export node — 25 import tranches (14831 MW), 24 export sinks (14300 MW)
INFO: unit-outage derate (MISO 2024): 831 plant-tranches derated
INFO: short unit-outage derate (MISO 2024): 134 plant-tranches derated (< 5-day baseload-coal windows)
INFO: maxgen event-window derate (MISO 2024): 1209 plant-tranches derated (declared-window revealed unit derates)
INFO: ST_GAS p25-level floor (MISO 2024): floored 16 plant(s), 13.23 TWh in measured online windows (level = p25_cf x nameplate, cheapest-first, clipped to pmax*availability)
INFO: COD ramp (MISO 2024): 879 unit-months masked offline (mid-year COD / retirement), 50 unit(s) fully not-yet-built/retired
INFO: MISO 2024: reference-price seam import capped at measured EIA-930 BA-to-BA deliverability envelope (p90; SPP/South clip toward ~0 import, PJM keeps its measured eastern transfer)
INFO: MISO 2024: reference-price seam export capped at measured EIA-930 BA-to-BA net-export envelope (p90; PJM seam clips export toward ~0, SPP/South keep their measured export headroom)
INFO: MISO 2024: reliability floor — 12 enabled limb spec(s) applied from RELIABILITY_FLOOR_REGISTRY
INFO: F923 fuel costs for 2024: 978 generators priced from their own plant, 1900 gap-filled from nearby (state/zone) plants
INFO: MISO zonal gas basis (2024): 1503 gas units; cap-weighted mean +0.28 removed, zonal spread -0.16..0.11 $/MMBtu
INFO: MISO 2024: reference-price interface — 3 neighbor seams priced from gas x heat-rate x load-shape (hurdle in $/MWh); PJM seam re-anchored to its western (ComEd/AEP/ATSI) border hubs
INFO: MISO 2024: Manitoba firm-hydro import baseload floored (must-flow)
INFO: MISO 2024: seam bands repriced to the MEASURED per-seam Q-Q ladders (EIA-930 flow durations x MISO DA hub quantiles; PJM/SPP/South, import + export; no added hurdle)
INFO: maxgen tier pricing (MISO 2024): maxgen_warning footprint 2024-08-26 13:00:00 -> 2024-08-26 20:00:00, 7 hours x 6 zones at $500 slack floor
INFO: energy+reserve co-opt (MISO): RBDC market-wide requirement 2410 MW at h0 (measured hourly cleared reg+spin+supp), 11 ORDC steps ($200-$3500), 2563 reserve-eligible units
INFO:   MISO zonal reserve family miso_zonal_or_miso_south: requirement 521 MW at h0 (measured hourly South reservation), published zonal curve steps ['238MW@$200', '835MW@$1100', '119MW@$3300']
INFO:   MISO PER-ASSET reserve columns (miso_reserve_pergen): 2550 members pooled into 30 (zone, fuel-class) R columns, availability-scaled 10-min deliverable ramp cap mean 37002 / min 32584 MW
INFO: Matrix build: 7.561s, Solve: 338.577s (cold)
INFO: Matrix build: 7.561s, Solve: 102.392s (warm)
INFO: EIA-923 2024: CAMPD-backfilled 3 under-reported plant(s) across 3 class-row(s) (3 replaced, 0 added)
INFO: EIA-923 2024 hydro 8.01 TWh under-counts EIA-930 10.74 TWh; using EIA-930 grid total
INFO: year 2024 phase timing: data_prep=55.2s solve_p0=338.6s markup=55.2s solve_p1=102.4s results_write=36.9s total=588.3s
INFO: wrote calibration bundle to results/calibration/_miso70_acc/main/y2024
solved into results/calibration/_miso70_acc/main/y2024
=== miso-70 main final START 2026-07-16T23:57:22Z ===
miso-70 main: years=[2023, 2024, 2025] out=results/calibration/miso70_tier_pricing reuse=results/calibration/_miso70_acc/main/y2024 composition=ON (maxgen+tier)
WARNING: --reuse-solved: year 2025 will solve fresh: year not solved in the prior bundle
INFO: --reuse-solved results/calibration/_miso70_acc/main/y2024: reusing years [2023, 2024], solving fresh [2025]
INFO: year 2023 REUSED from results/calibration/_miso70_acc/main/y2024 (config hash 3374da389fed9160) in 0.4s — copied artifacts, no solve; NOT fresh evidence
INFO: year 2024 REUSED from results/calibration/_miso70_acc/main/y2024 (config hash df172fb4e2a26e2e) in 0.3s — copied artifacts, no solve; NOT fresh evidence
WARNING: MISO: CC plant 1403 fleet pmax sum 896.0 MW exceeds trusted bound 649.5 MW (nameplate; corrupt summer-capacity rows) — reconciled (246.5 MW removed)
WARNING: MISO: CC plant 55218 fleet pmax sum 810.9 MW exceeds trusted bound 551.3 MW (nameplate; corrupt summer-capacity rows) — reconciled (259.6 MW removed)
WARNING: MISO: CC plant 55220 fleet pmax sum 811.9 MW exceeds trusted bound 551.3 MW (nameplate; corrupt summer-capacity rows) — reconciled (260.6 MW removed)
WARNING: MISO: CC plant 55380 fleet pmax sum 3456.6 MW exceeds trusted bound 2428.0 MW (nameplate; corrupt summer-capacity rows) — reconciled (1028.6 MW removed)
WARNING: MISO: CC plant 55418 fleet pmax sum 957.0 MW exceeds trusted bound 714.8 MW (nameplate; corrupt summer-capacity rows) — reconciled (242.2 MW removed)
WARNING: MISO: CC plant 55467 fleet pmax sum 1257.2 MW exceeds trusted bound 903.9 MW (nameplate; corrupt summer-capacity rows) — reconciled (353.3 MW removed)
WARNING: MISO: CC plant 55620 fleet pmax sum 972.6 MW exceeds trusted bound 637.9 MW (nameplate; corrupt summer-capacity rows) — reconciled (334.7 MW removed)
INFO: Loaded MISO fleet from EIA-860 parquet (1975 generators)
INFO: Binned fleet cache for MISO is up to date — loaded from miso_fleet_binned.parquet
INFO: solving MISO 2025 (hours=8760, Henry Hub=$3.52/MMBtu, commitment=False)
INFO: MISO 2025: miso_south_seam_split — South seam re-homed onto its own external zone (RDT wheel-through bypass severed)
INFO: MISO 2025: miso_rdt_tcdc — RDT pair replaced with 92% default derate + $40/$500 TCDC tiers (2024 SOM §III.B) + RPE $200 additive on violation tiers (miso_rpe_pricing, 2024 SOM §II.E/§III.B)
WARNING: capacity-deliverability: clean partition for MISO absent; run scripts/curate_capacity_deliverability.py. Returning no limits.
WARNING: MISO 2025: capacity-deliverability clean partition absent — falling back to static PY2025-26 summer CIL/CEL caps; run scripts/curate_capacity_deliverability.py
INFO: loaded 54 within-window retiree units for MISO (3337 MW, plants [202, 862, 1024, 1047, 1740, 1741, 1846, 1971, 2050, 6155, 6356, 7842, 10075, 10149, 10477, 52006, 54748, 56247, 57208, 59808, 63709, 65494])
WARNING: MISO: CC plant 1403 fleet pmax sum 896.0 MW exceeds trusted bound 649.5 MW (nameplate; corrupt summer-capacity rows) — reconciled (246.5 MW removed)
WARNING: MISO: CC plant 55218 fleet pmax sum 810.9 MW exceeds trusted bound 551.3 MW (nameplate; corrupt summer-capacity rows) — reconciled (259.6 MW removed)
WARNING: MISO: CC plant 55220 fleet pmax sum 811.9 MW exceeds trusted bound 551.3 MW (nameplate; corrupt summer-capacity rows) — reconciled (260.6 MW removed)
WARNING: MISO: CC plant 55380 fleet pmax sum 3456.6 MW exceeds trusted bound 2428.0 MW (nameplate; corrupt summer-capacity rows) — reconciled (1028.6 MW removed)
WARNING: MISO: CC plant 55418 fleet pmax sum 957.0 MW exceeds trusted bound 714.8 MW (nameplate; corrupt summer-capacity rows) — reconciled (242.2 MW removed)
WARNING: MISO: CC plant 55467 fleet pmax sum 1257.2 MW exceeds trusted bound 903.9 MW (nameplate; corrupt summer-capacity rows) — reconciled (353.3 MW removed)
WARNING: MISO: CC plant 55620 fleet pmax sum 972.6 MW exceeds trusted bound 637.9 MW (nameplate; corrupt summer-capacity rows) — reconciled (334.7 MW removed)
INFO: Loaded MISO fleet from EIA-860 parquet (1975 generators)
INFO: Binned fleet cache for MISO is up to date — loaded from miso_fleet_binned.parquet
INFO: CC capacity reconcile: raised 16 / capped 7 plant(s) to demonstrated peak (+10 MW total) from cc_capacity_reconcile_MISO.csv
WARNING: MISO: CC plant 1403 fleet pmax sum 896.0 MW exceeds trusted bound 649.5 MW (nameplate; corrupt summer-capacity rows) — reconciled (246.5 MW removed)
WARNING: MISO: CC plant 55218 fleet pmax sum 810.9 MW exceeds trusted bound 551.3 MW (nameplate; corrupt summer-capacity rows) — reconciled (259.6 MW removed)
WARNING: MISO: CC plant 55220 fleet pmax sum 811.9 MW exceeds trusted bound 551.3 MW (nameplate; corrupt summer-capacity rows) — reconciled (260.6 MW removed)
WARNING: MISO: CC plant 55380 fleet pmax sum 3456.6 MW exceeds trusted bound 2428.0 MW (nameplate; corrupt summer-capacity rows) — reconciled (1028.6 MW removed)
WARNING: MISO: CC plant 55418 fleet pmax sum 957.0 MW exceeds trusted bound 714.8 MW (nameplate; corrupt summer-capacity rows) — reconciled (242.2 MW removed)
WARNING: MISO: CC plant 55467 fleet pmax sum 1257.2 MW exceeds trusted bound 903.9 MW (nameplate; corrupt summer-capacity rows) — reconciled (353.3 MW removed)
WARNING: MISO: CC plant 55620 fleet pmax sum 972.6 MW exceeds trusted bound 637.9 MW (nameplate; corrupt summer-capacity rows) — reconciled (334.7 MW removed)
INFO: Loaded MISO fleet from EIA-860 parquet (1975 generators)
INFO: Binned fleet cache for MISO is up to date — loaded from miso_fleet_binned.parquet
INFO: loaded 54 within-window retiree units for MISO (3337 MW, plants [202, 862, 1024, 1047, 1740, 1741, 1846, 1971, 2050, 6155, 6356, 7842, 10075, 10149, 10477, 52006, 54748, 56247, 57208, 59808, 63709, 65494])
INFO: unit-outage derate (MISO 2025): 870 plant-tranches derated
INFO: short unit-outage derate (MISO 2025): 181 plant-tranches derated (< 5-day baseload-coal windows)
INFO: maxgen event-window derate (MISO 2025): 1213 plant-tranches derated (declared-window revealed unit derates)
INFO: ST_GAS p25-level floor (MISO 2025): floored 16 plant(s), 16.88 TWh in measured online windows (level = p25_cf x nameplate, cheapest-first, clipped to pmax*availability)
INFO: COD ramp (MISO 2025): 988 unit-months masked offline (mid-year COD / retirement), 69 unit(s) fully not-yet-built/retired
WARNING: MISO: CC plant 1403 fleet pmax sum 896.0 MW exceeds trusted bound 649.5 MW (nameplate; corrupt summer-capacity rows) — reconciled (246.5 MW removed)
WARNING: MISO: CC plant 55218 fleet pmax sum 810.9 MW exceeds trusted bound 551.3 MW (nameplate; corrupt summer-capacity rows) — reconciled (259.6 MW removed)
WARNING: MISO: CC plant 55220 fleet pmax sum 811.9 MW exceeds trusted bound 551.3 MW (nameplate; corrupt summer-capacity rows) — reconciled (260.6 MW removed)
WARNING: MISO: CC plant 55380 fleet pmax sum 3456.6 MW exceeds trusted bound 2428.0 MW (nameplate; corrupt summer-capacity rows) — reconciled (1028.6 MW removed)
WARNING: MISO: CC plant 55418 fleet pmax sum 957.0 MW exceeds trusted bound 714.8 MW (nameplate; corrupt summer-capacity rows) — reconciled (242.2 MW removed)
WARNING: MISO: CC plant 55467 fleet pmax sum 1257.2 MW exceeds trusted bound 903.9 MW (nameplate; corrupt summer-capacity rows) — reconciled (353.3 MW removed)
WARNING: MISO: CC plant 55620 fleet pmax sum 972.6 MW exceeds trusted bound 637.9 MW (nameplate; corrupt summer-capacity rows) — reconciled (334.7 MW removed)
INFO: Loaded MISO fleet from EIA-860 parquet (1975 generators)
INFO: Binned fleet cache for MISO is up to date — loaded from miso_fleet_binned.parquet
INFO: MISO 2025 hydro budget: backfilled 146 non-reporting plants (8107.5 GWh) from 2024
INFO: MISO 2025 hydro budget pinned to monthly target total 9871.8 GWh (was 9077.2 GWh)
INFO: Loaded MISO 2025 hydro budget: 160 plants, 9871.8 GWh annual, 2372 MW nameplate
INFO: MISO 2025: 160 hydro plants in LP (2372 MW, 9.87 TWh monthly budget)
INFO: MISO 2025: priced import/export node — 25 import tranches (14524 MW), 24 export sinks (14300 MW)
INFO: unit-outage derate (MISO 2025): 870 plant-tranches derated
INFO: short unit-outage derate (MISO 2025): 181 plant-tranches derated (< 5-day baseload-coal windows)
INFO: maxgen event-window derate (MISO 2025): 1213 plant-tranches derated (declared-window revealed unit derates)
INFO: ST_GAS p25-level floor (MISO 2025): floored 16 plant(s), 13.71 TWh in measured online windows (level = p25_cf x nameplate, cheapest-first, clipped to pmax*availability)
INFO: COD ramp (MISO 2025): 1300 unit-months masked offline (mid-year COD / retirement), 95 unit(s) fully not-yet-built/retired
INFO: MISO 2025: reference-price seam import capped at measured EIA-930 BA-to-BA deliverability envelope (p90; SPP/South clip toward ~0 import, PJM keeps its measured eastern transfer)
INFO: MISO 2025: reference-price seam export capped at measured EIA-930 BA-to-BA net-export envelope (p90; PJM seam clips export toward ~0, SPP/South keep their measured export headroom)
INFO: MISO 2025: reliability floor — 12 enabled limb spec(s) applied from RELIABILITY_FLOOR_REGISTRY
INFO: F923 fuel costs for 2025: 971 generators priced from their own plant, 1820 gap-filled from nearby (state/zone) plants
INFO: MISO zonal gas basis (2025): 1499 gas units; cap-weighted mean +0.07 removed, zonal spread -0.65..0.27 $/MMBtu
INFO: MISO 2025: reference-price interface — 3 neighbor seams priced from gas x heat-rate x load-shape (hurdle in $/MWh); PJM seam re-anchored to its western (ComEd/AEP/ATSI) border hubs
INFO: MISO 2025: Manitoba firm-hydro import baseload floored (must-flow)
INFO: MISO 2025: seam bands repriced to the MEASURED per-seam Q-Q ladders (EIA-930 flow durations x MISO DA hub quantiles; PJM/SPP/South, import + export; no added hurdle)
INFO: maxgen tier pricing (MISO 2025): maxgen_event_step1 midwest 2025-06-23 00:00:00 -> 2025-06-24 00:00:00, 24 hours x 5 zones at $500 slack floor
INFO: maxgen tier pricing (MISO 2025): maxgen_warning midwest 2025-06-24 00:00:00 -> 2025-06-25 00:00:00, 24 hours x 5 zones at $500 slack floor
INFO: maxgen tier pricing (MISO 2025): maxgen_warning footprint 2025-07-29 00:00:00 -> 2025-07-30 00:00:00, 24 hours x 6 zones at $500 slack floor
INFO: energy+reserve co-opt (MISO): RBDC market-wide requirement 2665 MW at h0 (measured hourly cleared reg+spin+supp), 11 ORDC steps ($200-$3500), 2559 reserve-eligible units
INFO:   MISO zonal reserve family miso_zonal_or_miso_south: requirement 412 MW at h0 (measured hourly South reservation), published zonal curve steps ['343MW@$200', '1201MW@$1100', '172MW@$3300']
INFO:   MISO PER-ASSET reserve columns (miso_reserve_pergen): 2546 members pooled into 30 (zone, fuel-class) R columns, availability-scaled 10-min deliverable ramp cap mean 36472 / min 32933 MW
INFO: Matrix build: 7.609s, Solve: 347.900s (cold)
INFO: Matrix build: 7.609s, Solve: 114.629s (warm)
INFO: EIA-923 2025: CAMPD-backfilled 57 under-reported plant(s) across 59 class-row(s) (1 replaced, 58 added)
INFO: EIA-923 2025 wind 70.36 TWh under-counts EIA-930 98.90 TWh; using EIA-930 grid total
INFO: EIA-923 2025 hydro 0.28 TWh under-counts EIA-930 9.88 TWh; using EIA-930 grid total
INFO: year 2025 phase timing: data_prep=54.5s solve_p0=347.9s markup=57.3s solve_p1=114.6s results_write=36.2s total=610.5s
INFO: wrote calibration bundle to results/calibration/miso70_tier_pricing
solved into results/calibration/miso70_tier_pricing
=== miso-70 main DONE 2026-07-17T00:07:41Z ===
=== miso-70 base y2023 START 2026-07-17T00:07:41Z ===
miso-70 base: years=[2023] out=results/calibration/_miso70_acc/base/y2023 reuse=None composition=off
WARNING: MISO: CC plant 1403 fleet pmax sum 896.0 MW exceeds trusted bound 649.5 MW (nameplate; corrupt summer-capacity rows) — reconciled (246.5 MW removed)
WARNING: MISO: CC plant 55218 fleet pmax sum 810.9 MW exceeds trusted bound 551.3 MW (nameplate; corrupt summer-capacity rows) — reconciled (259.6 MW removed)
WARNING: MISO: CC plant 55220 fleet pmax sum 811.9 MW exceeds trusted bound 551.3 MW (nameplate; corrupt summer-capacity rows) — reconciled (260.6 MW removed)
WARNING: MISO: CC plant 55380 fleet pmax sum 3456.6 MW exceeds trusted bound 2428.0 MW (nameplate; corrupt summer-capacity rows) — reconciled (1028.6 MW removed)
WARNING: MISO: CC plant 55418 fleet pmax sum 957.0 MW exceeds trusted bound 714.8 MW (nameplate; corrupt summer-capacity rows) — reconciled (242.2 MW removed)
WARNING: MISO: CC plant 55467 fleet pmax sum 1257.2 MW exceeds trusted bound 903.9 MW (nameplate; corrupt summer-capacity rows) — reconciled (353.3 MW removed)
WARNING: MISO: CC plant 55620 fleet pmax sum 972.6 MW exceeds trusted bound 637.9 MW (nameplate; corrupt summer-capacity rows) — reconciled (334.7 MW removed)
