INFO: NEISO backcast: NP6 HSL and coal must-run tuning are ERCOT-only and skipped; per-plant CAMPD + EIA-923 benchmark built for the covered states; the report compares fuel mix, prices and net interchange.
INFO: Loaded NEISO fleet from EIA-860 parquet (431 generators)
INFO: Binned fleet cache for NEISO is up to date — loaded from neiso_fleet_binned.parquet
INFO: solving NEISO 2023 (hours=8760, Henry Hub=$2.54/MMBtu, commitment=True)
INFO: loaded 23 within-window retiree units for NEISO (1746 MW, plants [563, 581, 1588, 50955, 54085, 54586, 56891, 57103, 58365, 59801])
INFO: Loaded NEISO fleet from EIA-860 parquet (431 generators)
INFO: Binned fleet cache for NEISO is up to date — loaded from neiso_fleet_binned.parquet
INFO: Loaded NEISO fleet from EIA-860 parquet (431 generators)
INFO: Binned fleet cache for NEISO is up to date — loaded from neiso_fleet_binned.parquet
INFO: loaded 23 within-window retiree units for NEISO (1746 MW, plants [563, 581, 1588, 50955, 54085, 54586, 56891, 57103, 58365, 59801])
INFO: unit-outage derate (NEISO 2023): 225 plant-tranches derated; 40 NEISO floor-class tranche(s) exempted (temp-reliability floor governs availability)
INFO: COD ramp (NEISO 2023): 164 unit-months masked offline (mid-year COD / retirement), 7 unit(s) fully not-yet-built/retired
INFO: Loaded NEISO fleet from EIA-860 parquet (431 generators)
INFO: Binned fleet cache for NEISO is up to date — loaded from neiso_fleet_binned.parquet
INFO: NEISO 2023 hydro budget: backfilled 3 non-reporting plants (28.4 GWh) from 2024
INFO: NEISO 2023 hydro budget pinned to monthly target total 8775.0 GWh (was 8576.2 GWh)
INFO: Loaded NEISO 2023 hydro budget: 171 plants, 8775.0 GWh annual, 1915 MW nameplate
INFO: NEISO 2023: 171 hydro plants in LP (1915 MW, 8.77 TWh monthly budget)
INFO: NEISO 2023: priced import/export node — 6 import tranches (4140 MW), 2 export sinks (1130 MW)
INFO: unit-outage derate (NEISO 2023): 225 plant-tranches derated; 40 NEISO floor-class tranche(s) exempted (temp-reliability floor governs availability)
INFO: COD ramp (NEISO 2023): 195 unit-months masked offline (mid-year COD / retirement), 7 unit(s) fully not-yet-built/retired
INFO: NEISO 2023: reliability floor — 2 enabled limb spec(s) applied from RELIABILITY_FLOOR_REGISTRY
INFO: F923 fuel costs for 2023: 16 generators priced from their own plant, 285 gap-filled from nearby (state/zone) plants
INFO: hub-basis overlay (NEISO 2023, daily): 446 gas generators repriced at the measured hub spot in 12/12 months (winter max 30.13 $/MMBtu)
INFO: EIA-860 multifuel: 577 (plant, group) dual-fuel gas keys flagged
INFO: dual-fuel switching (NEISO 2023): 190 gas tranches (6786 MW) capped at the delivered oil price
INFO: oil burn budget (NEISO 2023): SKIPPED — F923 petroleum receipts too sparse (2 reporting plant(s), 12/12 months with deliveries, 7.0 GWh) to constrain 140 generators (5345 MW)
INFO: Matrix build: 5.191s, Solve: 80.666s (cold)
INFO: Matrix build: 5.191s, Solve: 20.700s (warm)
INFO: Matrix build: 0.660s, Solve: 74.892s (cold)
INFO: EIA-923 2023: CAMPD-backfilled 2 under-reported plants (2 replaced, 0 added)
INFO: Loaded NEISO fleet from EIA-860 parquet (431 generators)
INFO: Binned fleet cache for NEISO is up to date — loaded from neiso_fleet_binned.parquet
INFO: solving NEISO 2024 (hours=8760, Henry Hub=$2.19/MMBtu, commitment=True)
INFO: loaded 23 within-window retiree units for NEISO (1746 MW, plants [563, 581, 1588, 50955, 54085, 54586, 56891, 57103, 58365, 59801])
INFO: Loaded NEISO fleet from EIA-860 parquet (431 generators)
INFO: Binned fleet cache for NEISO is up to date — loaded from neiso_fleet_binned.parquet
INFO: unit-outage derate (NEISO 2024): 241 plant-tranches derated; 33 NEISO floor-class tranche(s) exempted (temp-reliability floor governs availability)
INFO: COD ramp (NEISO 2024): 280 unit-months masked offline (mid-year COD / retirement), 16 unit(s) fully not-yet-built/retired
INFO: Loaded NEISO fleet from EIA-860 parquet (431 generators)
INFO: Binned fleet cache for NEISO is up to date — loaded from neiso_fleet_binned.parquet
INFO: NEISO 2024 hydro budget pinned to monthly target total 7394.2 GWh (was 6714.4 GWh)
INFO: Loaded NEISO 2024 hydro budget: 166 plants, 7394.2 GWh annual, 1900 MW nameplate
INFO: NEISO 2024: 166 hydro plants in LP (1900 MW, 7.39 TWh monthly budget)
INFO: NEISO 2024: priced import/export node — 5 import tranches (4410 MW), 3 export sinks (2155 MW)
INFO: unit-outage derate (NEISO 2024): 241 plant-tranches derated; 33 NEISO floor-class tranche(s) exempted (temp-reliability floor governs availability)
INFO: COD ramp (NEISO 2024): 340 unit-months masked offline (mid-year COD / retirement), 21 unit(s) fully not-yet-built/retired
INFO: NEISO 2024: reliability floor — 2 enabled limb spec(s) applied from RELIABILITY_FLOOR_REGISTRY
INFO: F923 fuel costs for 2024: 16 generators priced from their own plant, 280 gap-filled from nearby (state/zone) plants
INFO: hub-basis overlay (NEISO 2024, daily): 441 gas generators repriced at the measured hub spot in 12/12 months (winter max 26.69 $/MMBtu)
INFO: dual-fuel switching (NEISO 2024): 195 gas tranches (6791 MW) capped at the delivered oil price
INFO: oil burn budget (NEISO 2024): SKIPPED — F923 petroleum receipts too sparse (2 reporting plant(s), 12/12 months with deliveries, 4.2 GWh) to constrain 140 generators (5345 MW)
INFO: Matrix build: 0.765s, Solve: 78.021s (cold)
INFO: Matrix build: 0.765s, Solve: 19.179s (warm)
INFO: Matrix build: 0.676s, Solve: 79.245s (cold)
INFO: EIA-923 2024: CAMPD-backfilled 2 under-reported plants (2 replaced, 0 added)
INFO: EIA-923 2024 hydro 6.23 TWh under-counts EIA-930 7.39 TWh; using EIA-930 grid total
INFO: Loaded NEISO fleet from EIA-860 parquet (431 generators)
INFO: Binned fleet cache for NEISO is up to date — loaded from neiso_fleet_binned.parquet
INFO: solving NEISO 2025 (hours=8760, Henry Hub=$3.52/MMBtu, commitment=True)
INFO: loaded 23 within-window retiree units for NEISO (1746 MW, plants [563, 581, 1588, 50955, 54085, 54586, 56891, 57103, 58365, 59801])
INFO: Loaded NEISO fleet from EIA-860 parquet (431 generators)
INFO: Binned fleet cache for NEISO is up to date — loaded from neiso_fleet_binned.parquet
INFO: unit-outage derate (NEISO 2025): 248 plant-tranches derated; 33 NEISO floor-class tranche(s) exempted (temp-reliability floor governs availability)
INFO: COD ramp (NEISO 2025): 396 unit-months masked offline (mid-year COD / retirement), 33 unit(s) fully not-yet-built/retired
INFO: Loaded NEISO fleet from EIA-860 parquet (431 generators)
INFO: Binned fleet cache for NEISO is up to date — loaded from neiso_fleet_binned.parquet
INFO: NEISO 2025 hydro budget: backfilled 161 non-reporting plants (6605.5 GWh) from 2024
INFO: NEISO 2025 hydro budget pinned to monthly target total 5120.7 GWh (was 6696.2 GWh)
INFO: Loaded NEISO 2025 hydro budget: 166 plants, 5120.7 GWh annual, 1900 MW nameplate
INFO: NEISO 2025: 166 hydro plants in LP (1900 MW, 5.12 TWh monthly budget)
INFO: NEISO 2025: priced import/export node — 6 import tranches (4680 MW), 3 export sinks (2345 MW)
INFO: unit-outage derate (NEISO 2025): 248 plant-tranches derated; 33 NEISO floor-class tranche(s) exempted (temp-reliability floor governs availability)
INFO: COD ramp (NEISO 2025): 456 unit-months masked offline (mid-year COD / retirement), 38 unit(s) fully not-yet-built/retired
INFO: NEISO 2025: reliability floor — 2 enabled limb spec(s) applied from RELIABILITY_FLOOR_REGISTRY
INFO: F923 fuel costs for 2025: 12 generators priced from their own plant, 155 gap-filled from nearby (state/zone) plants
INFO: hub-basis overlay (NEISO 2025, daily): 441 gas generators repriced at the measured hub spot in 12/12 months (winter max 35.56 $/MMBtu)
INFO: dual-fuel switching (NEISO 2025): 195 gas tranches (6791 MW) capped at the delivered oil price
INFO: oil burn budget (NEISO 2025): SKIPPED — F923 petroleum receipts too sparse (1 reporting plant(s), 2/12 months with deliveries, 5.0 GWh) to constrain 140 generators (5345 MW)
INFO: Matrix build: 0.811s, Solve: 77.535s (cold)
INFO: Matrix build: 0.811s, Solve: 19.210s (warm)
INFO: Matrix build: 0.721s, Solve: 81.843s (cold)
INFO: EIA-923 2025: CAMPD-backfilled 15 under-reported plants (0 replaced, 15 added)
INFO: EIA-923 2025 wind 3.04 TWh under-counts EIA-930 4.53 TWh; using EIA-930 grid total
INFO: EIA-923 2025 solar 1.02 TWh under-counts EIA-930 1.58 TWh; using EIA-930 grid total
INFO: EIA-923 2025 hydro -0.35 TWh under-counts EIA-930 5.12 TWh; using EIA-930 grid total
INFO: EIA-923 2025 biomass 1.21 TWh incomplete (vintage 83%); carrying 2024 biomass 2.96 TWh x completeness -> 2.45 TWh
INFO: wrote calibration bundle to results/calibration/neiso51_priced_ix_measured

================================================================================
  CALIBRATION REPORT  (NEISO; run 2026-07-06T21:41:26; git 1ce512a)
  bundle: results/calibration/neiso51_priced_ix_measured
================================================================================

================================================================================
  NEISO 2023 BACKCAST  (energy-only)
================================================================================

  [1] Generation by fuel (TWh; share of own total)
    (EIA-930 column = measured grid total (net gen = demand + interchange): itemized fuels + repaired renewables + carried biomass
     + unspecified 'other' residual — the like-for-like actual total. EIA-923 column = raw reference vintage, biomass/other incomplete in a
     partial current-year release.)
    fuel        model  mdl% EIA-930  930% EIA-923  923%
    coal         0.04   0.0    0.18   0.2    0.20   0.2
    gas         54.51  56.0   55.47  57.3   56.58  59.0
    nuclear     23.17  23.8   23.17  23.9   23.20  24.2
    wind         3.25   3.3    3.25   3.4       —     —
    solar        0.89   0.9    0.89   0.9       —     —
    hydro        8.70   8.9    8.77   9.1    8.55   8.9
    oil          0.32   0.3    0.32   0.3    0.39   0.4
    biomass      3.00   3.1    3.00   3.1       —     —
    other        3.40   3.5    4.81   5.0       —     —
    TOTAL       97.28 100.0   96.86 100.0   95.96 100.0
    import      14.82  13.2   15.14  13.5       —     —   (net; serves load, not in generation total)
    energy balance: model gen   97.28 − EIA-930 net gen   96.86 =  +0.42 TWh (tol ±3.0)
    note: EIA-930 'gas' (55.5) folds in geothermal+biomass (~6.4 TWh here); compare model gas to the EIA-923 cell, not EIA-930.

  [2] Net interchange (EIA sign: + = net export)
    actual (EIA-930): -15.14 TWh (-1728 MW avg)
    priced-node fit  : duration RMSE 444 MW (offline tranche fit, optimal placement; P9)
    model            : -14.82 TWh (-1692 MW avg; priced import/export node)
    duration curve   : RMSE 529 MW; p01/p10/p50/p90/p99 model -3850/-3235/-1820/-225/-225 vs actual -3727/-2939/-1674/-577/+239
    import hours     : model 99.7% vs actual 97.8%
    diurnal shape    : corr +0.46; model peak->trough 617 MW vs actual 665 MW

  [2b] Battery cycling — 2023 (model EIA-860 fleet vs EIA-930 BAT)
                                metric  model  EIA-930
                         discharge TWh   0.10        —
                            charge TWh   0.12        —
    evening (h17-22) discharge share %   74.5        —
    (no EIA-930 battery series in this BA extract — model throughput reported alone)
    pumped-storage discharge: model 0.33 TWh; EIA-930 —

  [3] Zonal price level ($/MWh)
    zone                avg  neg-hrs
    Boston            32.36        0
    Central           32.36        0
    Connecticut       32.36        0
    HQ_import         30.04        0
    North             32.36        0

  [3] System price duration ($/MWh)
    avg    31.90   max   176.82   p90   41.29   p50   29.23   p10   20.92   min    16.72
    negative-price hours: 0

================================================================================
  NEISO 2024 BACKCAST  (energy-only)
================================================================================

  [1] Generation by fuel (TWh; share of own total)
    (EIA-930 column = measured grid total (net gen = demand + interchange): itemized fuels + repaired renewables + carried biomass
     + unspecified 'other' residual — the like-for-like actual total. EIA-923 column = raw reference vintage, biomass/other incomplete in a
     partial current-year release.)
    fuel        model  mdl% EIA-930  930% EIA-923  923%
    coal         0.09   0.1    0.24   0.2    0.25   0.2
    gas         60.12  57.1   59.64  57.5   60.99  59.3
    nuclear     26.48  25.1   26.41  25.4   26.55  25.8
    wind         3.45   3.3    3.45   3.3       —     —
    solar        1.31   1.2    1.31   1.3       —     —
    hydro        7.33   7.0    7.39   7.1    6.71   6.5
    oil          0.22   0.2    0.37   0.4    0.31   0.3
    biomass      2.96   2.8    2.96   2.9       —     —
    other        3.35   3.2    4.70   4.5       —     —
    TOTAL      105.32 100.0  103.81 100.0  102.82 100.0
    import       8.92   7.8   10.30   9.0       —     —   (net; serves load, not in generation total)
    energy balance: model gen  105.32 − EIA-930 net gen  103.81 =  +1.51 TWh (tol ±3.0)
    note: EIA-930 'gas' (59.6) folds in geothermal+biomass (~6.3 TWh here); compare model gas to the EIA-923 cell, not EIA-930.

  [2] Net interchange (EIA sign: + = net export)
    actual (EIA-930): -10.30 TWh (-1175 MW avg)
    priced-node fit  : duration RMSE 352 MW (offline tranche fit, optimal placement; P9)
    model            : -8.92 TWh (-1018 MW avg; priced import/export node)
    duration curve   : RMSE 609 MW; p01/p10/p50/p90/p99 model -3850/-3805/-225/-225/+2155 vs actual -3782/-3015/-982/+265/+1135
    import hours     : model 95.4% vs actual 83.8%
    diurnal shape    : corr +0.46; model peak->trough 425 MW vs actual 994 MW

  [2b] Battery cycling — 2024 (model EIA-860 fleet vs EIA-930 BAT)
                                metric  model  EIA-930
                         discharge TWh   0.11        —
                            charge TWh   0.13        —
    evening (h17-22) discharge share %   80.2        —
    (no EIA-930 battery series in this BA extract — model throughput reported alone)
    pumped-storage discharge: model 0.45 TWh; EIA-930 —

  [3] Zonal price level ($/MWh)
    zone                avg  neg-hrs
    Boston            37.64        0
    Central           37.64        0
    Connecticut       37.64        0
    HQ_import         35.94        0
    North             37.64        0

  [3] System price duration ($/MWh)
    avg    37.30   max   173.25   p90   71.82   p50   29.50   p10   24.44   min    13.87
    negative-price hours: 0

================================================================================
  NEISO 2025 BACKCAST  (energy-only)
================================================================================

  [1] Generation by fuel (TWh; share of own total)
    (EIA-930 column = measured grid total (net gen = demand + interchange): itemized fuels + repaired renewables + carried biomass
     + unspecified 'other' residual — the like-for-like actual total. EIA-923 column = raw reference vintage, biomass/other incomplete in a
     partial current-year release.)
    fuel        model  mdl% EIA-930  930% EIA-923  923%
    coal         0.21   0.2    0.28   0.3    0.27   0.3
    gas         60.34  57.0   60.09  56.1   52.36  59.9
    nuclear     27.64  26.1   27.46  25.6   27.62  31.6
    wind         4.53   4.3    4.53   4.2       —     —
    solar        1.58   1.5    1.58   1.5       —     —
    hydro        5.11   4.8    5.12   4.8    0.09   0.1
    oil          1.24   1.2    1.24   1.2    0.91   1.0
    biomass      2.45   2.3    2.45   2.3       —     —
    other        2.77   2.6    4.74   4.4       —     —
    TOTAL      105.87 100.0  107.15 100.0   87.36 100.0
    import       9.59   8.3    8.13   7.0       —     —   (net; serves load, not in generation total)
    energy balance: model gen  105.87 − EIA-930 net gen  107.15 =  -1.29 TWh (tol ±3.0)
    note: EIA-930 'gas' (60.1) folds in geothermal+biomass (~5.2 TWh here); compare model gas to the EIA-923 cell, not EIA-930.

  [2] Net interchange (EIA sign: + = net export)
    actual (EIA-930): -8.13 TWh (-928 MW avg)
    priced-node fit  : duration RMSE 315 MW (offline tranche fit, optimal placement; P9)
    model            : -9.59 TWh (-1094 MW avg; priced import/export node)
    duration curve   : RMSE 554 MW; p01/p10/p50/p90/p99 model -3850/-3850/-514/+0/+0 vs actual -4286/-3348/-628/+548/+1249
    import hours     : model 51.6% vs actual 72.2%
    diurnal shape    : corr +0.38; model peak->trough 292 MW vs actual 687 MW

  [2b] Battery cycling — 2025 (model EIA-860 fleet vs EIA-930 BAT)
                                metric  model  EIA-930
                         discharge TWh   0.21     0.15
                            charge TWh   0.24     0.00
    evening (h17-22) discharge share %   86.8     45.5
                  hourly net Pearson r  0.294         
    pumped-storage discharge: model 0.56 TWh; EIA-930 1.93

  [3] Zonal price level ($/MWh)
    zone                avg  neg-hrs
    Boston            63.16        0
    Central           63.16        0
    Connecticut       63.16        0
    HQ_import         59.26        0
    North             63.16        0

  [3] System price duration ($/MWh)
    avg    62.38   max   198.32   p90  125.79   p50   44.48   p10   32.44   min    27.45
    negative-price hours: 0
