replaying results/calibration/neiso72_hy_window_B (NEISO [2023, 2024, 2025]) ...
WARNING: eGRID plant 55641 heat rate 14.964 MMBtu/MWh exceeds the combined-cycle physical ceiling 11.500 (PLHTIAN spans co-located plant 64020, 454 m away, whose 2 unit(s) eGRID double-counts) — reconciled to 6.880
WARNING: NEISO: CC plant 52026 fleet pmax sum 94.3 MW exceeds trusted bound 74.1 MW (nameplate; corrupt summer-capacity rows) — reconciled (20.2 MW removed)
WARNING: NEISO: CC plant 60903 fleet pmax sum 1156.4 MW exceeds trusted bound 798.2 MW (nameplate; corrupt summer-capacity rows) — reconciled (358.2 MW removed)
INFO: Loaded NEISO fleet from EIA-860 parquet (431 generators)
INFO: Binned fleet cache for NEISO is up to date — loaded from neiso_fleet_binned.parquet
INFO: NEISO net interchange applied for 2023: -1728 MW avg (export-positive, measured EIA-930)
WARNING: NEISO zonal load file not found (/home/user/market-simulator/data/raw/zone-specific-demand/NEISO/NEISO_load_hourly_2023.csv); skipping
INFO: solving NEISO 2023 (hours=8760, Henry Hub=$2.54/MMBtu, commitment=True)
INFO: loaded 23 within-window retiree units for NEISO (1746 MW, plants [563, 581, 1588, 50955, 54085, 54586, 56891, 57103, 58365, 59801])
WARNING: NEISO: CC plant 52026 fleet pmax sum 94.3 MW exceeds trusted bound 74.1 MW (nameplate; corrupt summer-capacity rows) — reconciled (20.2 MW removed)
WARNING: NEISO: CC plant 60903 fleet pmax sum 1156.4 MW exceeds trusted bound 798.2 MW (nameplate; corrupt summer-capacity rows) — reconciled (358.2 MW removed)
INFO: Loaded NEISO fleet from EIA-860 parquet (431 generators)
INFO: Binned fleet cache for NEISO is up to date — loaded from neiso_fleet_binned.parquet
INFO: NEISO nuclear unit-availability overlay (2023): 0 reactor(s) on measured daily windows (uncovered dates keep the monthly CF)
WARNING: NEISO: CC plant 52026 fleet pmax sum 94.3 MW exceeds trusted bound 74.1 MW (nameplate; corrupt summer-capacity rows) — reconciled (20.2 MW removed)
WARNING: NEISO: CC plant 60903 fleet pmax sum 1156.4 MW exceeds trusted bound 798.2 MW (nameplate; corrupt summer-capacity rows) — reconciled (358.2 MW removed)
INFO: Loaded NEISO fleet from EIA-860 parquet (431 generators)
INFO: Binned fleet cache for NEISO is up to date — loaded from neiso_fleet_binned.parquet
INFO: loaded 23 within-window retiree units for NEISO (1746 MW, plants [563, 581, 1588, 50955, 54085, 54586, 56891, 57103, 58365, 59801])
INFO: unit-outage derate (NEISO 2023): 201 plant-tranches derated; 40 NEISO floor-class tranche(s) exempted (temp-reliability floor governs availability)
INFO: COD ramp (NEISO 2023): 164 unit-months masked offline (mid-year COD / retirement), 7 unit(s) fully not-yet-built/retired
WARNING: NEISO: CC plant 52026 fleet pmax sum 94.3 MW exceeds trusted bound 74.1 MW (nameplate; corrupt summer-capacity rows) — reconciled (20.2 MW removed)
WARNING: NEISO: CC plant 60903 fleet pmax sum 1156.4 MW exceeds trusted bound 798.2 MW (nameplate; corrupt summer-capacity rows) — reconciled (358.2 MW removed)
INFO: Loaded NEISO fleet from EIA-860 parquet (431 generators)
INFO: Binned fleet cache for NEISO is up to date — loaded from neiso_fleet_binned.parquet
INFO: NEISO 2023: EIA-930 NG: WAT level pin REFUSED for this year — the BA's NG: PS column starts mid-series (time split) and this year predates its first wholly-split year, so its NG: WAT still folds pumped-storage discharge; the monthly hydro level stays on EIA-923 HY (rule 14, neiso-72)
INFO: NEISO 2023 hydro budget: backfilled 3 non-reporting plants (28.4 GWh) from 2024
INFO: Loaded NEISO 2023 hydro budget: 171 plants, 8576.2 GWh annual, 1915 MW nameplate
INFO: NEISO 2023: 171 hydro plants in LP (1915 MW, 8.58 TWh monthly budget)
INFO: NEISO nuclear unit-availability overlay (2023): 3 reactor(s) on measured daily windows (uncovered dates keep the monthly CF)
INFO: unit-outage derate (NEISO 2023): 201 plant-tranches derated; 40 NEISO floor-class tranche(s) exempted (temp-reliability floor governs availability)
INFO: COD ramp (NEISO 2023): 195 unit-months masked offline (mid-year COD / retirement), 7 unit(s) fully not-yet-built/retired
INFO: NEISO 2023: reliability floor — 6 enabled limb spec(s) applied from RELIABILITY_FLOOR_REGISTRY
INFO: NEISO 2023: winter fuel-security must-run (Component B) applied — COAL_BIT/ST_GAS floored at 1.00 x min-stable on Nov-Mar cold days (TMIN < -7.0 C, NERC cold-onset; WRP/IEP/OFSA posture)
INFO: EIA-860 multifuel: 577 (plant, group) dual-fuel gas keys flagged
INFO: NEISO 2023: winter gas-availability derate — non-dual-fuel gas-CC/CT availability cut by clip(slope*(t0-TMIN),0,cap) over the cold-snap window (TDFOR, NERC cold-weather anchored)
INFO: F923 fuel costs for 2023: 15 generators priced from their own plant, 274 gap-filled from nearby (state/zone) plants
INFO: hub-basis overlay (NEISO 2023, daily): 426 gas generators repriced at the measured hub spot in 12/12 months (winter max 30.13 $/MMBtu)
INFO: dual-fuel switching (NEISO 2023): 184 gas tranches (6762 MW) capped at the delivered oil price
INFO: gas offer net-revenue margin: 348 tranches compressed at anchor 4.0763 $/MMBtu (median fixed margin 6.11 $/MWh, max 161.94)
INFO: winter fuel-inventory budget (NEISO 2023): 324 oil-capable gens, start_fill=2.8M(default) bbl, 5 winter month(s) constrained, monthly cap 9.79 M MMBtu (~0.91 TWh @HR10.8)
INFO: energy+reserve co-opt (NEISO): 3 system reserve families (2 10-min/quick-start), 24 ORDC steps ($6-$1500), 577 full-fleet / 275 quick-start reserve-eligible units
INFO: Matrix build: 2.100s, Solve: 81.955s (cold)
INFO: Matrix build: 2.100s, Solve: 32.455s (warm)
INFO: Matrix build: 1.363s, Solve: 84.020s (cold)
INFO: EIA-923 2023: CAMPD-backfilled 2 under-reported plant(s) across 2 class-row(s) (2 replaced, 0 added)
INFO: year 2023 phase timing: data_prep=138.1s solve_p0=82.0s markup=10.4s solve_p1=32.5s results_write=15.7s total=278.5s (results_write: state=0.3s frames=12.1s parquet=2.2s bench=1.1s)
INFO: year 2023 memory after release: resident=0.60 GB peak=4.48 GB (malloc_trim=yes) | accumulators 0.02 GB ()
INFO: year 2023 glibc arena: total=1.10 GB in_use=0.06 GB free_retained=1.04 GB mmapped=0.09 GB trim_top=0.00 GB
INFO: year 2023 retained heap: ndarray=0.03 GB (n=261) [pandas=0.05 GB n=17, sparse=0.00 GB n=0 — slices, not additions] | 22 populated cache(s), 25 entries | top: _chp_by_plant=3, thermal_tranche_overrides=2, _load_cod_map=1, _iso_plant_capacity=1, nuclear_unit_availability_series=1
INFO: year 2023 retained frame: 22.9 MB  126342 x 20  cols=plant_id,plant_name,prime_mover,fuel_type,chp,netgen_annual_mwh,ba_code,netgen_january_mwh,netgen_february_mwh,netgen_march_mwh,netgen_april_mwh,netgen_may_mwh
INFO: year 2023 retained frame: 8.3 MB  621960 x 4  cols=year,plant_id,hour,net_mw
INFO: year 2023 retained frame: 4.4 MB  68919 x 7  cols=year,month,plant_id,state,fuel_group,price_per_mmbtu,quantity
INFO: year 2023 retained frame: 3.4 MB  61320 x 6  cols=year,pass,from_zone,to_zone,hour,mw
INFO: year 2023 retained frame: 3.4 MB  61320 x 6  cols=year,pass,from_zone,to_zone,hour,mw
INFO: year 2023 retained frame: 3.0 MB  43800 x 9  cols=year,pass,zone,hour,price,slack,dump,demand,reserve_price
WARNING: NEISO: CC plant 52026 fleet pmax sum 94.3 MW exceeds trusted bound 74.1 MW (nameplate; corrupt summer-capacity rows) — reconciled (20.2 MW removed)
WARNING: NEISO: CC plant 60903 fleet pmax sum 1156.4 MW exceeds trusted bound 798.2 MW (nameplate; corrupt summer-capacity rows) — reconciled (358.2 MW removed)
INFO: Loaded NEISO fleet from EIA-860 parquet (431 generators)
INFO: Binned fleet cache for NEISO is up to date — loaded from neiso_fleet_binned.parquet
INFO: NEISO net interchange applied for 2024: -1175 MW avg (export-positive, measured EIA-930)
WARNING: NEISO zonal load file not found (/home/user/market-simulator/data/raw/zone-specific-demand/NEISO/NEISO_load_hourly_2024.csv); skipping
INFO: solving NEISO 2024 (hours=8760, Henry Hub=$2.19/MMBtu, commitment=True)
INFO: loaded 23 within-window retiree units for NEISO (1746 MW, plants [563, 581, 1588, 50955, 54085, 54586, 56891, 57103, 58365, 59801])
WARNING: NEISO: CC plant 52026 fleet pmax sum 94.3 MW exceeds trusted bound 74.1 MW (nameplate; corrupt summer-capacity rows) — reconciled (20.2 MW removed)
WARNING: NEISO: CC plant 60903 fleet pmax sum 1156.4 MW exceeds trusted bound 798.2 MW (nameplate; corrupt summer-capacity rows) — reconciled (358.2 MW removed)
INFO: Loaded NEISO fleet from EIA-860 parquet (431 generators)
INFO: Binned fleet cache for NEISO is up to date — loaded from neiso_fleet_binned.parquet
INFO: NEISO nuclear unit-availability overlay (2024): 0 reactor(s) on measured daily windows (uncovered dates keep the monthly CF)
INFO: unit-outage derate (NEISO 2024): 194 plant-tranches derated; 33 NEISO floor-class tranche(s) exempted (temp-reliability floor governs availability)
INFO: COD ramp (NEISO 2024): 280 unit-months masked offline (mid-year COD / retirement), 16 unit(s) fully not-yet-built/retired
WARNING: NEISO: CC plant 52026 fleet pmax sum 94.3 MW exceeds trusted bound 74.1 MW (nameplate; corrupt summer-capacity rows) — reconciled (20.2 MW removed)
WARNING: NEISO: CC plant 60903 fleet pmax sum 1156.4 MW exceeds trusted bound 798.2 MW (nameplate; corrupt summer-capacity rows) — reconciled (358.2 MW removed)
INFO: Loaded NEISO fleet from EIA-860 parquet (431 generators)
INFO: Binned fleet cache for NEISO is up to date — loaded from neiso_fleet_binned.parquet
INFO: NEISO 2024: EIA-930 NG: WAT level pin REFUSED for this year — the BA's NG: PS column starts mid-series (time split) and this year predates its first wholly-split year, so its NG: WAT still folds pumped-storage discharge; the monthly hydro level stays on EIA-923 HY (rule 14, neiso-72)
INFO: Loaded NEISO 2024 hydro budget: 166 plants, 6714.4 GWh annual, 1900 MW nameplate
INFO: NEISO 2024: 166 hydro plants in LP (1900 MW, 6.71 TWh monthly budget)
INFO: NEISO nuclear unit-availability overlay (2024): 3 reactor(s) on measured daily windows (uncovered dates keep the monthly CF)
INFO: unit-outage derate (NEISO 2024): 194 plant-tranches derated; 33 NEISO floor-class tranche(s) exempted (temp-reliability floor governs availability)
INFO: COD ramp (NEISO 2024): 340 unit-months masked offline (mid-year COD / retirement), 21 unit(s) fully not-yet-built/retired
INFO: NEISO 2024: reliability floor — 6 enabled limb spec(s) applied from RELIABILITY_FLOOR_REGISTRY
INFO: NEISO 2024: winter fuel-security must-run (Component B) applied — COAL_BIT/ST_GAS floored at 1.00 x min-stable on Nov-Mar cold days (TMIN < -7.0 C, NERC cold-onset; WRP/IEP/OFSA posture)
INFO: NEISO 2024: winter gas-availability derate — non-dual-fuel gas-CC/CT availability cut by clip(slope*(t0-TMIN),0,cap) over the cold-snap window (TDFOR, NERC cold-weather anchored)
INFO: F923 fuel costs for 2024: 15 generators priced from their own plant, 269 gap-filled from nearby (state/zone) plants
INFO: hub-basis overlay (NEISO 2024, daily): 421 gas generators repriced at the measured hub spot in 12/12 months (winter max 26.69 $/MMBtu)
INFO: dual-fuel switching (NEISO 2024): 189 gas tranches (6767 MW) capped at the delivered oil price
INFO: gas offer net-revenue margin: 339 tranches compressed at anchor 4.0763 $/MMBtu (median fixed margin 6.02 $/MWh, max 161.94)
INFO: winter fuel-inventory budget (NEISO 2024): 329 oil-capable gens, start_fill=2.8M(default) bbl, 5 winter month(s) constrained, monthly cap 9.79 M MMBtu (~0.91 TWh @HR10.8)
INFO: energy+reserve co-opt (NEISO): 3 system reserve families (2 10-min/quick-start), 24 ORDC steps ($6-$1500), 572 full-fleet / 275 quick-start reserve-eligible units
INFO: Matrix build: 1.602s, Solve: 80.394s (cold)
INFO: Matrix build: 1.602s, Solve: 27.771s (warm)
INFO: Matrix build: 1.292s, Solve: 84.056s (cold)
INFO: EIA-923 2024: CAMPD-backfilled 2 under-reported plant(s) across 2 class-row(s) (2 replaced, 0 added)
INFO: EIA-923 2024 hydro 6.23 TWh under-counts EIA-930 7.39 TWh; using EIA-930 grid total
INFO: year 2024 phase timing: data_prep=91.8s solve_p0=80.4s markup=8.5s solve_p1=27.8s results_write=14.8s total=223.3s (results_write: state=0.3s frames=11.3s parquet=2.1s bench=1.1s)
INFO: year 2024 memory after release: resident=0.63 GB peak=4.76 GB (malloc_trim=yes) | accumulators 0.05 GB (campd=0.02 flows=0.01 system=0.01)
INFO: year 2024 glibc arena: total=1.68 GB in_use=0.08 GB free_retained=1.60 GB mmapped=0.09 GB trim_top=0.00 GB
INFO: year 2024 retained heap: ndarray=0.05 GB (n=392) [pandas=0.08 GB n=29, sparse=0.00 GB n=0 — slices, not additions] | 22 populated cache(s), 32 entries | top: _chp_by_plant=4, nuclear_unit_availability_series=2, unit_outage_derate_factors=2, coal_chp_overrides=2, _measured_plant_rate_map_v2=2
INFO: year 2024 retained frame: 22.9 MB  126342 x 20  cols=plant_id,plant_name,prime_mover,fuel_type,chp,netgen_annual_mwh,ba_code,netgen_january_mwh,netgen_february_mwh,netgen_march_mwh,netgen_april_mwh,netgen_may_mwh
INFO: year 2024 retained frame: 8.3 MB  621960 x 4  cols=year,plant_id,hour,net_mw
INFO: year 2024 retained frame: 8.0 MB  595680 x 4  cols=year,plant_id,hour,net_mw
INFO: year 2024 retained frame: 4.4 MB  68919 x 7  cols=year,month,plant_id,state,fuel_group,price_per_mmbtu,quantity
INFO: year 2024 retained frame: 3.4 MB  61320 x 6  cols=year,pass,from_zone,to_zone,hour,mw
INFO: year 2024 retained frame: 3.4 MB  61320 x 6  cols=year,pass,from_zone,to_zone,hour,mw
WARNING: NEISO: CC plant 52026 fleet pmax sum 94.3 MW exceeds trusted bound 74.1 MW (nameplate; corrupt summer-capacity rows) — reconciled (20.2 MW removed)
WARNING: NEISO: CC plant 60903 fleet pmax sum 1156.4 MW exceeds trusted bound 798.2 MW (nameplate; corrupt summer-capacity rows) — reconciled (358.2 MW removed)
INFO: Loaded NEISO fleet from EIA-860 parquet (431 generators)
INFO: Binned fleet cache for NEISO is up to date — loaded from neiso_fleet_binned.parquet
INFO: NEISO net interchange applied for 2025: -928 MW avg (export-positive, measured EIA-930)
WARNING: NEISO zonal load file not found (/home/user/market-simulator/data/raw/zone-specific-demand/NEISO/NEISO_load_hourly_2025.csv); skipping
INFO: solving NEISO 2025 (hours=8760, Henry Hub=$3.52/MMBtu, commitment=True)
INFO: loaded 23 within-window retiree units for NEISO (1746 MW, plants [563, 581, 1588, 50955, 54085, 54586, 56891, 57103, 58365, 59801])
WARNING: NEISO: CC plant 52026 fleet pmax sum 94.3 MW exceeds trusted bound 74.1 MW (nameplate; corrupt summer-capacity rows) — reconciled (20.2 MW removed)
WARNING: NEISO: CC plant 60903 fleet pmax sum 1156.4 MW exceeds trusted bound 798.2 MW (nameplate; corrupt summer-capacity rows) — reconciled (358.2 MW removed)
INFO: Loaded NEISO fleet from EIA-860 parquet (431 generators)
INFO: Binned fleet cache for NEISO is up to date — loaded from neiso_fleet_binned.parquet
INFO: NEISO nuclear unit-availability overlay (2025): 0 reactor(s) on measured daily windows (uncovered dates keep the monthly CF)
INFO: unit-outage derate (NEISO 2025): 192 plant-tranches derated; 33 NEISO floor-class tranche(s) exempted (temp-reliability floor governs availability)
INFO: COD ramp (NEISO 2025): 396 unit-months masked offline (mid-year COD / retirement), 33 unit(s) fully not-yet-built/retired
WARNING: NEISO: CC plant 52026 fleet pmax sum 94.3 MW exceeds trusted bound 74.1 MW (nameplate; corrupt summer-capacity rows) — reconciled (20.2 MW removed)
WARNING: NEISO: CC plant 60903 fleet pmax sum 1156.4 MW exceeds trusted bound 798.2 MW (nameplate; corrupt summer-capacity rows) — reconciled (358.2 MW removed)
INFO: Loaded NEISO fleet from EIA-860 parquet (431 generators)
INFO: Binned fleet cache for NEISO is up to date — loaded from neiso_fleet_binned.parquet
INFO: NEISO 2025 hydro budget: backfilled 161 non-reporting plants (6605.5 GWh) from 2024
INFO: NEISO 2025 hydro budget pinned to monthly target total 5120.7 GWh (was 6696.2 GWh)
INFO: Loaded NEISO 2025 hydro budget: 166 plants, 5120.7 GWh annual, 1900 MW nameplate
INFO: NEISO 2025: 166 hydro plants in LP (1900 MW, 5.12 TWh monthly budget)
INFO: NEISO nuclear unit-availability overlay (2025): 3 reactor(s) on measured daily windows (uncovered dates keep the monthly CF)
INFO: unit-outage derate (NEISO 2025): 192 plant-tranches derated; 33 NEISO floor-class tranche(s) exempted (temp-reliability floor governs availability)
INFO: COD ramp (NEISO 2025): 456 unit-months masked offline (mid-year COD / retirement), 38 unit(s) fully not-yet-built/retired
INFO: NEISO 2025: reliability floor — 6 enabled limb spec(s) applied from RELIABILITY_FLOOR_REGISTRY
INFO: NEISO 2025: winter fuel-security must-run (Component B) applied — COAL_BIT/ST_GAS floored at 1.00 x min-stable on Nov-Mar cold days (TMIN < -7.0 C, NERC cold-onset; WRP/IEP/OFSA posture)
INFO: NEISO 2025: winter gas-availability derate — non-dual-fuel gas-CC/CT availability cut by clip(slope*(t0-TMIN),0,cap) over the cold-snap window (TDFOR, NERC cold-weather anchored)
INFO: F923 fuel costs for 2025: 15 generators priced from their own plant, 269 gap-filled from nearby (state/zone) plants
INFO: hub-basis overlay (NEISO 2025, daily): 421 gas generators repriced at the measured hub spot in 12/12 months (winter max 35.56 $/MMBtu)
INFO: dual-fuel switching (NEISO 2025): 189 gas tranches (6767 MW) capped at the delivered oil price
INFO: gas offer net-revenue margin: 339 tranches compressed at anchor 4.0763 $/MMBtu (median fixed margin 6.02 $/MWh, max 161.94)
INFO: winter fuel-inventory budget (NEISO 2025): 329 oil-capable gens, start_fill=2.8M(default) bbl, 5 winter month(s) constrained, monthly cap 9.79 M MMBtu (~0.91 TWh @HR10.8)
INFO: energy+reserve co-opt (NEISO): 3 system reserve families (2 10-min/quick-start), 24 ORDC steps ($6-$1500), 572 full-fleet / 275 quick-start reserve-eligible units
INFO: Matrix build: 1.673s, Solve: 79.755s (cold)
INFO: Matrix build: 1.673s, Solve: 26.465s (warm)
INFO: Matrix build: 1.099s, Solve: 80.787s (cold)
INFO: EIA-923 2025: CAMPD-backfilled 15 under-reported plant(s) across 16 class-row(s) (0 replaced, 16 added)
INFO: EIA-923 2025 wind 3.04 TWh under-counts EIA-930 4.53 TWh; using EIA-930 grid total
INFO: EIA-923 2025 solar 1.02 TWh under-counts EIA-930 1.58 TWh; using EIA-930 grid total
INFO: EIA-923 2025 hydro -0.35 TWh under-counts EIA-930 5.12 TWh; using EIA-930 grid total
INFO: EIA-923 2025 biomass 1.21 TWh incomplete (vintage 83%); carrying 2024 biomass 2.96 TWh x completeness -> 2.45 TWh
INFO: year 2025 phase timing: data_prep=88.2s solve_p0=79.8s markup=8.3s solve_p1=26.5s results_write=15.0s total=217.7s (results_write: state=0.3s frames=11.5s parquet=2.1s bench=1.1s)
INFO: year 2025 memory after release: resident=0.68 GB peak=5.15 GB (malloc_trim=yes) | accumulators 0.07 GB (campd=0.02 flows=0.02 system=0.02)
INFO: year 2025 glibc arena: total=2.13 GB in_use=0.10 GB free_retained=2.03 GB mmapped=0.09 GB trim_top=0.00 GB
INFO: year 2025 retained heap: ndarray=0.07 GB (n=525) [pandas=0.10 GB n=41, sparse=0.00 GB n=0 — slices, not additions] | 22 populated cache(s), 39 entries | top: _chp_by_plant=5, nuclear_unit_availability_series=3, unit_outage_derate_factors=3, coal_chp_overrides=3, _measured_plant_rate_map_v2=3
INFO: year 2025 retained frame: 22.9 MB  126342 x 20  cols=plant_id,plant_name,prime_mover,fuel_type,chp,netgen_annual_mwh,ba_code,netgen_january_mwh,netgen_february_mwh,netgen_march_mwh,netgen_april_mwh,netgen_may_mwh
INFO: year 2025 retained frame: 8.3 MB  621960 x 4  cols=year,plant_id,hour,net_mw
INFO: year 2025 retained frame: 8.0 MB  595680 x 4  cols=year,plant_id,hour,net_mw
INFO: year 2025 retained frame: 7.8 MB  586920 x 4  cols=year,plant_id,hour,net_mw
INFO: year 2025 retained frame: 4.4 MB  68919 x 7  cols=year,month,plant_id,state,fuel_group,price_per_mmbtu,quantity
INFO: year 2025 retained frame: 3.4 MB  61320 x 6  cols=year,pass,from_zone,to_zone,hour,mw
WARNING: no hydro-plant-modes clean partition for NEISO — run scripts/data/curate_hydro_plant_modes.py (and review the completion rule for this ISO first)
INFO: wrote calibration bundle to results/calibration/neiso_c156_meter_screen_B
solved into results/calibration/neiso_c156_meter_screen_B
