replaying results/calibration/nyiso112_combined_D (NYISO [2023, 2024, 2025]) ...
WARNING: eGRID plant 55641 heat rate 14.964 MMBtu/MWh exceeds the combined-cycle physical ceiling 11.500 (PLHTIAN spans co-located plant 64020, 454 m away, whose 2 unit(s) eGRID double-counts) — reconciled to 6.880
WARNING: NYISO: CC plant 7314 fleet pmax sum 199.5 MW exceeds trusted bound 170.0 MW (nameplate; corrupt summer-capacity rows) — reconciled (29.5 MW removed)
WARNING: NYISO: CC plant 10190 fleet pmax sum 92.0 MW exceeds trusted bound 72.0 MW (nameplate; corrupt summer-capacity rows) — reconciled (20.0 MW removed)
WARNING: NYISO: CC plant 56196 fleet pmax sum 662.0 MW exceeds trusted bound 560.0 MW (demonstrated peak; corrupt summer-capacity rows) — reconciled (102.0 MW removed)
INFO: Loaded NYISO fleet from EIA-860 parquet (460 generators)
INFO: Rebuilt binned fleet cache for NYISO — 460 plants → nyiso_fleet_binned.parquet
INFO: solving NYISO 2023 (hours=8760, Henry Hub=$2.54/MMBtu, commitment=False)
INFO: NYISO 2023 interface TTC: Upstate_West->Capital_Hudson 2850 -> 1750 MW (AC Transmission year-varying limit)
INFO: NYISO 2023: nyiso_import_sil_retire — dropped the mis-attributed NYISO_simultaneous_import scalar (the published G-J LOCALITY Bulk Power Transmission Limit, an internal boundary); the seam is now bounded by the posted-rating per-link TTCs alone
INFO: Repaired degenerate NYISO 2023 solar distribution from donor NEISO
INFO: NYISO 2023 Upstate_West->Capital_Hudson monthly TTC envelope: 1450-2725 MW (measured Central-East DAM postings)
INFO: NYISO 2023: Zone-K LCR/TSL import cap on NYC->Long_Island (HB14-21, published locality import limit; replaces the LI self-supply energy floor)
INFO: NYISO 2023: Zone-J LCR/TSL import cap on Lower_Hudson->NYC (HB14-21, published NYC locality import limit; replaces the 3,900 MW Dunwoodie-South energy-TTC estimate)
INFO: loaded 14 within-window retiree units for NYISO (492 MW, plants [2485, 10464, 55243])
WARNING: NYISO: CC plant 7314 fleet pmax sum 199.5 MW exceeds trusted bound 170.0 MW (nameplate; corrupt summer-capacity rows) — reconciled (29.5 MW removed)
WARNING: NYISO: CC plant 10190 fleet pmax sum 92.0 MW exceeds trusted bound 72.0 MW (nameplate; corrupt summer-capacity rows) — reconciled (20.0 MW removed)
WARNING: NYISO: CC plant 56196 fleet pmax sum 662.0 MW exceeds trusted bound 560.0 MW (demonstrated peak; corrupt summer-capacity rows) — reconciled (102.0 MW removed)
INFO: Loaded NYISO fleet from EIA-860 parquet (460 generators)
INFO: NYISO: measured power-only CHP heat rates applied to 52 generator(s) across 18 (plant, class) pair(s)
INFO: Binned fleet cache for NYISO is up to date — loaded from nyiso_fleet_binned.parquet
INFO: NYISO nuclear unit-availability overlay (2023): 0 reactor(s) on measured daily windows (uncovered dates keep the monthly CF)
WARNING: NYISO: CC plant 7314 fleet pmax sum 199.5 MW exceeds trusted bound 170.0 MW (nameplate; corrupt summer-capacity rows) — reconciled (29.5 MW removed)
WARNING: NYISO: CC plant 10190 fleet pmax sum 92.0 MW exceeds trusted bound 72.0 MW (nameplate; corrupt summer-capacity rows) — reconciled (20.0 MW removed)
WARNING: NYISO: CC plant 56196 fleet pmax sum 662.0 MW exceeds trusted bound 560.0 MW (demonstrated peak; corrupt summer-capacity rows) — reconciled (102.0 MW removed)
INFO: Loaded NYISO fleet from EIA-860 parquet (460 generators)
INFO: Binned fleet cache for NYISO is up to date — loaded from nyiso_fleet_binned.parquet
INFO: loaded 14 within-window retiree units for NYISO (492 MW, plants [2485, 10464, 55243])
INFO: unit-outage derate (NYISO 2023): 293 plant-tranches derated
INFO: NYSDEC 227-3 peaker-rule overlay (NYISO 2023): 3 unit/tranche availability window(s) restricted
INFO: COD ramp (NYISO 2023): 57 unit-months masked offline (mid-year COD / retirement), 3 unit(s) fully not-yet-built/retired
WARNING: NYISO: CC plant 7314 fleet pmax sum 199.5 MW exceeds trusted bound 170.0 MW (nameplate; corrupt summer-capacity rows) — reconciled (29.5 MW removed)
WARNING: NYISO: CC plant 10190 fleet pmax sum 92.0 MW exceeds trusted bound 72.0 MW (nameplate; corrupt summer-capacity rows) — reconciled (20.0 MW removed)
WARNING: NYISO: CC plant 56196 fleet pmax sum 662.0 MW exceeds trusted bound 560.0 MW (demonstrated peak; corrupt summer-capacity rows) — reconciled (102.0 MW removed)
INFO: Loaded NYISO fleet from EIA-860 parquet (460 generators)
INFO: NYISO: measured power-only CHP heat rates applied to 52 generator(s) across 18 (plant, class) pair(s)
INFO: Binned fleet cache for NYISO is up to date — loaded from nyiso_fleet_binned.parquet
INFO: NYISO 2023 hydro budget: backfilled 1 non-reporting plants (2.7 GWh) from 2024
INFO: NYISO 2023 hydro budget pinned to monthly target total 26836.5 GWh (was 28406.0 GWh)
INFO: Loaded NYISO 2023 hydro budget: 155 plants, 26836.5 GWh annual, 4649 MW nameplate
INFO: NYISO 2023: hydro min-flow floor on 155 units — fleet level 1844-2496 MW by month (18.84 TWh, 70% of the 26.84 TWh budget)
INFO: NYISO 2023: 155 hydro plants in LP (4649 MW, 26.84 TWh monthly budget)
INFO: NYISO 2023: priced import/export node — 7 import tranches (6580 MW), 1 export sinks (600 MW)
INFO: NYISO nuclear unit-availability overlay (2023): 4 reactor(s) on measured daily windows (uncovered dates keep the monthly CF)
INFO: unit-outage derate (NYISO 2023): 293 plant-tranches derated
INFO: NYSDEC 227-3 peaker-rule overlay (NYISO 2023): 10 unit/tranche availability window(s) restricted
INFO: COD ramp (NYISO 2023): 57 unit-months masked offline (mid-year COD / retirement), 3 unit(s) fully not-yet-built/retired
INFO: NYISO 2023: reliability floor — 3 enabled limb spec(s) applied from RELIABILITY_FLOOR_REGISTRY
INFO: NYISO 2023: priced import node reconciled to measured EIA-930 net interchange — 8 node rows, annual band [22.98, 23.92] TWh
INFO: F923 fuel costs for 2023: 49 generators priced from their own plant, 267 gap-filled from nearby (state/zone) plants
INFO: hub-basis overlay (NYISO 2023, daily): 516 gas generators repriced at the measured hub spot in 12/12 months (winter max 44.53 $/MMBtu)
INFO: NYISO zonal gas basis (2023): 516 gas units shifted by zone hub offset (min -1.46, max 0.00 $/MMBtu vs Capital_Hudson)
INFO: NYISO downstate CT per-zone daily delivered-gas re-grounding (2023): 105 downstate CT_PEAKER units SET to their zone's measured daily delivered index (Transco Z6 NY daily + LDC non-firm transport rate; range 2.45-30.84 $/MMBtu across zones ['NYC', 'Long_Island'])
INFO: EIA-860 multifuel: 577 (plant, group) dual-fuel gas keys flagged
INFO: dual-fuel switching (NYISO 2023): 313 gas tranches (16501 MW) capped at the delivered oil price
INFO: gas offer net-revenue margin: 404 tranches compressed at anchor 3.9046 $/MMBtu (median fixed margin 5.39 $/MWh, max 315.57); 234 tranches on per-class EP anchors
INFO: NYISO 2023: firm import baseload floored (HQ/Ontario must-flow)
INFO: NYISO 2023: import tranches repriced to measured neighbor hourly DA LMPs (PJM_west→PJM, ISONE_tie→NEISO, scarcity→hourly max, export sink→hourly min) — static ladder bypassed
INFO: ramp envelopes (NYISO): 62 group(s) — gross->net rebasis from 2 measured parasitic factor(s) and 45 class default(s)
INFO: NYISO 2023: ramp envelopes on 62 plant groups (394 member tranches)
INFO: NYISO 2023: hydro deliverability envelope on 155 units (evening p95 4394 MW)
INFO: energy+reserve co-opt (NYISO): 7 locational reserve families (4 10-min/quick-start), 57 ORDC steps ($3-$775), 737 full-fleet / 364 quick-start reserve-eligible units
INFO: Matrix build: 3.495s, Solve: 112.919s (cold)
INFO: NYISO gas bridge leg gas_cc (min_load_frac 0.523, min_run 21h): 27608 unit-hours floored, 2.0181 TWh floor volume
INFO: NYISO gas bridge leg gas_st (min_load_frac 0.239, min_run 13h): 4685 unit-hours floored, 0.1276 TWh floor volume
INFO: NYISO gas commitment bridge: 32293 unit-hours floored (2.15 TWh floor volume), 3575 floored segments by length {'<4h': 734, '4-8h': 1065, '8-16h': 1036, '16-24h': 724, '>24h': 16} (min_run extension ON)
INFO: Matrix build: 2.009s, Solve: 113.208s (cold)
INFO: EIA-923 2023: CAMPD-backfilled 1 under-reported plant(s) across 1 class-row(s) (1 replaced, 0 added)
INFO: year 2023 phase timing: data_prep=48.9s solve_p0=112.9s markup=14.5s solve_p1=113.2s results_write=7.6s total=297.1s (results_write: state=0.1s frames=5.9s parquet=1.0s bench=0.5s)
INFO: year 2023 memory after release: resident=0.55 GB peak=5.64 GB (malloc_trim=yes) | accumulators 0.02 GB (campd=0.01)
INFO: year 2023 glibc arena: total=1.20 GB in_use=0.07 GB free_retained=1.14 GB mmapped=0.09 GB trim_top=0.00 GB
INFO: year 2023 retained heap: ndarray=0.03 GB (n=252) [pandas=0.05 GB n=15, sparse=0.00 GB n=0 — slices, not additions] | 27 populated cache(s), 30 entries | top: _chp_by_plant=3, thermal_tranche_overrides=2, _load_cod_map=1, _iso_plant_capacity=1, _nysdec_peaker_rows=1
INFO: year 2023 retained frame: 22.9 MB  126342 x 20  cols=plant_id,plant_name,prime_mover,fuel_type,chp,netgen_annual_mwh,ba_code,netgen_january_mwh,netgen_february_mwh,netgen_march_mwh,netgen_april_mwh,netgen_may_mwh
INFO: year 2023 retained frame: 12.4 MB  928560 x 4  cols=year,plant_id,hour,net_mw
INFO: year 2023 retained frame: 4.4 MB  68919 x 7  cols=year,month,plant_id,state,fuel_group,price_per_mmbtu,quantity
INFO: year 2023 retained frame: 4.3 MB  70080 x 6  cols=year,pass,from_zone,to_zone,hour,mw
INFO: year 2023 retained frame: 3.8 MB  52560 x 9  cols=year,pass,zone,hour,price,slack,dump,demand,reserve_price
INFO: year 2023 retained frame: 2.3 MB  87600 x 4  cols=year,series,hour,mw
WARNING: NYISO: CC plant 7314 fleet pmax sum 199.5 MW exceeds trusted bound 170.0 MW (nameplate; corrupt summer-capacity rows) — reconciled (29.5 MW removed)
WARNING: NYISO: CC plant 10190 fleet pmax sum 92.0 MW exceeds trusted bound 72.0 MW (nameplate; corrupt summer-capacity rows) — reconciled (20.0 MW removed)
WARNING: NYISO: CC plant 56196 fleet pmax sum 662.0 MW exceeds trusted bound 560.0 MW (demonstrated peak; corrupt summer-capacity rows) — reconciled (102.0 MW removed)
INFO: Loaded NYISO fleet from EIA-860 parquet (460 generators)
INFO: Binned fleet cache for NYISO is up to date — loaded from nyiso_fleet_binned.parquet
WARNING: NYIS 2024: repairing 3 demand-dropout hour(s) reported as exactly 0 MW -- EIA-930 reporting gap posted as a value, not an absent row
INFO: solving NYISO 2024 (hours=8760, Henry Hub=$2.19/MMBtu, commitment=False)
INFO: NYISO 2024: nyiso_import_sil_retire — dropped the mis-attributed NYISO_simultaneous_import scalar (the published G-J LOCALITY Bulk Power Transmission Limit, an internal boundary); the seam is now bounded by the posted-rating per-link TTCs alone
INFO: Repaired degenerate NYISO 2024 solar distribution from donor NEISO
INFO: NYISO 2024 Upstate_West->Capital_Hudson monthly TTC envelope: 2525-3075 MW (measured Central-East DAM postings)
INFO: NYISO 2024: Zone-K LCR/TSL import cap on NYC->Long_Island (HB14-21, published locality import limit; replaces the LI self-supply energy floor)
INFO: NYISO 2024: Zone-J LCR/TSL import cap on Lower_Hudson->NYC (HB14-21, published NYC locality import limit; replaces the 3,900 MW Dunwoodie-South energy-TTC estimate)
INFO: loaded 14 within-window retiree units for NYISO (492 MW, plants [2485, 10464, 55243])
WARNING: NYISO: CC plant 7314 fleet pmax sum 199.5 MW exceeds trusted bound 170.0 MW (nameplate; corrupt summer-capacity rows) — reconciled (29.5 MW removed)
WARNING: NYISO: CC plant 10190 fleet pmax sum 92.0 MW exceeds trusted bound 72.0 MW (nameplate; corrupt summer-capacity rows) — reconciled (20.0 MW removed)
WARNING: NYISO: CC plant 56196 fleet pmax sum 662.0 MW exceeds trusted bound 560.0 MW (demonstrated peak; corrupt summer-capacity rows) — reconciled (102.0 MW removed)
INFO: Loaded NYISO fleet from EIA-860 parquet (460 generators)
INFO: NYISO: measured power-only CHP heat rates applied to 52 generator(s) across 18 (plant, class) pair(s)
INFO: Binned fleet cache for NYISO is up to date — loaded from nyiso_fleet_binned.parquet
INFO: NYISO nuclear unit-availability overlay (2024): 0 reactor(s) on measured daily windows (uncovered dates keep the monthly CF)
INFO: unit-outage derate (NYISO 2024): 284 plant-tranches derated
INFO: NYSDEC 227-3 peaker-rule overlay (NYISO 2024): 3 unit/tranche availability window(s) restricted
INFO: COD ramp (NYISO 2024): 54 unit-months masked offline (mid-year COD / retirement), 3 unit(s) fully not-yet-built/retired
WARNING: NYISO: CC plant 7314 fleet pmax sum 199.5 MW exceeds trusted bound 170.0 MW (nameplate; corrupt summer-capacity rows) — reconciled (29.5 MW removed)
WARNING: NYISO: CC plant 10190 fleet pmax sum 92.0 MW exceeds trusted bound 72.0 MW (nameplate; corrupt summer-capacity rows) — reconciled (20.0 MW removed)
WARNING: NYISO: CC plant 56196 fleet pmax sum 662.0 MW exceeds trusted bound 560.0 MW (demonstrated peak; corrupt summer-capacity rows) — reconciled (102.0 MW removed)
INFO: Loaded NYISO fleet from EIA-860 parquet (460 generators)
INFO: NYISO: measured power-only CHP heat rates applied to 52 generator(s) across 18 (plant, class) pair(s)
INFO: Binned fleet cache for NYISO is up to date — loaded from nyiso_fleet_binned.parquet
INFO: NYISO 2024 hydro budget pinned to monthly target total 26746.3 GWh (was 27875.0 GWh)
INFO: Loaded NYISO 2024 hydro budget: 147 plants, 26746.3 GWh annual, 4587 MW nameplate
INFO: NYISO 2024: hydro min-flow floor on 147 units — fleet level 1733-2537 MW by month (18.98 TWh, 71% of the 26.75 TWh budget)
INFO: NYISO 2024: 147 hydro plants in LP (4587 MW, 26.75 TWh monthly budget)
INFO: NYISO 2024: priced import/export node — 7 import tranches (6470 MW), 1 export sinks (600 MW)
INFO: NYISO nuclear unit-availability overlay (2024): 4 reactor(s) on measured daily windows (uncovered dates keep the monthly CF)
INFO: unit-outage derate (NYISO 2024): 284 plant-tranches derated
INFO: NYSDEC 227-3 peaker-rule overlay (NYISO 2024): 10 unit/tranche availability window(s) restricted
INFO: COD ramp (NYISO 2024): 63 unit-months masked offline (mid-year COD / retirement), 3 unit(s) fully not-yet-built/retired
INFO: NYISO 2024: reliability floor — 3 enabled limb spec(s) applied from RELIABILITY_FLOOR_REGISTRY
INFO: NYISO 2024: priced import node reconciled to measured EIA-930 net interchange — 8 node rows, annual band [19.94, 20.75] TWh
INFO: F923 fuel costs for 2024: 48 generators priced from their own plant, 273 gap-filled from nearby (state/zone) plants
INFO: hub-basis overlay (NYISO 2024, daily): 521 gas generators repriced at the measured hub spot in 12/12 months (winter max 22.84 $/MMBtu)
INFO: NYISO zonal gas basis (2024): 521 gas units shifted by zone hub offset (min -1.07, max 0.00 $/MMBtu vs Capital_Hudson)
INFO: NYISO downstate CT per-zone daily delivered-gas re-grounding (2024): 105 downstate CT_PEAKER units SET to their zone's measured daily delivered index (Transco Z6 NY daily + LDC non-firm transport rate; range 2.76-26.52 $/MMBtu across zones ['NYC', 'Long_Island'])
INFO: dual-fuel switching (NYISO 2024): 320 gas tranches (16512 MW) capped at the delivered oil price
INFO: gas offer net-revenue margin: 412 tranches compressed at anchor 3.9046 $/MMBtu (median fixed margin 5.30 $/MWh, max 315.57); 240 tranches on per-class EP anchors
INFO: NYISO 2024: firm import baseload floored (HQ/Ontario must-flow)
INFO: NYISO 2024: import tranches repriced to measured neighbor hourly DA LMPs (PJM_west→PJM, ISONE_tie→NEISO, scarcity→hourly max, export sink→hourly min) — static ladder bypassed
INFO: ramp envelopes (NYISO): 62 group(s) — gross->net rebasis from 2 measured parasitic factor(s) and 45 class default(s)
INFO: NYISO 2024: ramp envelopes on 62 plant groups (400 member tranches)
INFO: NYISO 2024: hydro deliverability envelope on 147 units (evening p95 4266 MW)
INFO: energy+reserve co-opt (NYISO): 7 locational reserve families (4 10-min/quick-start), 57 ORDC steps ($3-$775), 734 full-fleet / 355 quick-start reserve-eligible units
INFO: Matrix build: 2.419s, Solve: 112.092s (cold)
INFO: NYISO gas bridge leg gas_cc (min_load_frac 0.523, min_run 21h): 35756 unit-hours floored, 1.9212 TWh floor volume
INFO: NYISO gas bridge leg gas_st (min_load_frac 0.239, min_run 13h): 6431 unit-hours floored, 0.2122 TWh floor volume
INFO: NYISO gas commitment bridge: 42187 unit-hours floored (2.13 TWh floor volume), 4912 floored segments by length {'<4h': 1151, '4-8h': 1535, '8-16h': 1285, '16-24h': 925, '>24h': 16} (min_run extension ON)
INFO: Matrix build: 1.828s, Solve: 106.841s (cold)
INFO: EIA-923 2024: CAMPD-backfilled 2 under-reported plant(s) across 2 class-row(s) (2 replaced, 0 added)
INFO: year 2024 phase timing: data_prep=4.9s solve_p0=112.1s markup=12.3s solve_p1=106.8s results_write=8.0s total=244.2s (results_write: state=0.2s frames=6.1s parquet=1.1s bench=0.6s)
INFO: year 2024 memory after release: resident=0.63 GB peak=6.02 GB (malloc_trim=yes) | accumulators 0.05 GB (campd=0.02)
INFO: year 2024 glibc arena: total=2.26 GB in_use=0.09 GB free_retained=2.17 GB mmapped=0.09 GB trim_top=0.00 GB
INFO: year 2024 retained heap: ndarray=0.05 GB (n=359) [pandas=0.08 GB n=23, sparse=0.00 GB n=0 — slices, not additions] | 27 populated cache(s), 37 entries | top: _chp_by_plant=4, nuclear_unit_availability_series=2, unit_outage_derate_factors=2, coal_chp_overrides=2, _measured_plant_rate_map_v2=2
INFO: year 2024 retained frame: 22.9 MB  126342 x 20  cols=plant_id,plant_name,prime_mover,fuel_type,chp,netgen_annual_mwh,ba_code,netgen_january_mwh,netgen_february_mwh,netgen_march_mwh,netgen_april_mwh,netgen_may_mwh
INFO: year 2024 retained frame: 12.4 MB  928560 x 4  cols=year,plant_id,hour,net_mw
INFO: year 2024 retained frame: 11.9 MB  893520 x 4  cols=year,plant_id,hour,net_mw
INFO: year 2024 retained frame: 4.4 MB  68919 x 7  cols=year,month,plant_id,state,fuel_group,price_per_mmbtu,quantity
INFO: year 2024 retained frame: 4.3 MB  70080 x 6  cols=year,pass,from_zone,to_zone,hour,mw
INFO: year 2024 retained frame: 4.3 MB  70080 x 6  cols=year,pass,from_zone,to_zone,hour,mw
WARNING: NYISO: CC plant 7314 fleet pmax sum 199.5 MW exceeds trusted bound 170.0 MW (nameplate; corrupt summer-capacity rows) — reconciled (29.5 MW removed)
WARNING: NYISO: CC plant 10190 fleet pmax sum 92.0 MW exceeds trusted bound 72.0 MW (nameplate; corrupt summer-capacity rows) — reconciled (20.0 MW removed)
WARNING: NYISO: CC plant 56196 fleet pmax sum 662.0 MW exceeds trusted bound 560.0 MW (demonstrated peak; corrupt summer-capacity rows) — reconciled (102.0 MW removed)
INFO: Loaded NYISO fleet from EIA-860 parquet (460 generators)
INFO: Binned fleet cache for NYISO is up to date — loaded from nyiso_fleet_binned.parquet
WARNING: NYIS 2025: repairing 2 demand-dropout hour(s) reported as exactly 0 MW -- EIA-930 reporting gap posted as a value, not an absent row
INFO: solving NYISO 2025 (hours=8760, Henry Hub=$3.52/MMBtu, commitment=False)
INFO: NYISO 2025: nyiso_import_sil_retire — dropped the mis-attributed NYISO_simultaneous_import scalar (the published G-J LOCALITY Bulk Power Transmission Limit, an internal boundary); the seam is now bounded by the posted-rating per-link TTCs alone
INFO: Repaired degenerate NYISO 2025 solar distribution from donor NEISO
INFO: NYISO 2025 Upstate_West->Capital_Hudson monthly TTC envelope: 2500-3175 MW (measured Central-East DAM postings)
INFO: NYISO 2025: Zone-K LCR/TSL import cap on NYC->Long_Island (HB14-21, published locality import limit; replaces the LI self-supply energy floor)
INFO: NYISO 2025: Zone-J LCR/TSL import cap on Lower_Hudson->NYC (HB14-21, published NYC locality import limit; replaces the 3,900 MW Dunwoodie-South energy-TTC estimate)
INFO: loaded 14 within-window retiree units for NYISO (492 MW, plants [2485, 10464, 55243])
WARNING: NYISO: CC plant 7314 fleet pmax sum 199.5 MW exceeds trusted bound 170.0 MW (nameplate; corrupt summer-capacity rows) — reconciled (29.5 MW removed)
WARNING: NYISO: CC plant 10190 fleet pmax sum 92.0 MW exceeds trusted bound 72.0 MW (nameplate; corrupt summer-capacity rows) — reconciled (20.0 MW removed)
WARNING: NYISO: CC plant 56196 fleet pmax sum 662.0 MW exceeds trusted bound 560.0 MW (demonstrated peak; corrupt summer-capacity rows) — reconciled (102.0 MW removed)
INFO: Loaded NYISO fleet from EIA-860 parquet (460 generators)
INFO: NYISO: measured power-only CHP heat rates applied to 52 generator(s) across 18 (plant, class) pair(s)
INFO: Binned fleet cache for NYISO is up to date — loaded from nyiso_fleet_binned.parquet
INFO: NYISO nuclear unit-availability overlay (2025): 0 reactor(s) on measured daily windows (uncovered dates keep the monthly CF)
INFO: unit-outage derate (NYISO 2025): 299 plant-tranches derated
INFO: NYSDEC 227-3 peaker-rule overlay (NYISO 2025): 7 unit/tranche availability window(s) restricted
INFO: COD ramp (NYISO 2025): 36 unit-months masked offline (mid-year COD / retirement), 3 unit(s) fully not-yet-built/retired
WARNING: NYISO: CC plant 7314 fleet pmax sum 199.5 MW exceeds trusted bound 170.0 MW (nameplate; corrupt summer-capacity rows) — reconciled (29.5 MW removed)
WARNING: NYISO: CC plant 10190 fleet pmax sum 92.0 MW exceeds trusted bound 72.0 MW (nameplate; corrupt summer-capacity rows) — reconciled (20.0 MW removed)
WARNING: NYISO: CC plant 56196 fleet pmax sum 662.0 MW exceeds trusted bound 560.0 MW (demonstrated peak; corrupt summer-capacity rows) — reconciled (102.0 MW removed)
INFO: Loaded NYISO fleet from EIA-860 parquet (460 generators)
INFO: NYISO: measured power-only CHP heat rates applied to 52 generator(s) across 18 (plant, class) pair(s)
INFO: Binned fleet cache for NYISO is up to date — loaded from nyiso_fleet_binned.parquet
INFO: NYISO 2025 hydro budget: backfilled 144 non-reporting plants (4946.2 GWh) from 2024
INFO: NYISO 2025 hydro budget pinned to monthly target total 24062.5 GWh (was 25994.4 GWh)
INFO: Loaded NYISO 2025 hydro budget: 147 plants, 24062.5 GWh annual, 4587 MW nameplate
INFO: NYISO 2025: hydro min-flow floor on 147 units — fleet level 1315-2292 MW by month (15.18 TWh, 63% of the 24.06 TWh budget)
INFO: NYISO 2025: 147 hydro plants in LP (4587 MW, 24.06 TWh monthly budget)
INFO: NYISO 2025: priced import/export node — 7 import tranches (6075 MW), 1 export sinks (600 MW)
INFO: NYISO nuclear unit-availability overlay (2025): 4 reactor(s) on measured daily windows (uncovered dates keep the monthly CF)
INFO: unit-outage derate (NYISO 2025): 299 plant-tranches derated
INFO: NYSDEC 227-3 peaker-rule overlay (NYISO 2025): 14 unit/tranche availability window(s) restricted
INFO: COD ramp (NYISO 2025): 48 unit-months masked offline (mid-year COD / retirement), 4 unit(s) fully not-yet-built/retired
INFO: NYISO 2025: reliability floor — 3 enabled limb spec(s) applied from RELIABILITY_FLOOR_REGISTRY
INFO: NYISO 2025: priced import node reconciled to measured EIA-930 net interchange — 8 node rows, annual band [18.70, 19.47] TWh
INFO: F923 fuel costs for 2025: 49 generators priced from their own plant, 280 gap-filled from nearby (state/zone) plants
INFO: hub-basis overlay (NYISO 2025, daily): 521 gas generators repriced at the measured hub spot in 12/12 months (winter max 84.97 $/MMBtu)
INFO: NYISO zonal gas basis (2025): 521 gas units shifted by zone hub offset (min -3.08, max 0.00 $/MMBtu vs Capital_Hudson)
INFO: NYISO downstate CT per-zone daily delivered-gas re-grounding (2025): 105 downstate CT_PEAKER units SET to their zone's measured daily delivered index (Transco Z6 NY daily + LDC non-firm transport rate; range 4.18-100.87 $/MMBtu across zones ['NYC', 'Long_Island'])
INFO: dual-fuel switching (NYISO 2025): 320 gas tranches (16512 MW) capped at the delivered oil price
INFO: gas offer net-revenue margin: 412 tranches compressed at anchor 3.9046 $/MMBtu (median fixed margin 5.30 $/MWh, max 315.57); 240 tranches on per-class EP anchors
INFO: NYISO 2025: firm import baseload floored (HQ/Ontario must-flow)
INFO: NYISO 2025: import tranches repriced to measured neighbor hourly DA LMPs (PJM_west→PJM, ISONE_tie→NEISO, scarcity→hourly max, export sink→hourly min) — static ladder bypassed
INFO: ramp envelopes (NYISO): 62 group(s) — gross->net rebasis from 2 measured parasitic factor(s) and 45 class default(s)
INFO: NYISO 2025: ramp envelopes on 62 plant groups (400 member tranches)
INFO: NYISO 2025: hydro deliverability envelope on 147 units (evening p95 4466 MW)
INFO: energy+reserve co-opt (NYISO): 7 locational reserve families (4 10-min/quick-start), 57 ORDC steps ($3-$775), 734 full-fleet / 355 quick-start reserve-eligible units
INFO: Matrix build: 2.377s, Solve: 106.545s (cold)
INFO: NYISO gas bridge leg gas_cc (min_load_frac 0.523, min_run 21h): 23129 unit-hours floored, 1.8722 TWh floor volume
INFO: NYISO gas bridge leg gas_st (min_load_frac 0.239, min_run 13h): 5730 unit-hours floored, 0.2611 TWh floor volume
INFO: NYISO gas commitment bridge: 28859 unit-hours floored (2.13 TWh floor volume), 3437 floored segments by length {'<4h': 824, '4-8h': 1043, '8-16h': 972, '16-24h': 595, '>24h': 3} (min_run extension ON)
INFO: Matrix build: 1.481s, Solve: 102.268s (cold)
INFO: EIA-923 2025: CAMPD-backfilled 22 under-reported plant(s) across 25 class-row(s) (0 replaced, 25 added)
INFO: EIA-923 2025 wind 4.46 TWh under-counts EIA-930 7.05 TWh; using EIA-930 grid total
INFO: EIA-923 2025 solar 0.66 TWh incomplete with no EIA-930 series; carrying 2024 forward x vintage completeness -> 2.57 TWh
INFO: EIA-923 2025 hydro 20.56 TWh under-counts EIA-930 24.10 TWh; using EIA-930 grid total
INFO: EIA-923 2025 biomass 0.13 TWh incomplete (vintage 89%); carrying 2024 biomass 0.76 TWh x completeness -> 0.67 TWh
INFO: year 2025 phase timing: data_prep=4.4s solve_p0=106.5s markup=12.0s solve_p1=102.3s results_write=8.0s total=233.3s (results_write: state=0.1s frames=6.2s parquet=1.0s bench=0.7s)
INFO: year 2025 memory after release: resident=0.64 GB peak=6.57 GB (malloc_trim=yes) | accumulators 0.07 GB (campd=0.04 flows=0.01 system=0.01)
INFO: year 2025 glibc arena: total=3.15 GB in_use=0.11 GB free_retained=3.04 GB mmapped=0.09 GB trim_top=0.00 GB
INFO: year 2025 retained heap: ndarray=0.07 GB (n=467) [pandas=0.10 GB n=31, sparse=0.00 GB n=0 — slices, not additions] | 27 populated cache(s), 44 entries | top: _chp_by_plant=5, nuclear_unit_availability_series=3, unit_outage_derate_factors=3, coal_chp_overrides=3, _measured_plant_rate_map_v2=3
INFO: year 2025 retained frame: 22.9 MB  126342 x 20  cols=plant_id,plant_name,prime_mover,fuel_type,chp,netgen_annual_mwh,ba_code,netgen_january_mwh,netgen_february_mwh,netgen_march_mwh,netgen_april_mwh,netgen_may_mwh
INFO: year 2025 retained frame: 12.4 MB  928560 x 4  cols=year,plant_id,hour,net_mw
INFO: year 2025 retained frame: 11.9 MB  893520 x 4  cols=year,plant_id,hour,net_mw
INFO: year 2025 retained frame: 11.8 MB  884760 x 4  cols=year,plant_id,hour,net_mw
INFO: year 2025 retained frame: 4.4 MB  68919 x 7  cols=year,month,plant_id,state,fuel_group,price_per_mmbtu,quantity
INFO: year 2025 retained frame: 4.3 MB  70080 x 6  cols=year,pass,from_zone,to_zone,hour,mw
WARNING: no hydro-plant-modes clean partition for NYISO — run scripts/data/curate_hydro_plant_modes.py (and review the completion rule for this ISO first)
INFO: wrote calibration bundle to results/calibration/nyiso_c156_meter_control_A
solved into results/calibration/nyiso_c156_meter_control_A
