INFO: MISO backcast: NP6 HSL and coal must-run tuning are ERCOT-only and skipped; per-plant CAMPD + EIA-923 benchmark built for the covered states; the report compares fuel mix, prices and net interchange.
INFO: Loaded MISO fleet from EIA-860 parquet (1975 generators)
INFO: Binned fleet cache for MISO is up to date — loaded from miso_fleet_binned.parquet
INFO: solving MISO 2023 (hours=8760, Henry Hub=$2.54/MMBtu, commitment=False)
WARNING: capacity-deliverability: clean partition for MISO absent; run scripts/curate_capacity_deliverability.py. Returning no limits.
WARNING: MISO 2023: capacity-deliverability clean partition absent — falling back to static PY2025-26 summer CIL/CEL caps; run scripts/curate_capacity_deliverability.py
INFO: loaded 54 within-window retiree units for MISO (3337 MW, plants [202, 862, 1024, 1047, 1740, 1741, 1846, 1971, 2050, 6155, 6356, 7842, 10075, 10149, 10477, 52006, 54748, 56247, 57208, 59808, 63709, 65494])
INFO: Loaded MISO fleet from EIA-860 parquet (1975 generators)
INFO: Binned fleet cache for MISO is up to date — loaded from miso_fleet_binned.parquet
INFO: CC capacity reconcile: raised 0 / capped 7 plant(s) to demonstrated peak (-2714 MW total) from cc_capacity_reconcile_MISO.csv
INFO: Loaded MISO fleet from EIA-860 parquet (1975 generators)
INFO: Binned fleet cache for MISO is up to date — loaded from miso_fleet_binned.parquet
INFO: loaded 54 within-window retiree units for MISO (3337 MW, plants [202, 862, 1024, 1047, 1740, 1741, 1846, 1971, 2050, 6155, 6356, 7842, 10075, 10149, 10477, 52006, 54748, 56247, 57208, 59808, 63709, 65494])
INFO: unit-outage derate (MISO 2023): 754 plant-tranches derated
INFO: COD ramp (MISO 2023): 478 unit-months masked offline (mid-year COD / retirement), 20 unit(s) fully not-yet-built/retired
INFO: Loaded MISO fleet from EIA-860 parquet (1975 generators)
INFO: Binned fleet cache for MISO is up to date — loaded from miso_fleet_binned.parquet
INFO: Loaded MISO 2023 hydro budget: 163 plants, 8789.4 GWh annual, 2465 MW nameplate
INFO: MISO 2023: 163 hydro plants in LP (2465 MW, 8.79 TWh monthly budget)
INFO: MISO 2023: priced import/export node — 25 import tranches (15026 MW), 24 export sinks (14300 MW)
INFO: unit-outage derate (MISO 2023): 754 plant-tranches derated
INFO: COD ramp (MISO 2023): 517 unit-months masked offline (mid-year COD / retirement), 20 unit(s) fully not-yet-built/retired
INFO: MISO 2023: reference-price seam import capped at measured EIA-930 BA-to-BA deliverability envelope (p90; SPP/South clip toward ~0 import, PJM keeps its measured eastern transfer)
INFO: MISO 2023: reference-price seam export capped at measured EIA-930 BA-to-BA net-export envelope (p90; PJM seam clips export toward ~0, SPP/South keep their measured export headroom)
INFO: MISO 2023: reliability floor — 4 enabled limb spec(s) applied from RELIABILITY_FLOOR_REGISTRY
INFO: F923 fuel costs for 2023: 1009 generators priced from their own plant, 1850 gap-filled from nearby (state/zone) plants
INFO: MISO zonal gas basis (2023): 1523 gas units; cap-weighted mean +0.16 removed, zonal spread -0.26..0.30 $/MMBtu
INFO: MISO 2023: reference-price interface — 3 neighbor seams priced from gas x heat-rate x load-shape (hurdle in $/MWh); PJM seam re-anchored to its western (ComEd/AEP/ATSI) border hubs
INFO: MISO 2023: Manitoba firm-hydro import baseload floored (must-flow)
INFO: energy+reserve co-opt (MISO): RBDC market-wide requirement 3438 MW (MSSC + regulating), 11 ORDC steps ($200-$3500), 2583 reserve-eligible units
INFO:   MISO zonal reserve family miso_zonal_or_miso_south: requirement 2196 MW (within-zone MSSC), published zonal curve steps ['439MW@$200', '1537MW@$1100', '220MW@$3300']
INFO:   MISO PER-ASSET reserve columns (miso_reserve_pergen): 2570 members pooled into 30 (zone, fuel-class) R columns, availability-scaled 10-min deliverable ramp cap mean 38003 / min 33889 MW
INFO: MEM after build_constraints: 2388708 kB
INFO: MEM after build_constraints: 2172564 kB
INFO: MEM after casts/bounds: 2388708 kB
INFO: MEM after casts/bounds: 2197276 kB
INFO: MEM after addCols: 3688416 kB
INFO: MEM after addCols: 3291392 kB
INFO: MEM LP size: 474996 rows x 25439040 cols, 50203560 nnz (indices int32)
INFO: MEM after addRows: 5055968 kB
INFO: MEM after addRows: 3879716 kB
INFO: Matrix build: 11.793s, Solve: 279.425s (cold)
INFO: Matrix build: 11.793s, Solve: 85.313s (warm)
INFO: EIA-923 2023: CAMPD-backfilled 8 under-reported plants (8 replaced, 0 added)
INFO: EIA-923 2023 hydro 7.95 TWh under-counts EIA-930 9.98 TWh; using EIA-930 grid total
INFO: Loaded MISO fleet from EIA-860 parquet (1975 generators)
INFO: Binned fleet cache for MISO is up to date — loaded from miso_fleet_binned.parquet
INFO: solving MISO 2024 (hours=8760, Henry Hub=$2.19/MMBtu, commitment=False)
WARNING: capacity-deliverability: clean partition for MISO absent; run scripts/curate_capacity_deliverability.py. Returning no limits.
WARNING: MISO 2024: capacity-deliverability clean partition absent — falling back to static PY2025-26 summer CIL/CEL caps; run scripts/curate_capacity_deliverability.py
INFO: loaded 54 within-window retiree units for MISO (3337 MW, plants [202, 862, 1024, 1047, 1740, 1741, 1846, 1971, 2050, 6155, 6356, 7842, 10075, 10149, 10477, 52006, 54748, 56247, 57208, 59808, 63709, 65494])
INFO: Loaded MISO fleet from EIA-860 parquet (1975 generators)
INFO: Binned fleet cache for MISO is up to date — loaded from miso_fleet_binned.parquet
INFO: CC capacity reconcile: raised 0 / capped 7 plant(s) to demonstrated peak (-2714 MW total) from cc_capacity_reconcile_MISO.csv
INFO: unit-outage derate (MISO 2024): 771 plant-tranches derated
INFO: COD ramp (MISO 2024): 707 unit-months masked offline (mid-year COD / retirement), 41 unit(s) fully not-yet-built/retired
INFO: Loaded MISO fleet from EIA-860 parquet (1975 generators)
INFO: Binned fleet cache for MISO is up to date — loaded from miso_fleet_binned.parquet
INFO: Loaded MISO 2024 hydro budget: 160 plants, 9042.0 GWh annual, 2372 MW nameplate
INFO: MISO 2024: 160 hydro plants in LP (2372 MW, 9.04 TWh monthly budget)
INFO: MISO 2024: priced import/export node — 25 import tranches (14831 MW), 24 export sinks (14300 MW)
INFO: unit-outage derate (MISO 2024): 771 plant-tranches derated
INFO: COD ramp (MISO 2024): 879 unit-months masked offline (mid-year COD / retirement), 50 unit(s) fully not-yet-built/retired
INFO: MISO 2024: reference-price seam import capped at measured EIA-930 BA-to-BA deliverability envelope (p90; SPP/South clip toward ~0 import, PJM keeps its measured eastern transfer)
INFO: MISO 2024: reference-price seam export capped at measured EIA-930 BA-to-BA net-export envelope (p90; PJM seam clips export toward ~0, SPP/South keep their measured export headroom)
INFO: MISO 2024: reliability floor — 4 enabled limb spec(s) applied from RELIABILITY_FLOOR_REGISTRY
INFO: F923 fuel costs for 2024: 995 generators priced from their own plant, 1911 gap-filled from nearby (state/zone) plants
INFO: MISO zonal gas basis (2024): 1526 gas units; cap-weighted mean +0.28 removed, zonal spread -0.16..0.11 $/MMBtu
INFO: MISO 2024: reference-price interface — 3 neighbor seams priced from gas x heat-rate x load-shape (hurdle in $/MWh); PJM seam re-anchored to its western (ComEd/AEP/ATSI) border hubs
INFO: MISO 2024: Manitoba firm-hydro import baseload floored (must-flow)
INFO: energy+reserve co-opt (MISO): RBDC market-wide requirement 3438 MW (MSSC + regulating), 11 ORDC steps ($200-$3500), 2586 reserve-eligible units
INFO:   MISO zonal reserve family miso_zonal_or_miso_south: requirement 2196 MW (within-zone MSSC), published zonal curve steps ['439MW@$200', '1537MW@$1100', '220MW@$3300']
INFO:   MISO PER-ASSET reserve columns (miso_reserve_pergen): 2573 members pooled into 30 (zone, fuel-class) R columns, availability-scaled 10-min deliverable ramp cap mean 37955 / min 34458 MW
INFO: MEM after build_constraints: 14955812 kB
INFO: MEM after build_constraints: 3829684 kB
INFO: MEM after casts/bounds: 14955812 kB
INFO: MEM after casts/bounds: 3829684 kB
INFO: MEM after addCols: 14955812 kB
INFO: MEM after addCols: 4922776 kB
INFO: MEM LP size: 474960 rows x 25439040 cols, 50203560 nnz (indices int32)
INFO: MEM after addRows: 14955812 kB
INFO: MEM after addRows: 5511100 kB
INFO: Matrix build: 5.769s, Solve: 260.607s (cold)
INFO: Matrix build: 5.769s, Solve: 88.986s (warm)
