INFO: MISO backcast: NP6 HSL and coal must-run tuning are ERCOT-only and skipped; per-plant CAMPD + EIA-923 benchmark built for the covered states; the report compares fuel mix, prices and net interchange.
INFO: Loaded MISO fleet from EIA-860 parquet (1975 generators)
INFO: Rebuilt binned fleet cache for MISO — 1975 plants → miso_fleet_binned.parquet
INFO: solving MISO 2023 (hours=8760, Henry Hub=$2.54/MMBtu, commitment=False)
INFO: MISO 2023: seasonal CIL/CEL interface caps on 5 zone group(s) (per-season hourly vectors from the LOLE deliverability data; static summer fallbacks replaced)
INFO: loaded 54 within-window retiree units for MISO (3337 MW, plants [202, 862, 1024, 1047, 1740, 1741, 1846, 1971, 2050, 6155, 6356, 7842, 10075, 10149, 10477, 52006, 54748, 56247, 57208, 59808, 63709, 65494])
INFO: Loaded MISO fleet from EIA-860 parquet (1975 generators)
INFO: Binned fleet cache for MISO is up to date — loaded from miso_fleet_binned.parquet
INFO: Loaded MISO fleet from EIA-860 parquet (1975 generators)
INFO: Binned fleet cache for MISO is up to date — loaded from miso_fleet_binned.parquet
INFO: loaded 54 within-window retiree units for MISO (3337 MW, plants [202, 862, 1024, 1047, 1740, 1741, 1846, 1971, 2050, 6155, 6356, 7842, 10075, 10149, 10477, 52006, 54748, 56247, 57208, 59808, 63709, 65494])
INFO: unit-outage derate (MISO 2023): 754 plant-tranches derated
INFO: COD ramp (MISO 2023): 478 unit-months masked offline (mid-year COD / retirement), 20 unit(s) fully not-yet-built/retired
INFO: Loaded MISO 2023 hydro budget: 163 plants, 8789.4 GWh annual, 2465 MW nameplate
INFO: MISO 2023: 163 hydro plants in LP (2465 MW, 8.79 TWh monthly budget)
INFO: MISO 2023: priced import/export node — 25 import tranches (15026 MW), 24 export sinks (14300 MW)
INFO: unit-outage derate (MISO 2023): 754 plant-tranches derated
INFO: COD ramp (MISO 2023): 517 unit-months masked offline (mid-year COD / retirement), 20 unit(s) fully not-yet-built/retired
INFO: MISO 2023: reference-price seam import capped at measured EIA-930 BA-to-BA deliverability envelope (p90; SPP/South clip toward ~0 import, PJM keeps its measured eastern transfer)
INFO: MISO 2023: reference-price seam export capped at measured EIA-930 BA-to-BA net-export envelope (p90; PJM seam clips export toward ~0, SPP/South keep their measured export headroom)
INFO: F923 fuel costs for 2023: 1009 generators priced from their own plant, 1850 gap-filled from nearby (state/zone) plants
INFO: MISO zonal gas basis (2023): 1523 gas units; cap-weighted mean +0.17 removed, zonal spread -0.28..0.29 $/MMBtu
INFO: MISO 2023: reference-price interface — 3 neighbor seams priced from gas x heat-rate x load-shape (hurdle in $/MWh); PJM seam re-anchored to its western (ComEd/AEP/ATSI) border hubs
INFO: MISO 2023: Manitoba firm-hydro import baseload floored (must-flow)
INFO: energy+reserve co-opt (MISO): RBDC market-wide requirement 4292 MW (MSSC + regulating), 11 ORDC steps ($200-$3500), 2583 reserve-eligible units
INFO:   MISO zonal reserve family miso_zonal_or_miso_south: requirement 3892 MW (within-zone MSSC), published zonal curve steps ['778MW@$200', '2724MW@$1100', '389MW@$3300']
INFO:   MISO PER-ASSET reserve columns (miso_reserve_pergen): 2570 members pooled into 30 (zone, fuel-class) R columns, availability-scaled 10-min deliverable ramp cap mean 40390 / min 36157 MW
INFO: Matrix build: 22.125s, Solve: 288.743s (cold)
INFO: Matrix build: 22.125s, Solve: 84.692s (warm)
INFO: EIA-923 2023: CAMPD-backfilled 8 under-reported plants (8 replaced, 0 added)
INFO: EIA-923 2023 hydro 7.95 TWh under-counts EIA-930 9.98 TWh; using EIA-930 grid total
INFO: Loaded MISO fleet from EIA-860 parquet (1975 generators)
INFO: Binned fleet cache for MISO is up to date — loaded from miso_fleet_binned.parquet
INFO: solving MISO 2024 (hours=8760, Henry Hub=$2.19/MMBtu, commitment=False)
INFO: MISO 2024: seasonal CIL/CEL interface caps on 5 zone group(s) (per-season hourly vectors from the LOLE deliverability data; static summer fallbacks replaced)
INFO: loaded 54 within-window retiree units for MISO (3337 MW, plants [202, 862, 1024, 1047, 1740, 1741, 1846, 1971, 2050, 6155, 6356, 7842, 10075, 10149, 10477, 52006, 54748, 56247, 57208, 59808, 63709, 65494])
INFO: Loaded MISO fleet from EIA-860 parquet (1975 generators)
INFO: Binned fleet cache for MISO is up to date — loaded from miso_fleet_binned.parquet
INFO: unit-outage derate (MISO 2024): 771 plant-tranches derated
INFO: COD ramp (MISO 2024): 707 unit-months masked offline (mid-year COD / retirement), 41 unit(s) fully not-yet-built/retired
INFO: Loaded MISO 2024 hydro budget: 160 plants, 9042.0 GWh annual, 2372 MW nameplate
INFO: MISO 2024: 160 hydro plants in LP (2372 MW, 9.04 TWh monthly budget)
INFO: MISO 2024: priced import/export node — 25 import tranches (14831 MW), 24 export sinks (14300 MW)
INFO: unit-outage derate (MISO 2024): 771 plant-tranches derated
INFO: COD ramp (MISO 2024): 879 unit-months masked offline (mid-year COD / retirement), 50 unit(s) fully not-yet-built/retired
INFO: MISO 2024: reference-price seam import capped at measured EIA-930 BA-to-BA deliverability envelope (p90; SPP/South clip toward ~0 import, PJM keeps its measured eastern transfer)
INFO: MISO 2024: reference-price seam export capped at measured EIA-930 BA-to-BA net-export envelope (p90; PJM seam clips export toward ~0, SPP/South keep their measured export headroom)
INFO: F923 fuel costs for 2024: 995 generators priced from their own plant, 1911 gap-filled from nearby (state/zone) plants
INFO: MISO zonal gas basis (2024): 1526 gas units; cap-weighted mean +0.28 removed, zonal spread -0.16..0.11 $/MMBtu
INFO: MISO 2024: reference-price interface — 3 neighbor seams priced from gas x heat-rate x load-shape (hurdle in $/MWh); PJM seam re-anchored to its western (ComEd/AEP/ATSI) border hubs
INFO: MISO 2024: Manitoba firm-hydro import baseload floored (must-flow)
INFO: energy+reserve co-opt (MISO): RBDC market-wide requirement 4292 MW (MSSC + regulating), 11 ORDC steps ($200-$3500), 2586 reserve-eligible units
INFO:   MISO zonal reserve family miso_zonal_or_miso_south: requirement 3892 MW (within-zone MSSC), published zonal curve steps ['778MW@$200', '2724MW@$1100', '389MW@$3300']
INFO:   MISO PER-ASSET reserve columns (miso_reserve_pergen): 2573 members pooled into 30 (zone, fuel-class) R columns, availability-scaled 10-min deliverable ramp cap mean 40330 / min 36526 MW
INFO: Matrix build: 6.208s, Solve: 255.839s (cold)
INFO: Matrix build: 6.208s, Solve: 93.860s (warm)
INFO: EIA-923 2024: CAMPD-backfilled 4 under-reported plants (4 replaced, 0 added)
INFO: EIA-923 2024 hydro 8.01 TWh under-counts EIA-930 10.74 TWh; using EIA-930 grid total
INFO: Loaded MISO fleet from EIA-860 parquet (1975 generators)
INFO: Binned fleet cache for MISO is up to date — loaded from miso_fleet_binned.parquet
INFO: solving MISO 2025 (hours=8760, Henry Hub=$3.52/MMBtu, commitment=False)
INFO: MISO 2025: seasonal CIL/CEL interface caps on 5 zone group(s) (per-season hourly vectors from the LOLE deliverability data; static summer fallbacks replaced)
INFO: loaded 54 within-window retiree units for MISO (3337 MW, plants [202, 862, 1024, 1047, 1740, 1741, 1846, 1971, 2050, 6155, 6356, 7842, 10075, 10149, 10477, 52006, 54748, 56247, 57208, 59808, 63709, 65494])
INFO: Loaded MISO fleet from EIA-860 parquet (1975 generators)
INFO: Binned fleet cache for MISO is up to date — loaded from miso_fleet_binned.parquet
INFO: unit-outage derate (MISO 2025): 812 plant-tranches derated
INFO: COD ramp (MISO 2025): 988 unit-months masked offline (mid-year COD / retirement), 69 unit(s) fully not-yet-built/retired
INFO: Loaded MISO 2025 hydro budget: 14 plants, 969.7 GWh annual, 249 MW nameplate
INFO: MISO 2025: 14 hydro plants in LP (249 MW, 0.97 TWh monthly budget)
INFO: MISO 2025: priced import/export node — 25 import tranches (14524 MW), 24 export sinks (14300 MW)
INFO: unit-outage derate (MISO 2025): 812 plant-tranches derated
INFO: COD ramp (MISO 2025): 1300 unit-months masked offline (mid-year COD / retirement), 95 unit(s) fully not-yet-built/retired
INFO: MISO 2025: reference-price seam import capped at measured EIA-930 BA-to-BA deliverability envelope (p90; SPP/South clip toward ~0 import, PJM keeps its measured eastern transfer)
INFO: MISO 2025: reference-price seam export capped at measured EIA-930 BA-to-BA net-export envelope (p90; PJM seam clips export toward ~0, SPP/South keep their measured export headroom)
INFO: F923 fuel costs for 2025: 749 generators priced from their own plant, 2049 gap-filled from nearby (state/zone) plants
INFO: MISO zonal gas basis (2025): 1526 gas units; cap-weighted mean -0.03 removed, zonal spread -0.55..0.13 $/MMBtu
INFO: MISO 2025: reference-price interface — 3 neighbor seams priced from gas x heat-rate x load-shape (hurdle in $/MWh); PJM seam re-anchored to its western (ComEd/AEP/ATSI) border hubs
INFO: MISO 2025: Manitoba firm-hydro import baseload floored (must-flow)
INFO: energy+reserve co-opt (MISO): RBDC market-wide requirement 4292 MW (MSSC + regulating), 11 ORDC steps ($200-$3500), 2586 reserve-eligible units
INFO:   MISO zonal reserve family miso_zonal_or_miso_south: requirement 3892 MW (within-zone MSSC), published zonal curve steps ['778MW@$200', '2724MW@$1100', '389MW@$3300']
INFO:   MISO PER-ASSET reserve columns (miso_reserve_pergen): 2573 members pooled into 30 (zone, fuel-class) R columns, availability-scaled 10-min deliverable ramp cap mean 39894 / min 36329 MW
INFO: Matrix build: 6.137s, Solve: 215.620s (cold)
INFO: Matrix build: 6.137s, Solve: 67.580s (warm)
INFO: EIA-923 2025: CAMPD-backfilled 58 under-reported plants (2 replaced, 56 added)
INFO: EIA-923 2025 wind 70.36 TWh under-counts EIA-930 98.90 TWh; using EIA-930 grid total
INFO: EIA-923 2025 hydro 0.28 TWh under-counts EIA-930 9.88 TWh; using EIA-930 grid total
INFO: wrote calibration bundle to results/calibration/MISO/miso_42_coal_econ_srmc-ablation

================================================================================
  CALIBRATION REPORT  (MISO; run 2026-07-06T05:31:21; git ac11191)
  bundle: results/calibration/MISO/miso_42_coal_econ_srmc-ablation
================================================================================

================================================================================
  MISO 2023 BACKCAST  (energy-only)
================================================================================

  [1] Generation by fuel (TWh; share of own total)
    (EIA-930 column = measured grid total (net gen = demand + interchange): itemized fuels + repaired renewables + carried biomass
     + unspecified 'other' residual — the like-for-like actual total. EIA-923 column = raw reference vintage, biomass/other incomplete in a
     partial current-year release.)
    fuel        model  mdl% EIA-930  930% EIA-923  923%
    coal       157.89  25.5  174.95  28.4  184.00  29.1
    gas        249.89  40.3  241.24  39.1  248.98  39.3
    nuclear     87.15  14.1   87.82  14.2   87.18  13.8
    wind        91.71  14.8   91.71  14.9       —     —
    solar        6.35   1.0    6.35   1.0       —     —
    hydro        8.77   1.4    9.98   1.6    8.79   1.4
    oil          0.00     —       —     —    2.79   0.4
    biomass      8.13   1.3    8.13   1.3       —     —
    other       10.33   1.7    4.49   0.7       —     —
    TOTAL      620.22 100.0  616.54 100.0  633.16 100.0
    import      21.48   3.3   37.91   5.8       —     —   (net; serves load, not in generation total)
    energy balance: model gen  620.22 − EIA-930 net gen  616.54 =  +3.69 TWh (tol ±3.0)  ⚠ exceeds tol
WARNING: MISO 2023 energy-balance drift: model gen 620.22 vs EIA-930 net gen 616.54 (+3.69 TWh) exceeds ±3.0 tol
    note: EIA-930 'gas' (241.2) folds in geothermal+biomass (~18.5 TWh here); compare model gas to the EIA-923 cell, not EIA-930.

  [2] Net interchange (EIA sign: + = net export)
    actual (EIA-930): -37.91 TWh (-4328 MW avg)
    model            : -21.48 TWh (-2452 MW avg; priced import/export node)
    duration curve   : RMSE 2026 MW; p01/p10/p50/p90/p99 model -8053/-6617/-1678/+769/+1543 vs actual -8941/-7130/-4330/-1596/+398
    import hours     : model 81.9% vs actual 98.2%
    diurnal shape    : corr +0.32; model peak->trough 1736 MW vs actual 1020 MW

  [2b] Battery cycling — 2023 (model EIA-860 fleet vs EIA-930 BAT)
                                metric  model  EIA-930
                         discharge TWh   0.04        —
                            charge TWh   0.05        —
    evening (h17-22) discharge share %   45.8        —
    (no EIA-930 battery series in this BA extract — model throughput reported alone)
    pumped-storage discharge: model 2.80 TWh; EIA-930 —

  [3] Zonal price level ($/MWh)
    zone                avg  neg-hrs
    MISO-East         29.24        0
    MISO-Illinois     29.23        0
    MISO-Indiana      29.23        0
    MISO-Plains       29.22        0
    MISO-South        28.10        0
    MISO-West         29.23        0
    MISO_external     29.23        0

  [3] System price duration ($/MWh)
    avg    29.07   max    47.89   p90   34.56   p50   28.74   p10   23.87   min    18.85
    negative-price hours: 0

================================================================================
  MISO 2024 BACKCAST  (energy-only)
================================================================================

  [1] Generation by fuel (TWh; share of own total)
    (EIA-930 column = measured grid total (net gen = demand + interchange): itemized fuels + repaired renewables + carried biomass
     + unspecified 'other' residual — the like-for-like actual total. EIA-923 column = raw reference vintage, biomass/other incomplete in a
     partial current-year release.)
    fuel        model  mdl% EIA-930  930% EIA-923  923%
    coal       146.10  22.9  167.07  26.3  175.13  26.9
    gas        264.37  41.4  252.08  39.6  257.84  39.6
    nuclear     90.20  14.1   90.80  14.3   90.42  13.9
    wind        98.25  15.4   98.25  15.4       —     —
    solar       14.38   2.3   14.38   2.3       —     —
    hydro        9.03   1.4   10.74   1.7    9.04   1.4
    oil          0.00     —       —     —    1.85   0.3
    biomass      7.24   1.1    7.24   1.1       —     —
    other        8.28   1.3    2.74   0.4       —     —
    TOTAL      637.86 100.0  636.07 100.0  650.95 100.0
    import       7.49   1.2   23.08   3.5       —     —   (net; serves load, not in generation total)
    energy balance: model gen  637.86 − EIA-930 net gen  636.07 =  +1.79 TWh (tol ±3.0)
    note: EIA-930 'gas' (252.1) folds in geothermal+biomass (~15.5 TWh here); compare model gas to the EIA-923 cell, not EIA-930.

  [2] Net interchange (EIA sign: + = net export)
    actual (EIA-930): -23.08 TWh (-2635 MW avg)
    model            : -7.49 TWh (-855 MW avg; priced import/export node)
    duration curve   : RMSE 1951 MW; p01/p10/p50/p90/p99 model -7613/-2498/-670/+1059/+2113 vs actual -7542/-5267/-2608/-89/+2080
    import hours     : model 79.9% vs actual 90.9%
    diurnal shape    : corr +0.54; model peak->trough 918 MW vs actual 999 MW

  [2b] Battery cycling — 2024 (model EIA-860 fleet vs EIA-930 BAT)
                                metric  model  EIA-930
                         discharge TWh   0.10        —
                            charge TWh   0.12        —
    evening (h17-22) discharge share %   54.1        —
    (no EIA-930 battery series in this BA extract — model throughput reported alone)
    pumped-storage discharge: model 2.79 TWh; EIA-930 —

  [3] Zonal price level ($/MWh)
    zone                avg  neg-hrs
    MISO-East         26.70        0
    MISO-Illinois     26.70        0
    MISO-Indiana      26.70        0
    MISO-Plains       26.70        0
    MISO-South        26.08        0
    MISO-West         26.70        0
    MISO_external     26.70        0

  [3] System price duration ($/MWh)
    avg    26.61   max    50.41   p90   33.09   p50   26.34   p10   20.67   min    16.55
    negative-price hours: 0

================================================================================
  MISO 2025 BACKCAST  (energy-only)
================================================================================

  [1] Generation by fuel (TWh; share of own total)
    (EIA-930 column = measured grid total (net gen = demand + interchange): itemized fuels + repaired renewables + carried biomass
     + unspecified 'other' residual — the like-for-like actual total. EIA-923 column = raw reference vintage, biomass/other incomplete in a
     partial current-year release.)
    fuel        model  mdl% EIA-930  930% EIA-923  923%
    coal       203.98  30.5  192.09  29.1  201.01  32.0
    gas        235.33  35.2  233.24  35.4  207.64  33.0
    nuclear     90.59  13.6   91.67  13.9   90.73  14.4
    wind        98.95  14.8   98.90  15.0       —     —
    solar       29.76   4.5   29.77   4.5       —     —
    hydro        0.97   0.1    9.88   1.5    0.97   0.2
    oil          0.00     —       —     —    2.45   0.4
    biomass      2.93   0.4    2.93   0.4       —     —
    other        5.83   0.9    3.65   0.6       —     —
    TOTAL      668.33 100.0  659.13 100.0  629.11 100.0
    import      -3.71  -0.6   18.96   2.8       —     —   (net; serves load, not in generation total)
    energy balance: model gen  668.33 − EIA-930 net gen  659.13 =  +9.21 TWh (tol ±3.0)  ⚠ exceeds tol
WARNING: MISO 2025 energy-balance drift: model gen 668.33 vs EIA-930 net gen 659.13 (+9.21 TWh) exceeds ±3.0 tol
    note: EIA-930 'gas' (233.2) folds in geothermal+biomass (~8.8 TWh here); compare model gas to the EIA-923 cell, not EIA-930.

  [2] Net interchange (EIA sign: + = net export)
    actual (EIA-930): -18.96 TWh (-2165 MW avg)
    model            : +3.71 TWh (+423 MW avg; priced import/export node)
    duration curve   : RMSE 2857 MW; p01/p10/p50/p90/p99 model -3040/-1090/+504/+2155/+2743 vs actual -7782/-5432/-2027/+1016/+2664
    import hours     : model 35.9% vs actual 79.2%
    diurnal shape    : corr +0.80; model peak->trough 1396 MW vs actual 1471 MW

  [2b] Battery cycling — 2025 (model EIA-860 fleet vs EIA-930 BAT)
                                metric  model  EIA-930
                         discharge TWh   0.81     0.24
                            charge TWh   0.95     0.32
    evening (h17-22) discharge share %   79.4     41.6
                  hourly net Pearson r  0.269         
    pumped-storage discharge: model 2.72 TWh; EIA-930 —

  [3] Zonal price level ($/MWh)
    zone                avg  neg-hrs
    MISO-East         34.58        0
    MISO-Illinois     34.58        0
    MISO-Indiana      34.58        0
    MISO-Plains       34.58        0
    MISO-South        34.41        0
    MISO-West         34.58        0
    MISO_external     34.58        0

  [3] System price duration ($/MWh)
    avg    34.55   max    66.53   p90   43.45   p50   33.62   p10   27.89   min    23.18
    negative-price hours: 0
