INFO: MISO backcast: NP6 HSL and coal must-run tuning are ERCOT-only and skipped; per-plant CAMPD + EIA-923 benchmark built for the covered states; the report compares fuel mix, prices and net interchange.
WARNING: 28 of 1975 MISO generators not in eGRID lookup — assigned fallback zone
INFO: Loaded MISO fleet from EIA-860 parquet (1975 generators)
INFO: Rebuilt binned fleet cache for MISO — 1975 plants → miso_fleet_binned.parquet
INFO: solving MISO 2023 (hours=8760, Henry Hub=$2.54/MMBtu, commitment=False)
INFO: loaded 54 within-window retiree units for MISO (3337 MW, plants [202, 862, 1024, 1047, 1740, 1741, 1846, 1971, 2050, 6155, 6356, 7842, 10075, 10149, 10477, 52006, 54748, 56247, 57208, 59808, 63709, 65494])
WARNING: 28 of 1975 MISO generators not in eGRID lookup — assigned fallback zone
INFO: Loaded MISO fleet from EIA-860 parquet (1975 generators)
INFO: Binned fleet cache for MISO is up to date — loaded from miso_fleet_binned.parquet
INFO: Loaded MISO 2023 hydro budget: 163 plants, 8789.4 GWh annual, 2465 MW nameplate
INFO: MISO 2023: 163 hydro plants in LP (2465 MW, 8.79 TWh monthly budget)
INFO: MISO 2023: priced import/export node — 25 import tranches (15700 MW), 24 export sinks (14300 MW)
WARNING: 28 of 1975 MISO generators not in eGRID lookup — assigned fallback zone
INFO: Loaded MISO fleet from EIA-860 parquet (1975 generators)
INFO: Binned fleet cache for MISO is up to date — loaded from miso_fleet_binned.parquet
INFO: loaded 54 within-window retiree units for MISO (3337 MW, plants [202, 862, 1024, 1047, 1740, 1741, 1846, 1971, 2050, 6155, 6356, 7842, 10075, 10149, 10477, 52006, 54748, 56247, 57208, 59808, 63709, 65494])
INFO: unit-outage derate (MISO 2023): 484 plant-tranches derated
INFO: COD ramp (MISO 2023): 189 unit-months masked offline (mid-year COD / retirement), 7 unit(s) fully not-yet-built/retired
INFO: MISO 2023: Manitoba firm-hydro import baseload floored (must-flow)
INFO: F923 fuel costs for 2023: 603 generators priced from their own plant, 1500 gap-filled from nearby (state/zone) plants
INFO: MISO 2023: reference-price interface — 3 neighbor seams priced from gas x heat-rate x load-shape (hurdle in $/MWh)
INFO: Matrix build: 19.533s, Solve: 226.417s (cold)
INFO: Matrix build: 19.533s, Solve: 44.243s (warm)
INFO: EIA-923 2023: CAMPD-backfilled 51 under-reported plants (8 replaced, 43 added)
INFO: EIA-923 2023 hydro 7.95 TWh under-counts EIA-930 9.98 TWh; using EIA-930 grid total
WARNING: 28 of 1975 MISO generators not in eGRID lookup — assigned fallback zone
INFO: Loaded MISO fleet from EIA-860 parquet (1975 generators)
INFO: Binned fleet cache for MISO is up to date — loaded from miso_fleet_binned.parquet
INFO: solving MISO 2024 (hours=8760, Henry Hub=$2.19/MMBtu, commitment=False)
INFO: loaded 54 within-window retiree units for MISO (3337 MW, plants [202, 862, 1024, 1047, 1740, 1741, 1846, 1971, 2050, 6155, 6356, 7842, 10075, 10149, 10477, 52006, 54748, 56247, 57208, 59808, 63709, 65494])
WARNING: 28 of 1975 MISO generators not in eGRID lookup — assigned fallback zone
INFO: Loaded MISO fleet from EIA-860 parquet (1975 generators)
INFO: Binned fleet cache for MISO is up to date — loaded from miso_fleet_binned.parquet
INFO: Loaded MISO 2024 hydro budget: 160 plants, 9042.0 GWh annual, 2372 MW nameplate
INFO: MISO 2024: 160 hydro plants in LP (2372 MW, 9.04 TWh monthly budget)
INFO: MISO 2024: priced import/export node — 25 import tranches (15700 MW), 24 export sinks (14300 MW)
INFO: unit-outage derate (MISO 2024): 487 plant-tranches derated
INFO: COD ramp (MISO 2024): 526 unit-months masked offline (mid-year COD / retirement), 30 unit(s) fully not-yet-built/retired
INFO: MISO 2024: Manitoba firm-hydro import baseload floored (must-flow)
INFO: F923 fuel costs for 2024: 597 generators priced from their own plant, 1531 gap-filled from nearby (state/zone) plants
INFO: MISO 2024: reference-price interface — 3 neighbor seams priced from gas x heat-rate x load-shape (hurdle in $/MWh)
INFO: Matrix build: 3.207s, Solve: 193.125s (cold)
INFO: Matrix build: 3.207s, Solve: 49.974s (warm)
INFO: EIA-923 2024: CAMPD-backfilled 47 under-reported plants (4 replaced, 43 added)
INFO: EIA-923 2024 hydro 8.01 TWh under-counts EIA-930 10.74 TWh; using EIA-930 grid total
WARNING: 28 of 1975 MISO generators not in eGRID lookup — assigned fallback zone
INFO: Loaded MISO fleet from EIA-860 parquet (1975 generators)
INFO: Binned fleet cache for MISO is up to date — loaded from miso_fleet_binned.parquet
INFO: solving MISO 2025 (hours=8760, Henry Hub=$3.52/MMBtu, commitment=False)
INFO: loaded 54 within-window retiree units for MISO (3337 MW, plants [202, 862, 1024, 1047, 1740, 1741, 1846, 1971, 2050, 6155, 6356, 7842, 10075, 10149, 10477, 52006, 54748, 56247, 57208, 59808, 63709, 65494])
WARNING: 28 of 1975 MISO generators not in eGRID lookup — assigned fallback zone
INFO: Loaded MISO fleet from EIA-860 parquet (1975 generators)
INFO: Binned fleet cache for MISO is up to date — loaded from miso_fleet_binned.parquet
INFO: Loaded MISO 2025 hydro budget: 14 plants, 969.7 GWh annual, 249 MW nameplate
INFO: MISO 2025: 14 hydro plants in LP (249 MW, 0.97 TWh monthly budget)
INFO: MISO 2025: priced import/export node — 25 import tranches (15700 MW), 24 export sinks (14300 MW)
INFO: unit-outage derate (MISO 2025): 540 plant-tranches derated
INFO: COD ramp (MISO 2025): 848 unit-months masked offline (mid-year COD / retirement), 66 unit(s) fully not-yet-built/retired
INFO: MISO 2025: Manitoba firm-hydro import baseload floored (must-flow)
INFO: F923 fuel costs for 2025: 437 generators priced from their own plant, 1621 gap-filled from nearby (state/zone) plants
INFO: MISO 2025: reference-price interface — 3 neighbor seams priced from gas x heat-rate x load-shape (hurdle in $/MWh)
INFO: Matrix build: 3.035s, Solve: 165.748s (cold)
INFO: Matrix build: 3.035s, Solve: 30.233s (warm)
INFO: EIA-923 2025: CAMPD-backfilled 101 under-reported plants (2 replaced, 99 added)
INFO: EIA-923 2025 wind 66.52 TWh under-counts EIA-930 98.90 TWh; using EIA-930 grid total
INFO: EIA-923 2025 solar 9.75 TWh under-counts EIA-930 29.77 TWh; using EIA-930 grid total
INFO: EIA-923 2025 hydro 0.28 TWh under-counts EIA-930 9.88 TWh; using EIA-930 grid total
INFO: EIA-923 2025 biomass 2.93 TWh incomplete (vintage 88%); carrying 2024 biomass 7.24 TWh x completeness -> 6.39 TWh
INFO: wrote calibration bundle to results/calibration/miso5_firmhydro

================================================================================
  CALIBRATION REPORT  (MISO; run 2026-06-23T17:31:14; git 0d4e035)
  bundle: results/calibration/miso5_firmhydro
================================================================================

================================================================================
  MISO 2023 BACKCAST  (energy-only)
================================================================================

  [1] Generation by fuel (TWh; share of own total)
    fuel        model  mdl% EIA-930  930% EIA-923  923%
    coal       178.76  28.1  174.95  28.6  184.00  29.1
    gas        232.25  36.5  241.24  39.4  248.98  39.3
    nuclear     97.88  15.4   87.82  14.3   87.18  13.8
    wind        91.71  14.4   91.71  15.0       —     —
    solar        6.35   1.0    6.35   1.0       —     —
    hydro        8.77   1.4    9.98   1.6    8.79   1.4
    oil          0.00     —       —     —    2.79   0.4
    biomass     10.68   1.7       —     —       —     —
    TOTAL      636.51 100.0  612.05 100.0  633.16 100.0
    import       4.83   0.8   37.91   5.8       —     —   (net; serves load, not in generation total)

  [2] Net interchange (EIA sign: + = net export)
    actual (EIA-930): -37.91 TWh (-4328 MW avg)
    model            : -4.83 TWh (-551 MW avg; priced import/export node)
    duration curve   : RMSE 5274 MW; p01/p10/p50/p90/p99 model -12090/-7301/-1216/+7900/+12092 vs actual -8941/-7130/-4330/-1596/+398
    import hours     : model 56.1% vs actual 98.2%
    diurnal shape    : corr -0.29; model peak->trough 11166 MW vs actual 1020 MW

  [2b] Battery cycling — 2023 (model EIA-860 fleet vs EIA-930 BAT)
                                metric  model  EIA-930
                         discharge TWh   0.03        —
                            charge TWh   0.04        —
    evening (h17-22) discharge share %   83.9        —
    (no EIA-930 battery series in this BA extract — model throughput reported alone)
    pumped-storage discharge: model 1.45 TWh; EIA-930 —

  [3] Zonal price level ($/MWh)
    zone                avg  neg-hrs
    MISO-Central      28.86        0
    MISO-North        28.86        0
    MISO-South        27.62        0
    MISO_external     28.84        0

  [3] System price duration ($/MWh)
    avg    28.54   max    44.45   p90   33.56   p50   28.17   p10   24.26   min    20.42
    negative-price hours: 0

================================================================================
  MISO 2024 BACKCAST  (energy-only)
================================================================================

  [1] Generation by fuel (TWh; share of own total)
    fuel        model  mdl% EIA-930  930% EIA-923  923%
    coal       163.87  26.0  167.07  26.4  175.13  26.9
    gas        228.80  36.3  252.08  39.8  257.84  39.6
    nuclear     97.88  15.5   90.80  14.3   90.42  13.9
    wind        97.95  15.5   98.25  15.5       —     —
    solar       14.38   2.3   14.38   2.3       —     —
    hydro        9.03   1.4   10.74   1.7    9.04   1.4
    oil          0.00     —       —     —    1.85   0.3
    biomass      9.87   1.6       —     —       —     —
    TOTAL      630.04 100.0  633.33 100.0  650.95 100.0
    import      13.31   2.1   23.08   3.5       —     —   (net; serves load, not in generation total)

  [2] Net interchange (EIA sign: + = net export)
    actual (EIA-930): -23.08 TWh (-2635 MW avg)
    model            : -13.31 TWh (-1520 MW avg; priced import/export node)
    duration curve   : RMSE 4705 MW; p01/p10/p50/p90/p99 model -15700/-9181/-2337/+8400/+12900 vs actual -7542/-5267/-2608/-89/+2080
    import hours     : model 62.0% vs actual 90.9%
    diurnal shape    : corr +0.37; model peak->trough 12018 MW vs actual 999 MW

  [2b] Battery cycling — 2024 (model EIA-860 fleet vs EIA-930 BAT)
                                metric  model  EIA-930
                         discharge TWh   0.03        —
                            charge TWh   0.04        —
    evening (h17-22) discharge share %   87.6        —
    (no EIA-930 battery series in this BA extract — model throughput reported alone)
    pumped-storage discharge: model 1.74 TWh; EIA-930 —

  [3] Zonal price level ($/MWh)
    zone                avg  neg-hrs
    MISO-Central      25.37       24
    MISO-North        25.37       24
    MISO-South        24.92       24
    MISO_external     25.43        0

  [3] System price duration ($/MWh)
    avg    25.27   max    41.23   p90   31.45   p50   24.85   p10   20.36   min   -19.50
    negative-price hours: 24

================================================================================
  MISO 2025 BACKCAST  (energy-only)
================================================================================

  [1] Generation by fuel (TWh; share of own total)
    fuel        model  mdl% EIA-930  930% EIA-923  923%
    coal       229.23  32.6  192.09  29.3  201.01  32.0
    gas        234.93  33.4  233.24  35.6  207.64  33.0
    nuclear     97.88  13.9   91.67  14.0   90.73  14.4
    wind        98.95  14.1   98.90  15.1       —     —
    solar       23.86   3.4   29.77   4.5       —     —
    hydro        0.97   0.1    9.88   1.5    0.97   0.2
    oil          0.00     —       —     —    2.45   0.4
    biomass     11.76   1.7       —     —       —     —
    TOTAL      703.43 100.0  655.55 100.0  629.11 100.0
    import     -39.13  -5.9   18.96   2.8       —     —   (net; serves load, not in generation total)

  [2] Net interchange (EIA sign: + = net export)
    actual (EIA-930): -18.96 TWh (-2165 MW avg)
    model            : +39.13 TWh (+4467 MW avg; priced import/export node)
    duration curve   : RMSE 7325 MW; p01/p10/p50/p90/p99 model -7650/-3581/+5025/+12387/+12900 vs actual -7782/-5432/-2027/+1016/+2664
    import hours     : model 23.2% vs actual 79.2%
    diurnal shape    : corr +0.56; model peak->trough 11931 MW vs actual 1471 MW

  [2b] Battery cycling — 2025 (model EIA-860 fleet vs EIA-930 BAT)
                                metric  model  EIA-930
                         discharge TWh   0.09     0.24
                            charge TWh   0.11     0.32
    evening (h17-22) discharge share %   96.4     41.6
                  hourly net Pearson r  0.102         
    pumped-storage discharge: model 2.06 TWh; EIA-930 —

  [3] Zonal price level ($/MWh)
    zone                avg  neg-hrs
    MISO-Central      36.55        0
    MISO-North        36.55        0
    MISO-South        35.91        0
    MISO_external     36.57        0

  [3] System price duration ($/MWh)
    avg    36.40   max    66.49   p90   44.57   p50   35.27   p10   29.87   min    25.20
    negative-price hours: 0
