
=== LEG (i) links, 2025 ===
SPP-North->SPP-Oklahoma TTC 6,500: at bound 215 h (2.5 %) — positive 215 h, negative 0 h; named direction + share 100.0 % | flow mean +1566 p10 -1330 p50 +1519 p90 +4661 | live(>=5%)=False direction(>=55%)=True
   by month +bound: [30, 25, 24, 22, 34, 44, 8, 5, 12, 0, 0, 11]
   by month -bound: [0, 0, 0, 0, 0, 0, 0, 0, 0, 0, 0, 0]
   by hour-of-day +bound: [11, 9, 12, 8, 9, 10, 10, 13, 13, 7, 8, 9, 13, 15, 13, 17, 14, 5, 4, 1, 0, 3, 6, 5]
   by hour-of-day -bound: [0, 0, 0, 0, 0, 0, 0, 0, 0, 0, 0, 0, 0, 0, 0, 0, 0, 0, 0, 0, 0, 0, 0, 0]
SPP-Oklahoma->SPP-South TTC 6,700: at bound 0 h (0.0 %) — positive 0 h, negative 0 h; named direction - share 0.0 % | flow mean -1043 p10 -3069 p50 -1076 p90 +1035 | live(>=5%)=False direction(>=55%)=False
   by month +bound: [0, 0, 0, 0, 0, 0, 0, 0, 0, 0, 0, 0]
   by month -bound: [0, 0, 0, 0, 0, 0, 0, 0, 0, 0, 0, 0]
   by hour-of-day +bound: [0, 0, 0, 0, 0, 0, 0, 0, 0, 0, 0, 0, 0, 0, 0, 0, 0, 0, 0, 0, 0, 0, 0, 0]
   by hour-of-day -bound: [0, 0, 0, 0, 0, 0, 0, 0, 0, 0, 0, 0, 0, 0, 0, 0, 0, 0, 0, 0, 0, 0, 0, 0]

=== LEG (ii) spreads, 2025 ===
OK-N: model annual mean +0.08 (mean|.| 0.08, p90|.| 0.00) vs measured +0.15 (mean|.| 15.18, p90 36.25) -> sign MATCH
   model monthly mean: [0.1, 0.2, 0.1, 0.1, 0.1, 0.2, 0.0, 0.0, 0.0, 0.0, 0.0, 0.2]
S-OK: model annual mean +0.00 (mean|.| 0.00, p90|.| 0.00) vs measured +11.29 (mean|.| 19.03, p90 34.66) -> sign MISMATCH
   model monthly mean: [0.0, 0.0, 0.0, 0.0, 0.0, 0.0, 0.0, 0.0, 0.0, 0.0, 0.0, 0.0]
load-weighted price 30.20; zone means N 29.62 OK 29.71 S 29.71
negative-price hours by zone {'SPP-North': 0, 'SPP-Oklahoma': 0, 'SPP-South': 0}; total zone-hours 0; hours any zone < 0: 0; hours > $200 (any zone) 0; > $1000 0; min 4.50 max 71.39

=== LEG (iv) unserved, 2025 ===
slack hours 0, MWh 0.0, by zone {}; hours []
dump MWh 0.0; leg (iv) inside the control set {8507}: True

=== LEG (iii) re-curtailment, 2025 === wind delivered 122.25 TWh / potential 122.26 -> re-curtailment 0.00 % (STOP if exactly 0.0)
=== LEG (v) fuel families vs reference, 2025 ===
  coal     model   85.34 actual   77.46 ratio  1.10 ok
  gas_cc   model   30.26 actual   40.47 ratio  0.75 ok
  gas_ct   model   23.96 actual    5.39 ratio  4.44 ok
  gas_st   model   11.82 actual   12.56 ratio  0.94 ok
  nuclear  model   15.78 actual   16.19 ratio  0.97 ok
  hydro    model    8.82 actual    0.02 ratio 378.71 OUT
  wind     model  122.25 actual  110.46 ratio  1.11 ok
  solar    model    2.35 actual    2.35 ratio  1.00 ok
by class TWh: {'CC_CHP': 2.065000057220459, 'CC_REGULAR': 28.19099998474121, 'COAL_LIGNITE': 6.556000232696533, 'COAL_PRB': 78.78399658203125, 'CT_CHP': 1.2120000123977661, 'CT_PEAKER': 22.7450008392334, 'OTHER': 0.48899999260902405, 'ST_CHP': 0.15800000727176666, 'ST_GAS': 11.65999984741211, 'biomass': 0.9490000009536743, 'hydro': 8.824000358581543, 'nuclear': 15.779999732971191, 'oil': 0.0, 'solar': 2.3480000495910645, 'wind': 122.25499725341797}

=== CONTROL spp42_crosswalk_B, 2025 === load-weighted price 29.97; |S-N| mean 1.35; negative hours (any zone) 6; unserved 89.3 MWh in 1 h; by class {'CC_CHP': 2.0339999198913574, 'CC_REGULAR': 32.573001861572266, 'COAL_LIGNITE': 6.031000137329102, 'COAL_PRB': 77.16600036621094, 'CT_CHP': 1.184999942779541, 'CT_PEAKER': 22.347999572753906, 'OTHER': 0.48899999260902405, 'ST_CHP': 0.20499999821186066, 'ST_GAS': 9.829999923706055, 'biomass': 0.9490000009536743, 'hydro': 8.824000358581543, 'nuclear': 15.779999732971191, 'oil': 0.0, 'solar': 2.3480000495910645, 'wind': 122.25499725341797}

===== STOP GATE 2025: leg(i) {('SPP-North', 'SPP-Oklahoma'): (np.False_, True), ('SPP-Oklahoma', 'SPP-South'): (np.False_, False)} | leg(ii) False | leg(iii) recurt>0 True | leg(iv) True | leg(v) False -> STOP
