INFO: NYISO backcast: NP6 HSL and coal must-run tuning are ERCOT-only and skipped; per-plant CAMPD + EIA-923 benchmark built for the covered states; the report compares fuel mix, prices and net interchange.
INFO: Loaded NYISO fleet from EIA-860 parquet (460 generators)
INFO: Binned fleet cache for NYISO is up to date — loaded from nyiso_fleet_binned.parquet
INFO: solving NYISO 2023 (hours=8760, Henry Hub=$2.54/MMBtu, commitment=True)
INFO: NYISO 2023 interface TTC: Upstate_West->Capital_Hudson 2850 -> 1750 MW (AC Transmission year-varying limit)
INFO: NYISO 2023 Upstate_West->Capital_Hudson monthly TTC envelope: 1450-2725 MW (measured Central-East DAM postings)
INFO: loaded 14 within-window retiree units for NYISO (492 MW, plants [2485, 10464, 55243])
INFO: Loaded NYISO fleet from EIA-860 parquet (460 generators)
INFO: Binned fleet cache for NYISO is up to date — loaded from nyiso_fleet_binned.parquet
INFO: Loaded NYISO fleet from EIA-860 parquet (460 generators)
INFO: Binned fleet cache for NYISO is up to date — loaded from nyiso_fleet_binned.parquet
INFO: loaded 14 within-window retiree units for NYISO (492 MW, plants [2485, 10464, 55243])
INFO: unit-outage derate (NYISO 2023): 340 plant-tranches derated
INFO: COD ramp (NYISO 2023): 85 unit-months masked offline (mid-year COD / retirement), 3 unit(s) fully not-yet-built/retired
INFO: Loaded NYISO 2023 hydro budget: 154 plants, 28403.3 GWh annual, 4647 MW nameplate
INFO: NYISO 2023: 154 hydro plants in LP (4648 MW, 28.40 TWh monthly budget)
INFO: NYISO 2023: priced import/export node — 5 import tranches (5900 MW), 1 export sinks (600 MW)
INFO: unit-outage derate (NYISO 2023): 340 plant-tranches derated
INFO: COD ramp (NYISO 2023): 93 unit-months masked offline (mid-year COD / retirement), 3 unit(s) fully not-yet-built/retired
INFO: NYISO 2023: priced node shaped by measured EIA-930 interchange envelope (import overnight / export midday)
INFO: F923 fuel costs for 2023: 58 generators priced from their own plant, 380 gap-filled from nearby (state/zone) plants
INFO: NYISO zonal gas basis (2023): 658 gas units shifted by zone hub offset (min -1.46, max 0.00 $/MMBtu vs Capital_Hudson)
INFO: EIA-860 multifuel: 577 (plant, group) dual-fuel gas keys flagged
INFO: dual-fuel switching (NYISO 2023): 377 gas tranches (15885 MW) capped at the delivered oil price
INFO: Matrix build: 1.694s, Solve: 137.498s (cold)
INFO: Matrix build: 1.694s, Solve: 28.560s (warm)
INFO: Matrix build: 1.532s, Solve: 147.215s (cold)
INFO: EIA-923 2023: CAMPD-backfilled 3 under-reported plants (3 replaced, 0 added)
INFO: Loaded NYISO fleet from EIA-860 parquet (460 generators)
INFO: Binned fleet cache for NYISO is up to date — loaded from nyiso_fleet_binned.parquet
INFO: solving NYISO 2024 (hours=8760, Henry Hub=$2.19/MMBtu, commitment=True)
INFO: NYISO 2024 Upstate_West->Capital_Hudson monthly TTC envelope: 2525-3075 MW (measured Central-East DAM postings)
INFO: loaded 14 within-window retiree units for NYISO (492 MW, plants [2485, 10464, 55243])
INFO: Loaded NYISO fleet from EIA-860 parquet (460 generators)
INFO: Binned fleet cache for NYISO is up to date — loaded from nyiso_fleet_binned.parquet
INFO: unit-outage derate (NYISO 2024): 339 plant-tranches derated
INFO: COD ramp (NYISO 2024): 138 unit-months masked offline (mid-year COD / retirement), 7 unit(s) fully not-yet-built/retired
INFO: Loaded NYISO 2024 hydro budget: 147 plants, 27875.0 GWh annual, 4587 MW nameplate
INFO: NYISO 2024: 147 hydro plants in LP (4587 MW, 27.88 TWh monthly budget)
INFO: NYISO 2024: priced import/export node — 5 import tranches (5900 MW), 1 export sinks (600 MW)
INFO: unit-outage derate (NYISO 2024): 339 plant-tranches derated
INFO: COD ramp (NYISO 2024): 159 unit-months masked offline (mid-year COD / retirement), 8 unit(s) fully not-yet-built/retired
INFO: NYISO 2024: priced node shaped by measured EIA-930 interchange envelope (import overnight / export midday)
INFO: F923 fuel costs for 2024: 57 generators priced from their own plant, 386 gap-filled from nearby (state/zone) plants
INFO: NYISO zonal gas basis (2024): 667 gas units shifted by zone hub offset (min -1.07, max 0.00 $/MMBtu vs Capital_Hudson)
INFO: dual-fuel switching (NYISO 2024): 385 gas tranches (15896 MW) capped at the delivered oil price
INFO: Matrix build: 1.610s, Solve: 150.984s (cold)
INFO: Matrix build: 1.610s, Solve: 38.985s (warm)
INFO: Matrix build: 1.517s, Solve: 165.281s (cold)
INFO: EIA-923 2024: CAMPD-backfilled 3 under-reported plants (3 replaced, 0 added)
INFO: Loaded NYISO fleet from EIA-860 parquet (460 generators)
INFO: Binned fleet cache for NYISO is up to date — loaded from nyiso_fleet_binned.parquet
INFO: solving NYISO 2025 (hours=8760, Henry Hub=$3.52/MMBtu, commitment=True)
INFO: NYISO 2025 Upstate_West->Capital_Hudson monthly TTC envelope: 2500-3175 MW (measured Central-East DAM postings)
INFO: loaded 14 within-window retiree units for NYISO (492 MW, plants [2485, 10464, 55243])
INFO: Loaded NYISO fleet from EIA-860 parquet (460 generators)
INFO: Binned fleet cache for NYISO is up to date — loaded from nyiso_fleet_binned.parquet
INFO: unit-outage derate (NYISO 2025): 356 plant-tranches derated
INFO: COD ramp (NYISO 2025): 84 unit-months masked offline (mid-year COD / retirement), 7 unit(s) fully not-yet-built/retired
INFO: Loaded NYISO 2025 hydro budget: 3 plants, 21048.2 GWh annual, 3343 MW nameplate
INFO: NYISO 2025: 3 hydro plants in LP (3343 MW, 21.05 TWh monthly budget)
INFO: NYISO 2025: priced import/export node — 5 import tranches (5900 MW), 1 export sinks (600 MW)
INFO: unit-outage derate (NYISO 2025): 356 plant-tranches derated
INFO: COD ramp (NYISO 2025): 108 unit-months masked offline (mid-year COD / retirement), 9 unit(s) fully not-yet-built/retired
INFO: NYISO 2025: priced node shaped by measured EIA-930 interchange envelope (import overnight / export midday)
INFO: F923 fuel costs for 2025: 55 generators priced from their own plant, 397 gap-filled from nearby (state/zone) plants
INFO: NYISO zonal gas basis (2025): 667 gas units shifted by zone hub offset (min -3.08, max 0.00 $/MMBtu vs Capital_Hudson)
INFO: dual-fuel switching (NYISO 2025): 385 gas tranches (15896 MW) capped at the delivered oil price
INFO: Matrix build: 1.358s, Solve: 96.285s (cold)
INFO: Matrix build: 1.358s, Solve: 7.811s (warm)
INFO: Matrix build: 1.148s, Solve: 113.276s (cold)
INFO: EIA-923 2025: CAMPD-backfilled 23 under-reported plants (0 replaced, 23 added)
INFO: EIA-923 2025 wind 4.46 TWh under-counts EIA-930 7.05 TWh; using EIA-930 grid total
INFO: EIA-923 2025 hydro 20.56 TWh under-counts EIA-930 24.10 TWh; using EIA-930 grid total
INFO: EIA-923 2025 biomass 0.13 TWh incomplete (vintage 89%); carrying 2024 biomass 0.76 TWh x completeness -> 0.67 TWh
INFO: wrote calibration bundle to results/calibration/_cg_nyiso_shape

================================================================================
  CALIBRATION REPORT  (NYISO; run 2026-06-20T20:50:29; git f46db82)
  bundle: results/calibration/_cg_nyiso_shape
================================================================================

================================================================================
  NYISO 2023 BACKCAST  (energy-only)
================================================================================

  [1] Generation by fuel (TWh; share of own total)
    fuel        model  mdl% EIA-930  930% EIA-923  923%
    coal            —     —    0.00     —    0.00     —
    gas         66.94  50.3   61.00  51.4   63.79  50.2
    nuclear     27.49  20.7   24.00  20.2   27.52  21.7
    wind         4.60   3.5    4.60   3.9       —     —
    solar        1.94   1.5    0.00     —       —     —
    hydro       28.38  21.3   26.84  22.6   28.40  22.4
    oil          0.00   0.0    2.17   1.8    0.42   0.3
    biomass      1.52   1.1       —     —       —     —
    TOTAL      133.08 100.0  118.61 100.0  126.96 100.0
    import      14.22   9.7   23.45  16.5       —     —   (net; serves load, not in generation total)

  [2] Net interchange (EIA sign: + = net export)
    actual (EIA-930): -23.45 TWh (-2677 MW avg)
    priced-node fit  : duration RMSE 320 MW (offline tranche fit, optimal placement; P9)
    model            : -14.22 TWh (-1623 MW avg; priced import/export node)
    duration curve   : RMSE 1085 MW; p01/p10/p50/p90/p99 model -2953/-2693/-1406/-827/-401 vs actual -4909/-3804/-2626/-1617/-705
    import hours     : model 100.0% vs actual 100.0%
    diurnal shape    : corr +0.96; model peak->trough 416 MW vs actual 475 MW

  [2b] Battery cycling — 2023 (model EIA-860 fleet vs EIA-930 BAT)
                                metric  model  EIA-930
                         discharge TWh   0.10        —
                            charge TWh   0.12        —
    evening (h17-22) discharge share %   76.5        —
    (no EIA-930 battery series in this BA extract — model throughput reported alone)
    pumped-storage discharge: model 0.92 TWh; EIA-930 —

  [3] Zonal price level ($/MWh)
    zone                avg  neg-hrs
    Capital_Hudson    41.67        0
    Long_Island       41.70        0
    Lower_Hudson      41.67        0
    NYC               41.67        0
    NYISO_external    35.24        0
    Upstate_West      35.24        0

  [3] System price duration ($/MWh)
    avg    39.53   max   239.50   p90   63.65   p50   34.20   p10   24.06   min    22.50
    negative-price hours: 0

================================================================================
  NYISO 2024 BACKCAST  (energy-only)
================================================================================

  [1] Generation by fuel (TWh; share of own total)
    fuel        model  mdl% EIA-930  930% EIA-923  923%
    coal            —     —    0.00     —       —     —
    gas         67.80  50.1   67.80  53.5       —     —
    nuclear     26.96  19.9   25.86  20.4       —     —
    wind         6.01   4.4    6.01   4.7       —     —
    solar        2.65   2.0    0.00     —       —     —
    hydro       27.85  20.6   26.78  21.1       —     —
    oil          0.00   0.0    0.29   0.2       —     —
    biomass      1.92   1.4       —     —       —     —
    TOTAL      135.39 100.0  126.74 100.0       —     —
    import      15.24  10.1   20.35  13.8       —     —   (net; serves load, not in generation total)

  [2] Net interchange (EIA sign: + = net export)
    actual (EIA-930): -20.35 TWh (-2323 MW avg)
    priced-node fit  : duration RMSE 333 MW (offline tranche fit, optimal placement; P9)
    model            : -15.24 TWh (-1740 MW avg; priced import/export node)
    duration curve   : RMSE 656 MW; p01/p10/p50/p90/p99 model -3256/-2916/-1561/-869/-668 vs actual -4787/-3729/-2260/-1046/-377
    import hours     : model 100.0% vs actual 99.8%
    diurnal shape    : corr +0.71; model peak->trough 482 MW vs actual 398 MW

  [2b] Battery cycling — 2024 (model EIA-860 fleet vs EIA-930 BAT)
                                metric  model  EIA-930
                         discharge TWh   0.11        —
                            charge TWh   0.13        —
    evening (h17-22) discharge share %   80.1        —
    (no EIA-930 battery series in this BA extract — model throughput reported alone)
    pumped-storage discharge: model 0.59 TWh; EIA-930 —

  [3] Zonal price level ($/MWh)
    zone                avg  neg-hrs
    Capital_Hudson    43.59        3
    Long_Island       43.62        3
    Lower_Hudson      43.61        3
    NYC               43.61        3
    NYISO_external    42.89        3
    Upstate_West      42.89        3

  [3] System price duration ($/MWh)
    avg    43.37   max   158.52   p90   66.88   p50   36.68   p10   28.68   min   -26.00
    negative-price hours: 3

================================================================================
  NYISO 2025 BACKCAST  (energy-only)
================================================================================

  [1] Generation by fuel (TWh; share of own total)
    fuel        model  mdl% EIA-930  930% EIA-923  923%
    coal            —     —    0.00     —    0.00     —
    gas         73.77  53.4   70.25  54.2   60.21  50.8
    nuclear     28.38  20.5   27.95  21.6   28.41  24.0
    wind         7.05   5.1    7.05   5.4       —     —
    solar        3.56   2.6    0.00     —       —     —
    hydro       21.05  15.2   24.10  18.6   21.05  17.8
    oil          0.01   0.0    0.18   0.1    1.06   0.9
    biomass      2.60   1.9       —     —       —     —
    TOTAL      138.16 100.0  129.53 100.0  118.43 100.0
    import      13.67   9.0   19.09  12.8       —     —   (net; serves load, not in generation total)

  [2] Net interchange (EIA sign: + = net export)
    actual (EIA-930): -19.09 TWh (-2179 MW avg)
    priced-node fit  : duration RMSE 331 MW (offline tranche fit, optimal placement; P9)
    model            : -13.67 TWh (-1561 MW avg; priced import/export node)
    duration curve   : RMSE 684 MW; p01/p10/p50/p90/p99 model -3151/-2708/-1334/-910/-802 vs actual -4553/-3391/-2094/-1127/-456
    import hours     : model 100.0% vs actual 99.8%
    diurnal shape    : corr +0.24; model peak->trough 184 MW vs actual 586 MW

  [2b] Battery cycling — 2025 (model EIA-860 fleet vs EIA-930 BAT)
                                metric  model  EIA-930
                         discharge TWh   0.18        —
                            charge TWh   0.21        —
    evening (h17-22) discharge share %   83.5        —
    (no EIA-930 battery series in this BA extract — model throughput reported alone)
    pumped-storage discharge: model 1.01 TWh; EIA-930 —

  [3] Zonal price level ($/MWh)
    zone                avg  neg-hrs
    Capital_Hudson    67.23        2
    Long_Island       67.23        2
    Lower_Hudson      67.23        2
    NYC               67.23        2
    NYISO_external    67.12        2
    Upstate_West      67.12        2

  [3] System price duration ($/MWh)
    avg    67.19   max   297.41   p90  108.77   p50   56.33   p10   40.38   min   -26.00
    negative-price hours: 2
