INFO: NEISO backcast: NP6 HSL and coal must-run tuning are ERCOT-only and skipped; per-plant CAMPD + EIA-923 benchmark built for the covered states; the report compares fuel mix, prices and net interchange.
INFO: Loaded NEISO fleet from EIA-860 parquet (431 generators)
INFO: Binned fleet cache for NEISO is up to date — loaded from neiso_fleet_binned.parquet
INFO: NEISO net interchange applied for 2023: -1728 MW avg (export-positive, measured EIA-930)
WARNING: NEISO zonal load file not found (/home/user/market-simulator/data/raw/zone-specific-demand/NEISO/NEISO_load_hourly_2023.csv); using static load_share split. Refresh path: upload U3 (ISO-NE hourly_load SMD CSV for 2023) to data/raw/zone-specific-demand/NEISO/
INFO: solving NEISO 2023 (hours=8760, Henry Hub=$2.54/MMBtu, commitment=True)
INFO: NEISO net interchange applied for 2023: -1728 MW avg (export-positive, measured EIA-930)
WARNING: NEISO zonal load file not found (/home/user/market-simulator/data/raw/zone-specific-demand/NEISO/NEISO_load_hourly_2023.csv); using static load_share split. Refresh path: upload U3 (ISO-NE hourly_load SMD CSV for 2023) to data/raw/zone-specific-demand/NEISO/
INFO: loaded 23 within-window retiree units for NEISO (1746 MW, plants [563, 581, 1588, 50955, 54085, 54586, 56891, 57103, 58365, 59801])
INFO: Loaded NEISO fleet from EIA-860 parquet (431 generators)
INFO: Binned fleet cache for NEISO is up to date — loaded from neiso_fleet_binned.parquet
INFO: Loaded NEISO fleet from EIA-860 parquet (431 generators)
INFO: Binned fleet cache for NEISO is up to date — loaded from neiso_fleet_binned.parquet
INFO: loaded 23 within-window retiree units for NEISO (1746 MW, plants [563, 581, 1588, 50955, 54085, 54586, 56891, 57103, 58365, 59801])
INFO: unit-outage derate (NEISO 2023): 241 plant-tranches derated
INFO: CT deployment overlay (NEISO 2023): floored 8 peaker(s), 0.08 TWh of out-of-merit energy (frac 1.00)
INFO: COD ramp (NEISO 2023): 260 unit-months masked offline (mid-year COD / retirement), 15 unit(s) fully not-yet-built/retired
INFO: Loaded NEISO 2023 hydro budget: 168 plants, 8547.8 GWh annual, 1882 MW nameplate
INFO: NEISO 2023: 168 hydro plants in LP (1882 MW, 8.55 TWh monthly budget)
INFO: unit-outage derate (NEISO 2023): 241 plant-tranches derated
INFO: CT deployment overlay (NEISO 2023): floored 8 peaker(s), 0.08 TWh of out-of-merit energy (frac 1.00)
INFO: COD ramp (NEISO 2023): 291 unit-months masked offline (mid-year COD / retirement), 15 unit(s) fully not-yet-built/retired
INFO: F923 fuel costs for 2023: 20 generators priced from their own plant, 318 gap-filled from nearby (state/zone) plants
INFO: hub-basis overlay (NEISO 2023, daily): 521 gas generators repriced at the measured hub spot in 12/12 months (winter max 30.13 $/MMBtu)
INFO: EIA-860 multifuel: 577 (plant, group) dual-fuel gas keys flagged
INFO: dual-fuel switching (NEISO 2023): 247 gas tranches (6060 MW) capped at the delivered oil price
INFO: Matrix build: 1.329s, Solve: 98.586s (cold)
INFO: Matrix build: 1.329s, Solve: 13.499s (warm)
INFO: Matrix build: 1.169s, Solve: 102.500s (cold)
INFO: EIA-923 2023: CAMPD-backfilled 2 under-reported plants (2 replaced, 0 added)
INFO: Loaded NEISO fleet from EIA-860 parquet (431 generators)
INFO: Binned fleet cache for NEISO is up to date — loaded from neiso_fleet_binned.parquet
INFO: NEISO net interchange applied for 2024: -1175 MW avg (export-positive, measured EIA-930)
WARNING: NEISO zonal load file not found (/home/user/market-simulator/data/raw/zone-specific-demand/NEISO/NEISO_load_hourly_2024.csv); using static load_share split. Refresh path: upload U3 (ISO-NE hourly_load SMD CSV for 2024) to data/raw/zone-specific-demand/NEISO/
INFO: solving NEISO 2024 (hours=8760, Henry Hub=$2.19/MMBtu, commitment=True)
INFO: NEISO net interchange applied for 2024: -1175 MW avg (export-positive, measured EIA-930)
WARNING: NEISO zonal load file not found (/home/user/market-simulator/data/raw/zone-specific-demand/NEISO/NEISO_load_hourly_2024.csv); using static load_share split. Refresh path: upload U3 (ISO-NE hourly_load SMD CSV for 2024) to data/raw/zone-specific-demand/NEISO/
INFO: loaded 23 within-window retiree units for NEISO (1746 MW, plants [563, 581, 1588, 50955, 54085, 54586, 56891, 57103, 58365, 59801])
INFO: Loaded NEISO fleet from EIA-860 parquet (431 generators)
INFO: Binned fleet cache for NEISO is up to date — loaded from neiso_fleet_binned.parquet
INFO: unit-outage derate (NEISO 2024): 257 plant-tranches derated
INFO: CT deployment overlay (NEISO 2024): floored 9 peaker(s), 0.04 TWh of out-of-merit energy (frac 1.00)
INFO: COD ramp (NEISO 2024): 304 unit-months masked offline (mid-year COD / retirement), 16 unit(s) fully not-yet-built/retired
INFO: Loaded NEISO 2024 hydro budget: 166 plants, 6714.4 GWh annual, 1900 MW nameplate
INFO: NEISO 2024: 166 hydro plants in LP (1900 MW, 6.71 TWh monthly budget)
INFO: unit-outage derate (NEISO 2024): 257 plant-tranches derated
INFO: CT deployment overlay (NEISO 2024): floored 9 peaker(s), 0.04 TWh of out-of-merit energy (frac 1.00)
INFO: COD ramp (NEISO 2024): 376 unit-months masked offline (mid-year COD / retirement), 22 unit(s) fully not-yet-built/retired
INFO: F923 fuel costs for 2024: 20 generators priced from their own plant, 311 gap-filled from nearby (state/zone) plants
INFO: hub-basis overlay (NEISO 2024, daily): 514 gas generators repriced at the measured hub spot in 12/12 months (winter max 26.69 $/MMBtu)
INFO: dual-fuel switching (NEISO 2024): 254 gas tranches (6068 MW) capped at the delivered oil price
INFO: Matrix build: 1.342s, Solve: 99.346s (cold)
INFO: Matrix build: 1.342s, Solve: 12.986s (warm)
INFO: Matrix build: 1.261s, Solve: 99.111s (cold)
INFO: EIA-923 2024: CAMPD-backfilled 2 under-reported plants (2 replaced, 0 added)
INFO: EIA-923 2024 hydro 6.23 TWh under-counts EIA-930 7.39 TWh; using EIA-930 grid total
INFO: Loaded NEISO fleet from EIA-860 parquet (431 generators)
INFO: Binned fleet cache for NEISO is up to date — loaded from neiso_fleet_binned.parquet
INFO: NEISO net interchange applied for 2025: -928 MW avg (export-positive, measured EIA-930)
WARNING: NEISO zonal load file not found (/home/user/market-simulator/data/raw/zone-specific-demand/NEISO/NEISO_load_hourly_2025.csv); using static load_share split. Refresh path: upload U3 (ISO-NE hourly_load SMD CSV for 2025) to data/raw/zone-specific-demand/NEISO/
INFO: solving NEISO 2025 (hours=8760, Henry Hub=$3.52/MMBtu, commitment=True)
INFO: NEISO net interchange applied for 2025: -928 MW avg (export-positive, measured EIA-930)
WARNING: NEISO zonal load file not found (/home/user/market-simulator/data/raw/zone-specific-demand/NEISO/NEISO_load_hourly_2025.csv); using static load_share split. Refresh path: upload U3 (ISO-NE hourly_load SMD CSV for 2025) to data/raw/zone-specific-demand/NEISO/
INFO: loaded 23 within-window retiree units for NEISO (1746 MW, plants [563, 581, 1588, 50955, 54085, 54586, 56891, 57103, 58365, 59801])
INFO: Loaded NEISO fleet from EIA-860 parquet (431 generators)
INFO: Binned fleet cache for NEISO is up to date — loaded from neiso_fleet_binned.parquet
INFO: unit-outage derate (NEISO 2025): 267 plant-tranches derated
INFO: CT deployment overlay (NEISO 2025): floored 9 peaker(s), 0.05 TWh of out-of-merit energy (frac 1.00)
INFO: COD ramp (NEISO 2025): 396 unit-months masked offline (mid-year COD / retirement), 33 unit(s) fully not-yet-built/retired
INFO: Loaded NEISO 2025 hydro budget: 5 plants, 90.7 GWh annual, 30 MW nameplate
INFO: NEISO 2025: 5 hydro plants in LP (30 MW, 0.09 TWh monthly budget)
INFO: unit-outage derate (NEISO 2025): 267 plant-tranches derated
INFO: CT deployment overlay (NEISO 2025): floored 9 peaker(s), 0.05 TWh of out-of-merit energy (frac 1.00)
INFO: COD ramp (NEISO 2025): 468 unit-months masked offline (mid-year COD / retirement), 39 unit(s) fully not-yet-built/retired
INFO: F923 fuel costs for 2025: 12 generators priced from their own plant, 166 gap-filled from nearby (state/zone) plants
INFO: hub-basis overlay (NEISO 2025, daily): 514 gas generators repriced at the measured hub spot in 12/12 months (winter max 35.56 $/MMBtu)
INFO: dual-fuel switching (NEISO 2025): 254 gas tranches (6068 MW) capped at the delivered oil price
INFO: Matrix build: 0.980s, Solve: 61.860s (cold)
INFO: Matrix build: 0.980s, Solve: 8.325s (warm)
INFO: Matrix build: 0.878s, Solve: 60.974s (cold)
INFO: EIA-923 2025: CAMPD-backfilled 15 under-reported plants (0 replaced, 15 added)
INFO: EIA-923 2025 wind 3.04 TWh under-counts EIA-930 4.53 TWh; using EIA-930 grid total
INFO: EIA-923 2025 solar 1.02 TWh under-counts EIA-930 1.58 TWh; using EIA-930 grid total
INFO: EIA-923 2025 hydro -0.35 TWh under-counts EIA-930 5.12 TWh; using EIA-930 grid total
INFO: EIA-923 2025 biomass 1.21 TWh incomplete (vintage 83%); carrying 2024 biomass 2.96 TWh x completeness -> 2.45 TWh
INFO: wrote calibration bundle to results/calibration/neiso_agt_daily_real_3yr

================================================================================
  CALIBRATION REPORT  (NEISO; run 2026-06-23T23:55:16; git 008c298)
  bundle: results/calibration/neiso_agt_daily_real_3yr
================================================================================

================================================================================
  NEISO 2023 BACKCAST  (energy-only)
================================================================================

  [1] Generation by fuel (TWh; share of own total)
    fuel        model  mdl% EIA-930  930% EIA-923  923%
    coal         0.01   0.0    0.18   0.2    0.20   0.2
    gas         55.10  56.8   55.47  60.3   56.58  59.0
    nuclear     23.17  23.9   23.17  25.2   23.20  24.2
    wind         3.25   3.3    3.25   3.5       —     —
    solar        0.89   0.9    0.89   1.0       —     —
    hydro        8.49   8.8    8.77   9.5    8.55   8.9
    oil          0.28   0.3    0.32   0.4    0.39   0.4
    biomass      2.39   2.5       —     —       —     —
    TOTAL       96.97 100.0   92.05 100.0   95.96 100.0
    import          —     —   15.14  14.1       —     —   (net; serves load, not in generation total)

  [2] Net interchange (EIA sign: + = net export)
    actual (EIA-930): -15.14 TWh (-1728 MW avg)
    priced-node fit  : duration RMSE 271 MW (offline tranche fit, optimal placement; P9)
    model            : -15.14 TWh (-1728 MW avg; served as a scheduled interchange added to demand)
    duration curve   : RMSE 0 MW; p01/p10/p50/p90/p99 model -3727/-2939/-1674/-577/+239 vs actual -3727/-2939/-1674/-577/+239
    import hours     : model 97.8% vs actual 97.8%
    diurnal shape    : corr +1.00; model peak->trough 665 MW vs actual 665 MW

  [2b] Battery cycling — 2023 (model EIA-860 fleet vs EIA-930 BAT)
                                metric  model  EIA-930
                         discharge TWh   0.07        —
                            charge TWh   0.08        —
    evening (h17-22) discharge share %   65.7        —
    (no EIA-930 battery series in this BA extract — model throughput reported alone)
    pumped-storage discharge: model 0.36 TWh; EIA-930 —

  [3] Zonal price level ($/MWh)
    zone                avg  neg-hrs
    Boston            33.66        0
    Central           33.66        0
    Connecticut       33.66        0
    HQ_import         33.66        0
    North             33.66        0

  [3] System price duration ($/MWh)
    avg    33.66   max   229.29   p90   42.93   p50   30.79   p10   20.86   min    14.36
    negative-price hours: 0

================================================================================
  NEISO 2024 BACKCAST  (energy-only)
================================================================================

  [1] Generation by fuel (TWh; share of own total)
    fuel        model  mdl% EIA-930  930% EIA-923  923%
    coal         0.00     —    0.24   0.2    0.25   0.2
    gas         59.36  57.1   59.64  60.4   60.99  59.3
    nuclear     26.48  25.5   26.41  26.7   26.55  25.8
    wind         3.45   3.3    3.45   3.5       —     —
    solar        1.31   1.3    1.31   1.3       —     —
    hydro        6.67   6.4    7.39   7.5    6.71   6.5
    oil          0.20   0.2    0.37   0.4    0.31   0.3
    biomass      3.12   3.0       —     —       —     —
    TOTAL      103.95 100.0   98.81 100.0  102.82 100.0
    import          —     —   10.30   9.4       —     —   (net; serves load, not in generation total)

  [2] Net interchange (EIA sign: + = net export)
    actual (EIA-930): -10.30 TWh (-1175 MW avg)
    priced-node fit  : duration RMSE 266 MW (offline tranche fit, optimal placement; P9)
    model            : -10.30 TWh (-1175 MW avg; served as a scheduled interchange added to demand)
    duration curve   : RMSE 0 MW; p01/p10/p50/p90/p99 model -3782/-3015/-982/+265/+1135 vs actual -3782/-3015/-982/+265/+1135
    import hours     : model 83.8% vs actual 83.8%
    diurnal shape    : corr +1.00; model peak->trough 994 MW vs actual 994 MW

  [2b] Battery cycling — 2024 (model EIA-860 fleet vs EIA-930 BAT)
                                metric  model  EIA-930
                         discharge TWh   0.12        —
                            charge TWh   0.14        —
    evening (h17-22) discharge share %   65.9        —
    (no EIA-930 battery series in this BA extract — model throughput reported alone)
    pumped-storage discharge: model 0.49 TWh; EIA-930 —

  [3] Zonal price level ($/MWh)
    zone                avg  neg-hrs
    Boston            39.22        0
    Central           39.22        0
    Connecticut       39.22        0
    HQ_import         39.22        0
    North             39.22        0

  [3] System price duration ($/MWh)
    avg    39.22   max   219.35   p90   80.29   p50   30.26   p10   24.73   min    10.58
    negative-price hours: 0

================================================================================
  NEISO 2025 BACKCAST  (energy-only)
================================================================================

  [1] Generation by fuel (TWh; share of own total)
    fuel        model  mdl% EIA-930  930% EIA-923  923%
    coal         0.09   0.1    0.28   0.3    0.27   0.3
    gas         63.71  59.3   60.09  59.9   52.36  59.9
    nuclear     27.64  25.7   27.46  27.4   27.62  31.6
    wind         4.53   4.2    4.53   4.5       —     —
    solar        1.58   1.5    1.58   1.6       —     —
    hydro        0.09   0.1    5.12   5.1    0.09   0.1
    oil          1.66   1.5    1.24   1.2    0.91   1.0
    biomass      5.60   5.2       —     —       —     —
    TOTAL      107.52 100.0  100.30 100.0   87.36 100.0
    import          —     —    8.13   7.5       —     —   (net; serves load, not in generation total)

  [2] Net interchange (EIA sign: + = net export)
    actual (EIA-930): -8.13 TWh (-928 MW avg)
    priced-node fit  : duration RMSE 271 MW (offline tranche fit, optimal placement; P9)
    model            : -8.13 TWh (-928 MW avg; served as a scheduled interchange added to demand)
    duration curve   : RMSE 0 MW; p01/p10/p50/p90/p99 model -4286/-3348/-628/+548/+1249 vs actual -4286/-3348/-628/+548/+1249
    import hours     : model 72.2% vs actual 72.2%
    diurnal shape    : corr +1.00; model peak->trough 687 MW vs actual 687 MW

  [2b] Battery cycling — 2025 (model EIA-860 fleet vs EIA-930 BAT)
                                metric  model  EIA-930
                         discharge TWh   0.42     0.15
                            charge TWh   0.50     0.00
    evening (h17-22) discharge share %   71.8     45.5
                  hourly net Pearson r  0.344         
    pumped-storage discharge: model 1.14 TWh; EIA-930 1.93

  [3] Zonal price level ($/MWh)
    zone                avg  neg-hrs
    Boston            74.21        0
    Central           74.21        0
    Connecticut       74.21        0
    HQ_import         74.21        0
    North             74.21        0

  [3] System price duration ($/MWh)
    avg    74.21   max   293.29   p90  147.89   p50   48.45   p10   34.02   min    29.17
    negative-price hours: 0
