INFO: Loaded MISO fleet from EIA-860 parquet (1975 generators)
INFO: Binned fleet cache for MISO is up to date — loaded from miso_fleet_binned.parquet
INFO: solving MISO 2024 (hours=8760, Henry Hub=$2.19/MMBtu, commitment=False)
INFO: MISO 2024: miso_south_seam_split — South seam re-homed onto its own external zone (RDT wheel-through bypass severed)
INFO: MISO 2024: miso_rdt_tcdc — RDT pair replaced with 92% default derate + $40/$500 TCDC tiers (2024 SOM §III.B) + RPE $200 additive on violation tiers (miso_rpe_pricing, 2024 SOM §II.E/§III.B)
WARNING: capacity-deliverability: clean partition for MISO absent; run scripts/curate_capacity_deliverability.py. Returning no limits.
WARNING: MISO 2024: capacity-deliverability clean partition absent — falling back to static PY2025-26 summer CIL/CEL caps; run scripts/curate_capacity_deliverability.py
INFO: loaded 54 within-window retiree units for MISO (3337 MW, plants [202, 862, 1024, 1047, 1740, 1741, 1846, 1971, 2050, 6155, 6356, 7842, 10075, 10149, 10477, 52006, 54748, 56247, 57208, 59808, 63709, 65494])
INFO: Loaded MISO fleet from EIA-860 parquet (1975 generators)
INFO: Binned fleet cache for MISO is up to date — loaded from miso_fleet_binned.parquet
INFO: CC capacity reconcile: raised 0 / capped 7 plant(s) to demonstrated peak (-2714 MW total) from cc_capacity_reconcile_MISO.csv
INFO: Loaded MISO fleet from EIA-860 parquet (1975 generators)
INFO: Binned fleet cache for MISO is up to date — loaded from miso_fleet_binned.parquet
INFO: loaded 54 within-window retiree units for MISO (3337 MW, plants [202, 862, 1024, 1047, 1740, 1741, 1846, 1971, 2050, 6155, 6356, 7842, 10075, 10149, 10477, 52006, 54748, 56247, 57208, 59808, 63709, 65494])
INFO: unit-outage derate (MISO 2024): 831 plant-tranches derated
INFO: short unit-outage derate (MISO 2024): 134 plant-tranches derated (< 5-day baseload-coal windows)
INFO: COD ramp (MISO 2024): 707 unit-months masked offline (mid-year COD / retirement), 41 unit(s) fully not-yet-built/retired
INFO: Loaded MISO fleet from EIA-860 parquet (1975 generators)
INFO: Binned fleet cache for MISO is up to date — loaded from miso_fleet_binned.parquet
INFO: MISO 2024 hydro budget pinned to monthly target total 10710.3 GWh (was 9042.0 GWh)
INFO: Loaded MISO 2024 hydro budget: 160 plants, 10710.3 GWh annual, 2372 MW nameplate
INFO: MISO 2024: 160 hydro plants in LP (2372 MW, 10.71 TWh monthly budget)
INFO: MISO 2024: priced import/export node — 25 import tranches (14831 MW), 24 export sinks (14300 MW)
INFO: unit-outage derate (MISO 2024): 831 plant-tranches derated
INFO: short unit-outage derate (MISO 2024): 134 plant-tranches derated (< 5-day baseload-coal windows)
INFO: COD ramp (MISO 2024): 879 unit-months masked offline (mid-year COD / retirement), 50 unit(s) fully not-yet-built/retired
INFO: MISO 2024: reference-price seam import capped at measured EIA-930 BA-to-BA deliverability envelope (p90; SPP/South clip toward ~0 import, PJM keeps its measured eastern transfer)
INFO: MISO 2024: reference-price seam export capped at measured EIA-930 BA-to-BA net-export envelope (p90; PJM seam clips export toward ~0, SPP/South keep their measured export headroom)
INFO: MISO 2024: reliability floor — 12 enabled limb spec(s) applied from RELIABILITY_FLOOR_REGISTRY
INFO: F923 fuel costs for 2024: 978 generators priced from their own plant, 1896 gap-filled from nearby (state/zone) plants
INFO: MISO zonal gas basis (2024): 1499 gas units; cap-weighted mean +0.28 removed, zonal spread -0.16..0.11 $/MMBtu
INFO: MISO 2024: reference-price interface — 3 neighbor seams priced from gas x heat-rate x load-shape (hurdle in $/MWh); PJM seam re-anchored to its western (ComEd/AEP/ATSI) border hubs
INFO: MISO 2024: Manitoba firm-hydro import baseload floored (must-flow)
INFO: MISO 2024: seam bands repriced to the MEASURED per-seam Q-Q ladders (EIA-930 flow durations x MISO DA hub quantiles; PJM/SPP/South, import + export; no added hurdle)
INFO: energy+reserve co-opt (MISO): RBDC market-wide requirement 2410 MW at h0 (measured hourly cleared reg+spin+supp), 11 ORDC steps ($200-$3500), 2559 reserve-eligible units
INFO:   MISO zonal reserve family miso_zonal_or_miso_south: requirement 521 MW at h0 (measured hourly South reservation), published zonal curve steps ['238MW@$200', '835MW@$1100', '119MW@$3300']
INFO:   MISO PER-ASSET reserve columns (miso_reserve_pergen): 2546 members pooled into 30 (zone, fuel-class) R columns, availability-scaled 10-min deliverable ramp cap mean 37024 / min 32698 MW
INFO: Matrix build: 18.700s, Solve: 234.722s (cold)
INFO: Matrix build: 18.700s, Solve: 76.728s (warm)
INFO: EIA-923 2024: CAMPD-backfilled 3 under-reported plant(s) across 3 class-row(s) (3 replaced, 0 added)
INFO: EIA-923 2024 hydro 8.01 TWh under-counts EIA-930 10.74 TWh; using EIA-930 grid total
INFO: year 2024 phase timing: data_prep=57.0s solve_p0=234.7s markup=35.0s solve_p1=76.7s results_write=34.2s total=437.7s
INFO: wrote calibration bundle to /home/user/market-simulator/results/calibration/_probe_miso_coalconduct_reg_2024
