INFO: Loaded CAISO fleet from EIA-860 parquet (782 generators)
INFO: Binned fleet cache for CAISO is up to date — loaded from caiso_fleet_binned.parquet
WARNING: CAISO TAC-area load for 2023 covers 744/8760 hours; uncovered hours use the sample-average zone shares
INFO: solving CAISO 2023 (hours=8760, Henry Hub=$2.54/MMBtu, commitment=False)
INFO: CAISO 2023: capacity_deliverability_limits — seam import cap set to 16055 MW (summed per-area import_limit, delivery year 2023)
WARNING: CAISO TAC-area load for 2023 covers 744/8760 hours; uncovered hours use the sample-average zone shares
INFO: CAISO 2023: endogenous solar spill — full solar potential passed to LP (no pre-LP CF derate); solar sets the midday dual when curtailed
INFO: CAISO 2023: WECC corridor deliverability cap on 2 link(s) — measured p95 ATC proxy; median import DSW 5.2 GW / PNW 1.3 GW; midday tighter; export-direction cap on (evening net-export ~0 → no wheel-out): median export DSW 0.0 GW / PNW 1.4 GW
INFO: loaded 26 within-window retiree units for CAISO (1066 MW, plants [356, 7232, 10446, 50388, 50632, 50837, 54626, 57544, 57714, 58296, 58298, 58300, 58301, 59456, 59800, 59804, 59805, 60100, 63604, 63607])
INFO: Loaded CAISO fleet from EIA-860 parquet (782 generators)
INFO: Binned fleet cache for CAISO is up to date — loaded from caiso_fleet_binned.parquet
INFO: Loaded CAISO fleet from EIA-860 parquet (782 generators)
INFO: Binned fleet cache for CAISO is up to date — loaded from caiso_fleet_binned.parquet
INFO: loaded 26 within-window retiree units for CAISO (1066 MW, plants [356, 7232, 10446, 50388, 50632, 50837, 54626, 57544, 57714, 58296, 58298, 58300, 58301, 59456, 59800, 59804, 59805, 60100, 63604, 63607])
INFO: unit-outage derate (CAISO 2023): 227 plant-tranches derated
INFO: CC_REGULAR outage derate reallocated top-of-stack for 28 plant(s)
INFO: COD ramp (CAISO 2023): 87 unit-months masked offline (mid-year COD / retirement), 7 unit(s) fully not-yet-built/retired
INFO: Loaded CAISO fleet from EIA-860 parquet (782 generators)
INFO: Binned fleet cache for CAISO is up to date — loaded from caiso_fleet_binned.parquet
INFO: Loaded CAISO 2023 hydro budget: 166 plants, 23901.9 GWh annual, 6433 MW nameplate
INFO: CAISO 2023: 166 hydro plants in LP (6433 MW, 23.90 TWh monthly budget)
INFO: CAISO 2023: priced import/export node — 6 import tranches (12171 MW), 2 export sinks (15423 MW)
INFO: unit-outage derate (CAISO 2023): 227 plant-tranches derated
INFO: CC_REGULAR outage derate reallocated top-of-stack for 28 plant(s)
INFO: COD ramp (CAISO 2023): 98 unit-months masked offline (mid-year COD / retirement), 7 unit(s) fully not-yet-built/retired
INFO: F923 fuel costs for 2023: 61 generators priced from their own plant, 859 gap-filled from nearby (state/zone) plants
INFO: hub-basis overlay (CAISO 2023, monthly): 1049 gas generators repriced at the measured hub spot in 12/12 months (winter max 28.08 $/MMBtu)
INFO: CAISO 2023: per-hub WECC intertie — two signed corridors (Malin/COI → NP15, Palo Verde/Path-46 → SP15), each priced at its OWN measured hub (per-hub basis + per-hub netting, arbitrage-free, one direction per hour per corridor) — firm/contracted tranches held at contract cost (caiso_perhub_firm_base)
INFO: Matrix build: 10.570s, Solve: 199.645s (cold)
INFO: Matrix build: 2.566s, Solve: 219.446s (cold)
INFO: EIA-923 2023: CAMPD-backfilled 1 under-reported plants (1 replaced, 0 added)
INFO: EIA-923 2023 wind 13.94 TWh under-counts EIA-930 16.40 TWh; using EIA-930 grid total
INFO: Loaded CAISO fleet from EIA-860 parquet (782 generators)
INFO: Binned fleet cache for CAISO is up to date — loaded from caiso_fleet_binned.parquet
WARNING: CAISO TAC-area load for 2024 covers 8758/8760 hours; uncovered hours use the sample-average zone shares
INFO: solving CAISO 2024 (hours=8760, Henry Hub=$2.19/MMBtu, commitment=False)
INFO: CAISO 2024: capacity_deliverability_limits — seam import cap set to 16452 MW (summed per-area import_limit, delivery year 2024)
WARNING: CAISO TAC-area load for 2024 covers 8758/8760 hours; uncovered hours use the sample-average zone shares
INFO: CAISO 2024: endogenous solar spill — full solar potential passed to LP (no pre-LP CF derate); solar sets the midday dual when curtailed
INFO: CAISO 2024: WECC corridor deliverability cap on 2 link(s) — measured p95 ATC proxy; median import DSW 5.0 GW / PNW 1.7 GW; midday tighter; export-direction cap on (evening net-export ~0 → no wheel-out): median export DSW 0.0 GW / PNW 1.0 GW
INFO: loaded 26 within-window retiree units for CAISO (1066 MW, plants [356, 7232, 10446, 50388, 50632, 50837, 54626, 57544, 57714, 58296, 58298, 58300, 58301, 59456, 59800, 59804, 59805, 60100, 63604, 63607])
INFO: Loaded CAISO fleet from EIA-860 parquet (782 generators)
INFO: Binned fleet cache for CAISO is up to date — loaded from caiso_fleet_binned.parquet
INFO: unit-outage derate (CAISO 2024): 219 plant-tranches derated
INFO: CC_REGULAR outage derate reallocated top-of-stack for 28 plant(s)
INFO: COD ramp (CAISO 2024): 326 unit-months masked offline (mid-year COD / retirement), 11 unit(s) fully not-yet-built/retired
INFO: Loaded CAISO fleet from EIA-860 parquet (782 generators)
INFO: Binned fleet cache for CAISO is up to date — loaded from caiso_fleet_binned.parquet
INFO: Loaded CAISO 2024 hydro budget: 160 plants, 21484.8 GWh annual, 6568 MW nameplate
INFO: CAISO 2024: 160 hydro plants in LP (6568 MW, 21.48 TWh monthly budget)
INFO: CAISO 2024: priced import/export node — 6 import tranches (12171 MW), 2 export sinks (15423 MW)
INFO: unit-outage derate (CAISO 2024): 219 plant-tranches derated
INFO: CC_REGULAR outage derate reallocated top-of-stack for 28 plant(s)
INFO: COD ramp (CAISO 2024): 340 unit-months masked offline (mid-year COD / retirement), 12 unit(s) fully not-yet-built/retired
INFO: F923 fuel costs for 2024: 61 generators priced from their own plant, 863 gap-filled from nearby (state/zone) plants
INFO: hub-basis overlay (CAISO 2024, monthly): 1052 gas generators repriced at the measured hub spot in 12/12 months (winter max 5.86 $/MMBtu)
INFO: CAISO 2024: per-hub WECC intertie — two signed corridors (Malin/COI → NP15, Palo Verde/Path-46 → SP15), each priced at its OWN measured hub (per-hub basis + per-hub netting, arbitrage-free, one direction per hour per corridor) — firm/contracted tranches held at contract cost (caiso_perhub_firm_base)
INFO: Matrix build: 2.504s, Solve: 192.248s (cold)
INFO: Matrix build: 2.439s, Solve: 223.779s (cold)
INFO: EIA-923 2024: CAMPD-backfilled 1 under-reported plants (1 replaced, 0 added)
INFO: EIA-923 2024 wind 15.42 TWh under-counts EIA-930 20.06 TWh; using EIA-930 grid total
INFO: Loaded CAISO fleet from EIA-860 parquet (782 generators)
INFO: Binned fleet cache for CAISO is up to date — loaded from caiso_fleet_binned.parquet
WARNING: CAISO TAC-area load for 2025 covers 8759/8760 hours; uncovered hours use the sample-average zone shares
INFO: solving CAISO 2025 (hours=8760, Henry Hub=$3.52/MMBtu, commitment=False)
INFO: CAISO 2025: capacity_deliverability_limits — seam import cap set to 16148 MW (summed per-area import_limit, delivery year 2025)
WARNING: CAISO TAC-area load for 2025 covers 8759/8760 hours; uncovered hours use the sample-average zone shares
INFO: CAISO 2025: endogenous solar spill — full solar potential passed to LP (no pre-LP CF derate); solar sets the midday dual when curtailed
INFO: CAISO 2025: WECC corridor deliverability cap on 2 link(s) — measured p95 ATC proxy; median import DSW 5.2 GW / PNW 1.9 GW; midday tighter; export-direction cap on (evening net-export ~0 → no wheel-out): median export DSW 0.0 GW / PNW 0.3 GW
INFO: loaded 26 within-window retiree units for CAISO (1066 MW, plants [356, 7232, 10446, 50388, 50632, 50837, 54626, 57544, 57714, 58296, 58298, 58300, 58301, 59456, 59800, 59804, 59805, 60100, 63604, 63607])
INFO: Loaded CAISO fleet from EIA-860 parquet (782 generators)
INFO: Binned fleet cache for CAISO is up to date — loaded from caiso_fleet_binned.parquet
INFO: unit-outage derate (CAISO 2025): 247 plant-tranches derated
INFO: CC_REGULAR outage derate reallocated top-of-stack for 28 plant(s)
INFO: COD ramp (CAISO 2025): 408 unit-months masked offline (mid-year COD / retirement), 34 unit(s) fully not-yet-built/retired
INFO: Loaded CAISO fleet from EIA-860 parquet (782 generators)
INFO: Binned fleet cache for CAISO is up to date — loaded from caiso_fleet_binned.parquet
INFO: Loaded CAISO 2025 hydro budget: 26 plants, 12319.2 GWh annual, 3916 MW nameplate
INFO: CAISO 2025: 26 hydro plants in LP (3916 MW, 12.32 TWh monthly budget)
INFO: CAISO 2025: priced import/export node — 6 import tranches (12171 MW), 2 export sinks (15423 MW)
INFO: unit-outage derate (CAISO 2025): 247 plant-tranches derated
INFO: CC_REGULAR outage derate reallocated top-of-stack for 28 plant(s)
INFO: COD ramp (CAISO 2025): 420 unit-months masked offline (mid-year COD / retirement), 35 unit(s) fully not-yet-built/retired
INFO: F923 fuel costs for 2025: 61 generators priced from their own plant, 858 gap-filled from nearby (state/zone) plants
INFO: hub-basis overlay (CAISO 2025, monthly): 1055 gas generators repriced at the measured hub spot in 9/12 months (winter max 6.38 $/MMBtu)
INFO: CAISO 2025: per-hub WECC intertie — two signed corridors (Malin/COI → NP15, Palo Verde/Path-46 → SP15), each priced at its OWN measured hub (per-hub basis + per-hub netting, arbitrage-free, one direction per hour per corridor) — firm/contracted tranches held at contract cost (caiso_perhub_firm_base)
INFO: Matrix build: 2.341s, Solve: 146.590s (cold)
INFO: Matrix build: 1.893s, Solve: 151.849s (cold)
INFO: EIA-923 2025: CAMPD-backfilled 3 under-reported plants (1 replaced, 2 added)
INFO: EIA-923 2025 wind 4.24 TWh under-counts EIA-930 19.82 TWh; using EIA-930 grid total
INFO: EIA-923 2025 solar 39.76 TWh under-counts EIA-930 49.85 TWh; using EIA-930 grid total
INFO: EIA-923 2025 hydro 12.42 TWh under-counts EIA-930 21.35 TWh; using EIA-930 grid total
INFO: EIA-923 2025 biomass 1.23 TWh incomplete (vintage 73%); carrying 2024 biomass 4.41 TWh x completeness -> 3.23 TWh
INFO: wrote calibration bundle to /home/user/market-simulator/results/calibration/caiso70_g61b_decrowd
DONE main -> /home/user/market-simulator/results/calibration/caiso70_g61b_decrowd
