
================================================================================
  CALIBRATION REPORT  (ERCOT; run 2026-07-06T04:22:43; git bbccb277)
  bundle: results/calibration/ercot_stage4_overlayoff_v2-ablation
================================================================================

================================================================================
  ERCOT 2023 BACKCAST
================================================================================

  [1] CHP — 2023  (model grid LP + behind-meter must-run vs EIA-923 total)
     class  grid LP  BTM-MR  model tot  EIA-923  diff %
    CC_CHP    26.80   24.49      51.28    53.00    -3.2
    CT_CHP     4.60    7.43      12.03    13.04    -7.8
    ST_CHP     0.06    0.36       0.42     0.52   -19.0
     TOTAL    31.46   32.28      63.74    66.57    -4.2
    (BTM-MR = behind-the-meter must-run, off-grid. CHP is excluded from every table below.)

  [2] Grid generation reconciliation — 2023
    EIA-930 net generation (Demand + Interchange)          445.97 TWh
    Model demand target                                    445.97 TWh
    Model grid generation (LP)                             446.07 TWh
    Gap (model grid − EIA-930 net gen)                      +0.11 TWh
    Unserved energy / load slack (should be 0)             0.0116 TWh
    Behind-meter CHP must-run (off-grid; table [1] only)    34.70 TWh

  [3] Non-CHP grid generation — 2023  (model LP vs EIA-930, CHP excluded)
             fuel  model TWh  model %  EIA-930 TWh  EIA-930 %     Δpp
    gas (non-CHP)     159.79     38.8       170.01       41.2    -2.3
             coal      66.97     16.3        62.29       15.1    +1.2
          nuclear      40.41      9.8        40.91        9.9    -0.1
             wind     110.84     26.9       107.99       26.1    +0.8
            solar      33.56      8.2        31.87        7.7    +0.4
            TOTAL     411.56    100.0       413.07      100.0        
    (EIA-930 non-CHP gas = EIA-930 all-gas − 31.5 TWh model CHP grid-delivered.)

  [3b] Thermal by class — 2023  (model grid LP + behind-meter must-run vs EIA-923 total; coal split lignite/PRB)
           class  grid LP  BTM-MR  model tot  EIA-923  diff %
      CC_REGULAR   139.92    1.96     141.88   143.70    -1.3
          CC_CHP    26.80   24.49      51.28    53.00    -3.2
       CT_PEAKER     6.80    0.47       7.26     7.56    -4.0
          CT_CHP     4.60    7.43      12.03    13.04    -7.8
          ST_GAS    13.07    0.00      13.07    16.70   -21.8
          ST_CHP     0.06    0.36       0.42     0.52   -19.0
    OTHER_FOSSIL     0.28    0.00       0.28     0.25   +11.5
            COAL     0.00    0.00       0.00     0.00       —
    COAL_LIGNITE    16.86    0.00      16.86    15.33    +9.9
        COAL_PRB    50.11    0.00      50.11    45.09   +11.1
        COAL_BIT     0.00    0.00       0.00     0.00       —
         COAL_WC     0.00    0.00       0.00     0.00       —
           TOTAL   258.49   34.70     293.19   295.20    -0.7

  [3c] Non-fossil & residual by class — 2023  (oil = LP peaker; biomass / hydro / OTHER = must-run injected; vs EIA-923 total)
      class    model  EIA-923  diff %
        oil     0.03     0.15   -81.1
    biomass     0.41     0.41    -0.0
      hydro     0.35     0.35    +0.1
      OTHER     1.99     1.99    -0.0
      TOTAL     2.78     2.90    -4.3

  [3d] Storage throughput — 2023  (model LP vs EIA-930 battery series where reported)
      tech  dis TWh  chg TWh
    li_ion     0.67     0.78
    EIA-930 battery series: not reported this year

  [3e] Renewable curtailment — 2023 (model re-curtailment vs ISO-reported; potential = uncurtailed HSL)
     fuel  potential TWh  model TWh  model curt  model %  reported curt  reported %
     wind         113.28     110.84       2.447     2.16          4.864        4.67
    solar          34.01      33.56       0.447     1.32          2.092        6.29

    Monthly curtailment (GWh):
    month  wind mdl  wind rep  solar mdl  solar rep
      Jan     364.4     576.4       15.5      212.1
      Feb     411.0     815.4       20.0      429.2
      Mar     434.0     981.4       32.7      407.2
      Apr     330.6     639.3       53.6      340.1
      May      64.2     189.6        5.2       41.4
      Jun     122.0     157.2       61.9      121.2
      Jul     107.7     186.0       78.6       83.8
      Aug      73.3     184.5       98.1       53.5
      Sep      66.2     118.2       51.6       52.8
      Oct     120.5     360.1       17.1      118.7
      Nov     152.4     316.8        4.8       67.5
      Dec     200.9     339.4        8.5      164.1

  [4] Monthly bias — 2023   (% of EIA-923 per month; coal split; CHP incl. behind-meter)
           class    Jan    Feb     Mar    Apr     May    Jun    Jul    Aug    Sep    Oct    Nov    Dec
      CC_REGULAR   +1.7   -2.8    +1.8   +2.6    +0.2   -2.1   -2.9   -3.6   -4.2   +0.3   +4.5   -4.3
          CC_CHP   +1.0   -1.2    -3.5   -0.3    -1.7   -7.3   -4.5   -1.4   -5.2   -4.7   -5.1   -3.8
       CT_PEAKER  -24.3  -18.2    -2.5  -12.2   +15.0  -15.0   -5.2   +6.3   +4.5  -22.5   +8.1  -34.8
          CT_CHP   -6.9   -9.7    -7.4   -5.5    -8.4  -11.7  -11.3   -9.3   -8.3   -3.1   -6.7   -2.8
          ST_GAS   +6.6  +18.4   -19.2  -26.5   -32.2  -12.2  -21.9  -14.4  -15.1  -63.6  -52.3  +37.3
          ST_CHP  -15.7  -17.0   -21.1  -20.7   -19.9  -18.3  -17.1  -17.6  -17.0  -20.6  -21.1  -20.0
    OTHER_FOSSIL  -52.0  -39.4  +106.6  +97.3  +103.4  +61.5  +11.7  +33.7  +20.9  -34.2  -20.9  -63.9
            COAL      ·      ·       ·      ·       ·      ·      ·      ·      ·      ·      ·      ·
    COAL_LIGNITE   -0.7  -13.7   -17.3   -3.8    +8.3  +22.5  +18.8  +29.2  +36.1  +20.4   +9.2   +5.0
        COAL_PRB   +3.3  -13.8   -22.1  -14.2   +10.8  +24.1  +28.8  +29.5  +29.3   +3.2   -1.0   -0.2
        COAL_BIT      ·      ·       ·      ·       ·      ·      ·      ·      ·      ·      ·      ·
         COAL_WC      ·      ·       ·      ·       ·      ·      ·      ·      ·      ·      ·      ·
            wind   +3.7   +5.3    +5.9   +2.2    +0.1   -0.2   +0.1   +0.7   -0.7   +2.1   +3.0   +3.0
     solar (930)  +13.6  +27.9   +18.6  +11.4    +1.6   +2.0   +0.3   -1.1   -0.4   +4.1   +3.6   +7.1
         nuclear   -2.1   -2.3    +0.2   -0.2    -0.6   -0.4   +0.2   +0.2   -0.3   -0.4   +0.1   -2.2

  [5] Hourly dispatch fit — 2023 (model vs EIA-930, non-CHP gas)
             fuel  Pearson r   NRMSE  model TWh  EIA-930 TWh
    gas (non-CHP)      0.988   0.108     159.79       170.01
             coal      0.867   0.240      66.97        62.29
          nuclear      0.789   0.073      40.41        40.91
            solar      0.987   0.217      33.56        31.87
             wind      0.995   0.061     110.84       107.99

  [6] Plant-level annual generation — 2023 (EIA-923)
                           plant  EIA code  model GWh  EIA-923 GWh  diff %       class
                Colorado Bend II     60122       7923         7845    +1.0  CC_REGULAR
                  Wolf Hollow II     59812       6927         7018    -1.3  CC_REGULAR
                         Handley      3491        971         1519   -36.1      ST_GAS
         Deer Park Energy Center     55464       4558         6870   -33.7      CC_CHP
           Baytown Energy Center     55327       3328         5051   -34.1      CC_CHP
           Hidalgo Energy Center     55545       2839         2791    +1.7  CC_REGULAR
                Limestone (coal)       298       8157         6059   +34.6    COAL_PRB
     W A Parish (coal units 5-8)      3470       9287        10743   -13.6    COAL_PRB
       Stryker Creek (gas steam)      3504       1016         1080    -6.0      ST_GAS
        Morgan Creek (CT peaker)      3492          8          123   -93.6   CT_PEAKER
    Topaz Generating (CT peaker)     63688        974          722   +34.9   CT_PEAKER
INFO: Loaded 304 per-plant CAMPD bins from /home/user/market-simulator/data/raw/reference/custom-bin-assignments.csv (81.7 GW)

  [7] Per-plant hourly dispatch fit — 2023 (model vs CAMPD net; representative panel)
                           plant  EIA code  Pearson r   NRMSE  model GWh  CAMPD GWh  op hrs  band ovlp  CF EMD
                Colorado Bend II     60122      0.825   0.215       7923       7859    7959      0.636   0.058
                  Wolf Hollow II     59812      0.848   0.240       6927       7012    7766      0.611   0.040
                         Handley      3491      0.842   0.896        971       1539    4267      0.771   0.063
         Deer Park Energy Center     55464      0.736   0.298       8164       6887    8738      0.592   0.118
           Baytown Energy Center     55327      0.710   0.302       6188       5050    8760      0.522   0.145
           Hidalgo Energy Center     55545          —       —          —          —       —          —       —
                Limestone (coal)       298      0.868   0.625       8157       6062    7712      0.453   0.169
     W A Parish (coal units 5-8)      3470      0.872   0.368      11256      10750    8760      0.789   0.049
       Stryker Creek (gas steam)      3504      0.709   1.224       1016       1071    3635      0.736   0.052
        Morgan Creek (CT peaker)      3492      0.376   5.066          8         71     521      0.962   0.018
    Topaz Generating (CT peaker)     63688      0.758   1.373        974        717    2958      0.831   0.059
    (full per-plant fit for all 99 resolved plants written to plant_hourly_fit.parquet)

  [7b] Hours per 10% CF band — 2023 (model / CAMPD net; representative panel)
                           plant         0%-10%  10%-20%  20%-30%  30%-40%  40%-50%  50%-60%  60%-70%  70%-80%  80%-90%  90%-100%
                Colorado Bend II  model     774       27      101      134       13       11       78      278     5855      1489
                                  CAMPD     807       35       11      316      259      139      148      447     2753      3845
                  Wolf Hollow II  model    1092       93      250      354       92       17      215      706     5782       159
                                  CAMPD    1004       47       89      507      406      179      198      953     2685      2692
                         Handley  model    6998      339      435      105      107       96       66      614        0         0
                                  CAMPD    5392      742      920      559      214      312      141      211      245        24
         Deer Park Energy Center  model       0        0        0        0       59     1053     2950     2266     2432         0
                                  CAMPD      24        6      307     1355     1442     1281      841     1552     1677       275
           Baytown Energy Center  model       0        0        0        0        0        0     1240     3848     2027      1645
                                  CAMPD       0        0      381      424     1194     1916      886     1571     2301        87
                Limestone (coal)  model    1459     1462      344      344      827      291       74      586     1619      1754
                                  CAMPD    1121      239     1728      862     2217      570      698     1183      142         0
     W A Parish (coal units 5-8)  model    1626     1167     1091     1270     1084      830      633      632      182       245
                                  CAMPD     727     2013     1716     1021     1040     1028      808      298       81        28
       Stryker Creek (gas steam)  model    6018       63       64      426      950      352      212      101      574         0
                                  CAMPD    5562      702      769      205      113       91      105      399      140       674
        Morgan Creek (CT peaker)  model    8732        0        5        0        0        6        3        1        2        11
                                  CAMPD    8401       69       53       40       55       17       27       32       32        34
    Topaz Generating (CT peaker)  model    5832       16       15       14      563      472      665      340      267       576
                                  CAMPD    6110      293      311      266      239      216      341      685      299         0

================================================================================
  ERCOT 2024 BACKCAST
================================================================================

  [1] CHP — 2024  (model grid LP + behind-meter must-run vs EIA-923 total)
     class  grid LP  BTM-MR  model tot  EIA-923  diff %
    CC_CHP    28.89   25.01      53.90    55.04    -2.1
    CT_CHP     4.94    7.57      12.51    13.23    -5.4
    ST_CHP     0.06    0.31       0.38     0.47   -19.4
     TOTAL    33.89   32.90      66.79    68.74    -2.8
    (BTM-MR = behind-the-meter must-run, off-grid. CHP is excluded from every table below.)

  [2] Grid generation reconciliation — 2024
    EIA-930 net generation (Demand + Interchange)          462.59 TWh
    Model demand target                                    462.59 TWh
    Model grid generation (LP)                             462.75 TWh
    Gap (model grid − EIA-930 net gen)                      +0.15 TWh
    Unserved energy / load slack (should be 0)             0.0362 TWh
    Behind-meter CHP must-run (off-grid; table [1] only)    35.09 TWh

  [3] Non-CHP grid generation — 2024  (model LP vs EIA-930, CHP excluded)
             fuel  model TWh  model %  EIA-930 TWh  EIA-930 %     Δpp
    gas (non-CHP)     161.58     37.9       169.79       39.8    -1.9
             coal      62.33     14.6        58.77       13.8    +0.8
          nuclear      38.35      9.0        38.80        9.1    -0.1
             wind     114.33     26.8       111.54       26.1    +0.7
            solar      49.59     11.6        47.68       11.2    +0.5
            TOTAL     426.18    100.0       426.58      100.0        
    (EIA-930 non-CHP gas = EIA-930 all-gas − 33.9 TWh model CHP grid-delivered.)

  [3b] Thermal by class — 2024  (model grid LP + behind-meter must-run vs EIA-923 total; coal split lignite/PRB)
           class  grid LP  BTM-MR  model tot  EIA-923  diff %
      CC_REGULAR   143.40    1.64     145.04   145.41    -0.3
          CC_CHP    28.89   25.01      53.90    55.04    -2.1
       CT_PEAKER     8.16    0.56       8.72     8.21    +6.2
          CT_CHP     4.94    7.57      12.51    13.23    -5.4
          ST_GAS    10.01    0.00      10.01    18.10   -44.7
          ST_CHP     0.06    0.31       0.38     0.47   -19.4
    OTHER_FOSSIL     0.18    0.00       0.18     0.15   +16.9
            COAL     0.00    0.00       0.00     0.00       —
    COAL_LIGNITE    15.11    0.00      15.11    13.94    +8.4
        COAL_PRB    47.22    0.00      47.22    43.68    +8.1
        COAL_BIT     0.00    0.00       0.00     0.00       —
         COAL_WC     0.00    0.00       0.00     0.00       —
           TOTAL   257.97   35.09     293.06   298.24    -1.7

  [3c] Non-fossil & residual by class — 2024  (oil = LP peaker; biomass / hydro / OTHER = must-run injected; vs EIA-923 total)
      class    model  EIA-923  diff %
        oil     0.02     0.15   -84.1
    biomass     0.32     0.32    +0.0
      hydro     0.46     0.46    +0.0
      OTHER     1.70     1.70    +0.0
      TOTAL     2.50     2.63    -4.8

  [3d] Storage throughput — 2024  (model LP vs EIA-930 battery series where reported)
      tech  dis TWh  chg TWh
    li_ion     1.07     1.25
    battery (930 window)    model  EIA-930  diff %
           discharge TWh     0.34     0.72   -53.4
              charge TWh     0.40     0.87   -54.4
    benchmark coverage: 19% of hours reported

  [3e] Renewable curtailment — 2024: no ERCOT HSL parquet; build with scripts/build_ercot_hsl.py (ERCOT 2024+ needs the NP6 report uploads under data/raw/ercot-hsl/np6/)

  [4] Monthly bias — 2024   (% of EIA-923 per month; coal split; CHP incl. behind-meter)
           class    Jan    Feb    Mar    Apr    May    Jun    Jul     Aug    Sep    Oct    Nov    Dec
      CC_REGULAR   +0.1  -13.5   +0.6  +10.8  +11.1   -0.2   -4.0    -4.1   -4.4   +7.1   -1.1   -3.3
          CC_CHP   -4.5   -2.7   +0.4   +6.0   +2.2   -4.5   -3.2    -5.5   -6.2   +1.7   -0.8   -4.6
       CT_PEAKER  +10.1  +92.4  +56.7  +36.1   +2.0  -22.8  -38.7    -8.5  -37.1  +20.6  +19.2  +15.5
          CT_CHP   -4.0   -0.9   +3.6   -1.8   -5.7   -7.2  -10.3    -9.9  -10.3   -2.5   -4.2   -6.1
          ST_GAS  -45.3  -14.2  -42.7  -63.1  -69.0  -35.5  -41.3   -20.4  -34.7  -58.8  -58.2  -58.7
          ST_CHP  -20.0  -18.4  -22.1  -18.6  -20.3  -20.7  -20.9   -13.0  -17.5  -20.8  -17.9  -18.9
    OTHER_FOSSIL  -41.1  -45.0  +37.4   -4.7   -8.8  +60.5  +26.3  +135.0  +27.2  -10.9  -25.7  -23.3
            COAL      ·      ·      ·      ·      ·      ·      ·       ·      ·      ·      ·      ·
    COAL_LIGNITE  +11.1  -11.0  -46.6   -4.7  +26.5  +29.0  +18.9   +18.4  +13.6   -1.2   +1.4   +2.7
        COAL_PRB   -1.6  -26.5  -17.2  -32.3   -5.9  +26.6  +35.2   +42.5  +37.7   -2.4   -8.8  -10.8
        COAL_BIT      ·      ·      ·      ·      ·      ·      ·       ·      ·      ·      ·      ·
         COAL_WC      ·      ·      ·      ·      ·      ·      ·       ·      ·      ·      ·      ·
            wind   +1.6   +0.0   +1.3   +0.6   +0.9   +1.9   +2.0    +2.4   +3.1   +2.6   +2.3   +2.2
     solar (930)   +6.2   +4.2   +5.0   +4.0   +4.5   +3.3   +3.2    +1.4   +2.8   +5.5   +5.5   +5.7
         nuclear   +0.2   -4.4   -0.6   +0.2   +0.3   -0.4   +0.0    -0.4   -0.4   +0.2   +0.3   -2.1

  [5] Hourly dispatch fit — 2024 (model vs EIA-930, non-CHP gas)
             fuel  Pearson r   NRMSE  model TWh  EIA-930 TWh
    gas (non-CHP)      0.980   0.115     161.58       169.79
             coal      0.826   0.271      62.33        58.77
          nuclear      0.714   0.127      38.35        38.80
            solar      0.998   0.093      49.59        47.68
             wind      0.999   0.034     114.33       111.54

  [6] Plant-level annual generation — 2024 (EIA-923)
                           plant  EIA code  model GWh  EIA-923 GWh  diff %       class
                Colorado Bend II     60122       6966         6979    -0.2  CC_REGULAR
                  Wolf Hollow II     59812       6350         6461    -1.7  CC_REGULAR
                         Handley      3491        488          881   -44.6      ST_GAS
         Deer Park Energy Center     55464       5237         8004   -34.6      CC_CHP
           Baytown Energy Center     55327       3560         5089   -30.0      CC_CHP
           Hidalgo Energy Center     55545       2932         2056   +42.6  CC_REGULAR
                Limestone (coal)       298       6310         5365   +17.6    COAL_PRB
     W A Parish (coal units 5-8)      3470       9330        12166   -23.3    COAL_PRB
       Stryker Creek (gas steam)      3504        698          922   -24.3      ST_GAS
        Morgan Creek (CT peaker)      3492          9           24   -61.7   CT_PEAKER
    Topaz Generating (CT peaker)     63688        813          689   +18.0   CT_PEAKER
INFO: Loaded 304 per-plant CAMPD bins from /home/user/market-simulator/data/raw/reference/custom-bin-assignments.csv (81.7 GW)

  [7] Per-plant hourly dispatch fit — 2024 (model vs CAMPD net; representative panel)
                           plant  EIA code  Pearson r   NRMSE  model GWh  CAMPD GWh  op hrs  band ovlp  CF EMD
                Colorado Bend II     60122      0.818   0.274       6966       6964    8092      0.554   0.089
                  Wolf Hollow II     59812      0.837   0.287       6350       6466    7593      0.547   0.057
                         Handley      3491      0.786   1.408        488        861    2682      0.906   0.037
         Deer Park Energy Center     55464      0.724   0.209       8843       7987    8760      0.705   0.081
           Baytown Energy Center     55327      0.561   0.359       6420       5090    8760      0.572   0.170
           Hidalgo Energy Center     55545          —       —          —          —       —          —       —
                Limestone (coal)       298      0.876   0.573       6310       5362    6967      0.649   0.114
     W A Parish (coal units 5-8)      3470      0.843   0.368      11298      12159    8760      0.812   0.044
       Stryker Creek (gas steam)      3504      0.433   1.732        698        931    3666      0.743   0.053
        Morgan Creek (CT peaker)      3492      0.457   7.000          9         26     377      0.976   0.006
    Topaz Generating (CT peaker)     63688      0.759   1.299        813        694    2886      0.904   0.033
    (full per-plant fit for all 100 resolved plants written to plant_hourly_fit.parquet)

  [7b] Hours per 10% CF band — 2024 (model / CAMPD net; representative panel)
                           plant         0%-10%  10%-20%  20%-30%  30%-40%  40%-50%  50%-60%  60%-70%  70%-80%  80%-90%  90%-100%
                Colorado Bend II  model     563      296     1189      227      119        5       10      281     4597      1473
                                  CAMPD     674      178      122      575     1499      141      119      251     1907      3294
                  Wolf Hollow II  model     967      682      353      347      400        9      324      980     4607        91
                                  CAMPD    1172       92       78      981      692      164      230      938     1639      2774
                         Handley  model    7560      361      454       67       45       51       40      177        2         3
                                  CAMPD    6851      518      565      174      114      198       72       64      195         9
         Deer Park Energy Center  model       0        0        0        0        0      246      930     3639     3945         0
                                  CAMPD       0        0      123      800      610      923     1138     2134     2865       167
           Baytown Energy Center  model       0        0        0        0        0        0      513     3229     2938      2080
                                  CAMPD       0        0      480      844      702     1334      904     1815     2618        63
                Limestone (coal)  model    2825     1104      519      447      666      248       21      479     1419      1032
                                  CAMPD    1839      864     1525      983     1213      729      402      604      549        52
     W A Parish (coal units 5-8)  model    1867      889     1561      920      807     1102      579      303      348       384
                                  CAMPD     714     1242     1781     1221      957      944      964      537      280       120
       Stryker Creek (gas steam)  model    6724       91      104      262      862      214      174       13      316         0
                                  CAMPD    5655      868      776      175       80      120      131      460      139       356
        Morgan Creek (CT peaker)  model    8730        2        1        0        3        1        2        0       15         6
                                  CAMPD    8533      117       37       26       20        8        5        8        3         3
    Topaz Generating (CT peaker)  model    6279       22       25       13      381      425      718      373      170       354
                                  CAMPD    6329      156      192      188      294      345      416      689      138        13

================================================================================
  ERCOT 2025 BACKCAST
================================================================================

  [1] CHP — 2025  (model grid LP + behind-meter must-run vs EIA-923 total)
     class  grid LP  BTM-MR  model tot  EIA-923   diff %
    CC_CHP    27.96   24.15      52.11    52.94     -1.6
    CT_CHP     4.64    4.15       8.79     8.02     +9.6
    ST_CHP     0.06    0.00       0.06     0.00  +4596.9
     TOTAL    32.66   28.30      60.96    60.96     +0.0
    (BTM-MR = behind-the-meter must-run, off-grid. CHP is excluded from every table below.)

  [2] Grid generation reconciliation — 2025
    EIA-930 net generation (Demand + Interchange)          487.49 TWh
    Model demand target                                    487.49 TWh
    Model grid generation (LP)                             488.12 TWh
    Gap (model grid − EIA-930 net gen)                      +0.63 TWh
    Unserved energy / load slack (should be 0)             0.0110 TWh
    Behind-meter CHP must-run (off-grid; table [1] only)    29.86 TWh

  [3] Non-CHP grid generation — 2025  (model LP vs EIA-930, CHP excluded)
             fuel  model TWh  model %  EIA-930 TWh  EIA-930 %     Δpp
    gas (non-CHP)     159.16     35.1       167.55       36.8    -1.7
             coal      65.53     14.4        63.37       13.9    +0.5
          nuclear      41.36      9.1        42.06        9.2    -0.1
             wind     117.91     26.0       115.12       25.3    +0.7
            solar      69.78     15.4        67.39       14.8    +0.6
            TOTAL     453.74    100.0       455.49      100.0        
    (EIA-930 non-CHP gas = EIA-930 all-gas − 32.7 TWh model CHP grid-delivered.)

  [3b] Thermal by class — 2025  (model grid LP + behind-meter must-run vs EIA-923 total; coal split lignite/PRB)
           class  grid LP  BTM-MR  model tot  EIA-923   diff %
      CC_REGULAR   142.65    1.56     144.21   142.11     +1.5
          CC_CHP    27.96   24.15      52.11    52.94     -1.6
       CT_PEAKER     7.53    0.00       7.53     7.11     +5.8
          CT_CHP     4.64    4.15       8.79     8.02     +9.6
          ST_GAS     8.98    0.00       8.98    14.81    -39.4
          ST_CHP     0.06    0.00       0.06     0.00  +4596.9
    OTHER_FOSSIL     0.55    0.00       0.55     0.65    -15.8
            COAL     0.00    0.00       0.00     0.00        —
    COAL_LIGNITE    14.98    0.00      14.98    14.58     +2.7
        COAL_PRB    50.55    0.00      50.55    47.63     +6.1
        COAL_BIT     0.00    0.00       0.00     0.00        —
         COAL_WC     0.00    0.00       0.00     0.00        —
           TOTAL   257.90   29.86     287.76   287.86     -0.0

  [3c] Non-fossil & residual by class — 2025  (oil = LP peaker; biomass / hydro / OTHER = must-run injected; vs EIA-923 total)
      class    model  EIA-923  diff %
        oil     0.03     0.06   -45.7
    biomass     0.25     0.25    +0.0
      hydro     0.02     0.02    +0.0
      OTHER     0.87     0.87    -0.0
      TOTAL     1.17     1.20    -2.2

  [3d] Storage throughput — 2025  (model LP vs EIA-930 battery series where reported)
      tech  dis TWh  chg TWh
    li_ion     3.61     4.25
    battery (930 window)    model  EIA-930  diff %
           discharge TWh     3.61     5.44   -33.7
              charge TWh     4.25     6.67   -36.3
    benchmark coverage: 99% of hours reported

  [3e] Renewable curtailment — 2025: no ERCOT HSL parquet; build with scripts/build_ercot_hsl.py (ERCOT 2024+ needs the NP6 report uploads under data/raw/ercot-hsl/np6/)

  [4] Monthly bias — 2025   (% of EIA-923 per month; coal split; CHP incl. behind-meter)
           class       Jan       Feb      Mar      Apr      May      Jun       Jul      Aug      Sep      Oct      Nov      Dec
      CC_REGULAR      +4.5      +3.2     +8.8     +8.8     +4.7     -4.8      -1.0     -1.1     -4.4     +1.6     +5.8     +3.8
          CC_CHP      -2.9      +0.6     -2.0     +2.0     +0.2     -1.2      -3.3     -4.4     -4.4     -2.1     +0.7     -0.1
       CT_PEAKER     +31.1      +6.7     +9.1     -0.4    +17.7    -34.2     -17.6    +16.9    -15.6    +33.1    +11.4     +3.8
          CT_CHP      +6.0     +13.4     +4.6    +17.9    +18.3     +8.5      +7.2     +7.9     +6.5    +13.2     +9.2     +7.6
          ST_GAS     -34.7     -41.4    -55.6    -56.9    -55.3    -50.7     -36.6    -15.2    -19.4    -37.4    -52.2    -57.1
          ST_CHP  +10109.4  +16539.0  +9301.1  +3928.7  +2643.6  +4731.8  +10914.6  +3547.0  +4633.6  +2840.8  +2543.4  +5353.0
    OTHER_FOSSIL     -42.2     -42.5   -100.0    +74.1     +3.3   +225.5    +119.6    +57.6   +164.4     -9.5    -36.0   +268.5
            COAL         ·         ·        ·        ·        ·        ·         ·        ·        ·        ·        ·        ·
    COAL_LIGNITE      -0.4      +8.8    +13.5    -10.1    -29.3    +21.3     +11.2     +6.8     -7.3    -11.2    +13.6     +1.1
        COAL_PRB      -8.9     -12.5    -18.3     -3.2     +3.6    +34.0     +25.5    +25.7    +29.6     -0.2    -15.7    -11.3
        COAL_BIT         ·         ·        ·        ·        ·        ·         ·        ·        ·        ·        ·        ·
         COAL_WC         ·         ·        ·        ·        ·        ·         ·        ·        ·        ·        ·        ·
            wind      +2.0      +2.2     +1.3     +1.5     +2.7     +2.4      +3.0     +3.8     +4.2     +3.1     +2.2     +2.4
     solar (930)      +5.7      +4.6     +3.2     +0.9     +2.9     +3.0      +2.1     +4.0     +4.4     +4.8     +4.8     +3.6
         nuclear      +0.1      -2.0     -1.7     -0.2     -0.0     -0.4      +0.2     -0.4     -0.3     -0.4     -0.3     -2.3

  [5] Hourly dispatch fit — 2025 (model vs EIA-930, non-CHP gas)
             fuel  Pearson r   NRMSE  model TWh  EIA-930 TWh
    gas (non-CHP)      0.981   0.111     159.16       167.55
             coal      0.752   0.207      65.53        63.37
          nuclear      0.714   0.076      41.36        42.06
            solar      0.999   0.081      69.78        67.39
             wind      0.999   0.034     117.91       115.12

  [6] Plant-level annual generation — 2025 (EIA-923)
                           plant  EIA code  model GWh  EIA-923 GWh  diff %       class
                Colorado Bend II     60122       6572         6072    +8.2  CC_REGULAR
                  Wolf Hollow II     59812       5344         5438    -1.7  CC_REGULAR
                         Handley      3491        510          894   -42.9      ST_GAS
         Deer Park Energy Center     55464       5174         7822   -33.9      CC_CHP
           Baytown Energy Center     55327       2849         3747   -24.0      CC_CHP
           Hidalgo Energy Center     55545       3892         2721   +43.0  CC_REGULAR
                Limestone (coal)       298       8868         7523   +17.9    COAL_PRB
     W A Parish (coal units 5-8)      3470      13096        15579   -15.9    COAL_PRB
       Stryker Creek (gas steam)      3504        628         1356   -53.7      ST_GAS
        Morgan Creek (CT peaker)      3492         12            0       —   CT_PEAKER
    Topaz Generating (CT peaker)     63688        787          599   +31.5   CT_PEAKER
INFO: Loaded 304 per-plant CAMPD bins from /home/user/market-simulator/data/raw/reference/custom-bin-assignments.csv (81.7 GW)

  [7] Per-plant hourly dispatch fit — 2025 (model vs CAMPD net; representative panel)
                           plant  EIA code  Pearson r   NRMSE  model GWh  CAMPD GWh  op hrs  band ovlp  CF EMD
                Colorado Bend II     60122      0.827   0.333       6572       6102    7828      0.735   0.091
                  Wolf Hollow II     59812      0.884   0.294       5344       5505    7280      0.787   0.029
                         Handley      3491      0.775   1.467        510        898    2798      0.920   0.037
         Deer Park Energy Center     55464      0.746   0.225       8779       7804    8760      0.704   0.091
           Baytown Energy Center     55327      0.675   0.537       5709       3973    8756      0.426   0.222
           Hidalgo Energy Center     55545          —       —          —          —       —          —       —
                Limestone (coal)       298      0.763   0.505       8868       7471    8496      0.480   0.157
     W A Parish (coal units 5-8)      3470      0.762   0.289      15018      15511    8760      0.881   0.036
       Stryker Creek (gas steam)      3504      0.516   1.346        628       1356    4484      0.649   0.125
        Morgan Creek (CT peaker)      3492      0.270   6.867         12         38     349      0.970   0.007
    Topaz Generating (CT peaker)     63688      0.697   1.612        787        609    2804      0.897   0.046
    (full per-plant fit for all 100 resolved plants written to plant_hourly_fit.parquet)

  [7b] Hours per 10% CF band — 2025 (model / CAMPD net; representative panel)
                           plant         0%-10%  10%-20%  20%-30%  30%-40%  40%-50%  50%-60%  60%-70%  70%-80%  80%-90%  90%-100%
                Colorado Bend II  model     929      689      889      103      131        5       14      374     4092      1534
                                  CAMPD     948      409      159     1154      893      178      224      478     3342       975
                  Wolf Hollow II  model    1546      523      332      743     1095       15      330      809     3286        81
                                  CAMPD    1492      346      166     1426      680      125      168      413     2787      1157
                         Handley  model    7593      336      354      139       68       81       37      144        8         0
                                  CAMPD    6983      514      458      165      101      168      109       55       92       115
         Deer Park Energy Center  model       0        0        0        0        0      353      628     3982     3797         0
                                  CAMPD       0        0      120      915      617      928      732     2252     2930       266
           Baytown Energy Center  model       0        0        0        0        7     1052     2361     2936     1718       686
                                  CAMPD       5       80     1297     2378      987     1340      589      621     1204       259
                Limestone (coal)  model     124     2154     1085      466      477       22      109      465     1663      2195
                                  CAMPD     276      238     1325     1909     1544      552      627     1073     1207         9
     W A Parish (coal units 5-8)  model     215      696     1134     1130     1410     1407     1157      904      376       331
                                  CAMPD      14      633      965     1139     1151     2040     1500      964      300        54
       Stryker Creek (gas steam)  model    7084       35       26      213      634      156      225       16      371         0
                                  CAMPD    4678     1120      626      253      150      205      215      644      199       670
        Morgan Creek (CT peaker)  model    8722        0        0        1        1        2       11       19        4         0
                                  CAMPD    8485      120       51       37       19       34        5        3        1         5
    Topaz Generating (CT peaker)  model    6343        8        8       10      557      336      635      326      129       408
                                  CAMPD    6370      229      213      269      368      529      355      326      101         0
INFO: Loaded 304 per-plant CAMPD bins from /home/user/market-simulator/data/raw/reference/custom-bin-assignments.csv (81.7 GW)

  [7c] operating-shape regression gate vs keeper baseline (cf_emd <= base+0.02; r >= base-0.02)
  class        year   cf_emd   base  gate       r   base  gate
  CC_CHP       2023    0.162  0.124  FAIL   0.648  0.599  PASS
  CC_CHP       2024    0.162  0.118  FAIL   0.620  0.614  PASS
  CC_CHP       2025    0.172  0.127  FAIL   0.607  0.616  PASS
  CC_REGULAR   2023    0.119  0.088  FAIL   0.716  0.757  FAIL
  CC_REGULAR   2024    0.113  0.098  PASS   0.708  0.759  FAIL
  CC_REGULAR   2025    0.114  0.100  PASS   0.733  0.744  PASS
  COAL         2023    0.092  0.082  PASS   0.772  0.802  FAIL
  COAL         2024    0.087  0.073  PASS   0.773  0.802  FAIL
  COAL         2025    0.097  0.085  PASS   0.687  0.705  PASS
  CT_CHP       2023    0.084  0.097  PASS   0.173  0.197  FAIL
  CT_CHP       2024    0.112  0.123  PASS   0.104  0.074  PASS
  CT_CHP       2025    0.083  0.096  PASS   0.165  0.151  PASS
  CT_PEAKER    2023    0.073  0.081  PASS   0.563  0.544  PASS
  CT_PEAKER    2024    0.089  0.080  PASS   0.507  0.466  PASS
  CT_PEAKER    2025    0.079  0.073  PASS   0.465  0.475  PASS
  ST_GAS       2023    0.102  0.069  FAIL   0.744  0.761  PASS
  ST_GAS       2024    0.130  0.098  FAIL   0.605  0.631  FAIL
  ST_GAS       2025    0.123  0.115  PASS   0.657  0.654  PASS
  [7c] operating-shape gate: 12 regression(s)
