INFO: Loaded MISO fleet from EIA-860 parquet (1975 generators)
INFO: Binned fleet cache for MISO is up to date — loaded from miso_fleet_binned.parquet
INFO: solving MISO 2023 (hours=8760, Henry Hub=$2.54/MMBtu, commitment=False)
WARNING: capacity-deliverability: clean partition for MISO absent; run scripts/curate_capacity_deliverability.py. Returning no limits.
WARNING: MISO 2023: capacity-deliverability clean partition absent — falling back to static PY2025-26 summer CIL/CEL caps; run scripts/curate_capacity_deliverability.py
INFO: loaded 54 within-window retiree units for MISO (3337 MW, plants [202, 862, 1024, 1047, 1740, 1741, 1846, 1971, 2050, 6155, 6356, 7842, 10075, 10149, 10477, 52006, 54748, 56247, 57208, 59808, 63709, 65494])
INFO: Loaded MISO fleet from EIA-860 parquet (1975 generators)
INFO: Binned fleet cache for MISO is up to date — loaded from miso_fleet_binned.parquet
INFO: CC capacity reconcile: raised 0 / capped 7 plant(s) to demonstrated peak (-2714 MW total) from cc_capacity_reconcile_MISO.csv
INFO: Loaded MISO fleet from EIA-860 parquet (1975 generators)
INFO: Binned fleet cache for MISO is up to date — loaded from miso_fleet_binned.parquet
INFO: loaded 54 within-window retiree units for MISO (3337 MW, plants [202, 862, 1024, 1047, 1740, 1741, 1846, 1971, 2050, 6155, 6356, 7842, 10075, 10149, 10477, 52006, 54748, 56247, 57208, 59808, 63709, 65494])
INFO: unit-outage derate (MISO 2023): 719 plant-tranches derated
INFO: COD ramp (MISO 2023): 428 unit-months masked offline (mid-year COD / retirement), 16 unit(s) fully not-yet-built/retired
INFO: Loaded MISO fleet from EIA-860 parquet (1975 generators)
INFO: Binned fleet cache for MISO is up to date — loaded from miso_fleet_binned.parquet
INFO: MISO 2023 hydro budget pinned to monthly target total 9979.0 GWh (was 8789.4 GWh)
INFO: Loaded MISO 2023 hydro budget: 163 plants, 9979.0 GWh annual, 2465 MW nameplate
INFO: MISO 2023: 163 hydro plants in LP (2465 MW, 9.98 TWh monthly budget)
INFO: unit-outage derate (MISO 2023): 719 plant-tranches derated
INFO: COD ramp (MISO 2023): 467 unit-months masked offline (mid-year COD / retirement), 16 unit(s) fully not-yet-built/retired
INFO: F923 fuel costs for 2023: 892 generators priced from their own plant, 1697 gap-filled from nearby (state/zone) plants
INFO: Matrix build: 22.525s, Solve: 343.717s (cold)
INFO: Matrix build: 22.525s, Solve: 63.125s (warm)
INFO: EIA-923 2023: CAMPD-backfilled 8 under-reported plants (8 replaced, 0 added)
INFO: EIA-923 2023 hydro 7.95 TWh under-counts EIA-930 9.98 TWh; using EIA-930 grid total
INFO: Loaded MISO fleet from EIA-860 parquet (1975 generators)
INFO: Binned fleet cache for MISO is up to date — loaded from miso_fleet_binned.parquet
INFO: solving MISO 2024 (hours=8760, Henry Hub=$2.19/MMBtu, commitment=False)
WARNING: capacity-deliverability: clean partition for MISO absent; run scripts/curate_capacity_deliverability.py. Returning no limits.
WARNING: MISO 2024: capacity-deliverability clean partition absent — falling back to static PY2025-26 summer CIL/CEL caps; run scripts/curate_capacity_deliverability.py
INFO: loaded 54 within-window retiree units for MISO (3337 MW, plants [202, 862, 1024, 1047, 1740, 1741, 1846, 1971, 2050, 6155, 6356, 7842, 10075, 10149, 10477, 52006, 54748, 56247, 57208, 59808, 63709, 65494])
INFO: Loaded MISO fleet from EIA-860 parquet (1975 generators)
INFO: Binned fleet cache for MISO is up to date — loaded from miso_fleet_binned.parquet
INFO: CC capacity reconcile: raised 0 / capped 7 plant(s) to demonstrated peak (-2714 MW total) from cc_capacity_reconcile_MISO.csv
INFO: unit-outage derate (MISO 2024): 735 plant-tranches derated
INFO: COD ramp (MISO 2024): 659 unit-months masked offline (mid-year COD / retirement), 37 unit(s) fully not-yet-built/retired
INFO: Loaded MISO fleet from EIA-860 parquet (1975 generators)
INFO: Binned fleet cache for MISO is up to date — loaded from miso_fleet_binned.parquet
INFO: MISO 2024 hydro budget pinned to monthly target total 10710.3 GWh (was 9042.0 GWh)
INFO: Loaded MISO 2024 hydro budget: 160 plants, 10710.3 GWh annual, 2372 MW nameplate
INFO: MISO 2024: 160 hydro plants in LP (2372 MW, 10.71 TWh monthly budget)
INFO: unit-outage derate (MISO 2024): 735 plant-tranches derated
INFO: COD ramp (MISO 2024): 831 unit-months masked offline (mid-year COD / retirement), 46 unit(s) fully not-yet-built/retired
INFO: F923 fuel costs for 2024: 878 generators priced from their own plant, 1764 gap-filled from nearby (state/zone) plants
