INFO: Loaded NEISO fleet from EIA-860 parquet (431 generators)
INFO: Rebuilt binned fleet cache for NEISO — 431 plants → neiso_fleet_binned.parquet
INFO: NEISO net interchange applied for 2023: -1728 MW avg (export-positive, measured EIA-930)
WARNING: NEISO zonal load file not found (/home/user/market-simulator/data/raw/zone-specific-demand/NEISO/NEISO_load_hourly_2023.csv); skipping
INFO: solving NEISO 2023 (hours=8760, Henry Hub=$2.54/MMBtu, commitment=True)
INFO: NEISO net interchange applied for 2023: -1728 MW avg (export-positive, measured EIA-930)
WARNING: NEISO zonal load file not found (/home/user/market-simulator/data/raw/zone-specific-demand/NEISO/NEISO_load_hourly_2023.csv); skipping
INFO: loaded 23 within-window retiree units for NEISO (1746 MW, plants [563, 581, 1588, 50955, 54085, 54586, 56891, 57103, 58365, 59801])
INFO: Loaded NEISO fleet from EIA-860 parquet (431 generators)
INFO: Binned fleet cache for NEISO is up to date — loaded from neiso_fleet_binned.parquet
INFO: Loaded NEISO fleet from EIA-860 parquet (431 generators)
INFO: Binned fleet cache for NEISO is up to date — loaded from neiso_fleet_binned.parquet
INFO: loaded 23 within-window retiree units for NEISO (1746 MW, plants [563, 581, 1588, 50955, 54085, 54586, 56891, 57103, 58365, 59801])
INFO: unit-outage derate (NEISO 2023): 207 plant-tranches derated; 40 NEISO floor-class tranche(s) exempted (temp-reliability floor governs availability)
INFO: COD ramp (NEISO 2023): 164 unit-months masked offline (mid-year COD / retirement), 7 unit(s) fully not-yet-built/retired
INFO: Loaded NEISO fleet from EIA-860 parquet (431 generators)
INFO: Binned fleet cache for NEISO is up to date — loaded from neiso_fleet_binned.parquet
INFO: NEISO 2023 hydro budget: backfilled 3 non-reporting plants (28.4 GWh) from 2024
INFO: NEISO 2023 hydro budget pinned to monthly target total 8775.0 GWh (was 8576.2 GWh)
INFO: Loaded NEISO 2023 hydro budget: 171 plants, 8775.0 GWh annual, 1915 MW nameplate
INFO: NEISO 2023: 171 hydro plants in LP (1915 MW, 8.77 TWh monthly budget)
INFO: unit-outage derate (NEISO 2023): 207 plant-tranches derated; 40 NEISO floor-class tranche(s) exempted (temp-reliability floor governs availability)
INFO: COD ramp (NEISO 2023): 195 unit-months masked offline (mid-year COD / retirement), 7 unit(s) fully not-yet-built/retired
INFO: NEISO 2023: reliability floor — 6 enabled limb spec(s) applied from RELIABILITY_FLOOR_REGISTRY
INFO: NEISO 2023: winter fuel-security must-run (Component B) applied — COAL_BIT/ST_GAS floored at 1.00 x min-stable on Nov-Mar cold days (TMIN < -7.0 C, NERC cold-onset; WRP/IEP/OFSA posture)
INFO: EIA-860 multifuel: 577 (plant, group) dual-fuel gas keys flagged
INFO: NEISO 2023: winter gas-availability derate — non-dual-fuel gas-CC/CT availability cut by clip(slope*(t0-TMIN),0,cap) over the cold-snap window (TDFOR, NERC cold-weather anchored)
INFO: F923 fuel costs for 2023: 15 generators priced from their own plant, 274 gap-filled from nearby (state/zone) plants
INFO: hub-basis overlay (NEISO 2023, daily): 426 gas generators repriced at the measured hub spot in 12/12 months (winter max 30.13 $/MMBtu)
INFO: dual-fuel switching (NEISO 2023): 184 gas tranches (6786 MW) capped at the delivered oil price
INFO: energy+reserve co-opt (NEISO): 3 system reserve families (2 10-min/quick-start), 24 ORDC steps ($6-$1500), 577 full-fleet / 275 quick-start reserve-eligible units
INFO: Matrix build: 6.106s, Solve: 83.369s (cold)
INFO: Matrix build: 6.106s, Solve: 29.944s (warm)
INFO: Matrix build: 1.544s, Solve: 76.608s (cold)
INFO: EIA-923 2023: CAMPD-backfilled 2 under-reported plants (2 replaced, 0 added)
INFO: Loaded NEISO fleet from EIA-860 parquet (431 generators)
INFO: Binned fleet cache for NEISO is up to date — loaded from neiso_fleet_binned.parquet
INFO: NEISO net interchange applied for 2024: -1175 MW avg (export-positive, measured EIA-930)
WARNING: NEISO zonal load file not found (/home/user/market-simulator/data/raw/zone-specific-demand/NEISO/NEISO_load_hourly_2024.csv); skipping
INFO: solving NEISO 2024 (hours=8760, Henry Hub=$2.19/MMBtu, commitment=True)
INFO: NEISO net interchange applied for 2024: -1175 MW avg (export-positive, measured EIA-930)
WARNING: NEISO zonal load file not found (/home/user/market-simulator/data/raw/zone-specific-demand/NEISO/NEISO_load_hourly_2024.csv); skipping
INFO: loaded 23 within-window retiree units for NEISO (1746 MW, plants [563, 581, 1588, 50955, 54085, 54586, 56891, 57103, 58365, 59801])
INFO: Loaded NEISO fleet from EIA-860 parquet (431 generators)
INFO: Binned fleet cache for NEISO is up to date — loaded from neiso_fleet_binned.parquet
INFO: unit-outage derate (NEISO 2024): 222 plant-tranches derated; 33 NEISO floor-class tranche(s) exempted (temp-reliability floor governs availability)
INFO: COD ramp (NEISO 2024): 280 unit-months masked offline (mid-year COD / retirement), 16 unit(s) fully not-yet-built/retired
INFO: Loaded NEISO fleet from EIA-860 parquet (431 generators)
INFO: Binned fleet cache for NEISO is up to date — loaded from neiso_fleet_binned.parquet
INFO: NEISO 2024 hydro budget pinned to monthly target total 7394.2 GWh (was 6714.4 GWh)
INFO: Loaded NEISO 2024 hydro budget: 166 plants, 7394.2 GWh annual, 1900 MW nameplate
INFO: NEISO 2024: 166 hydro plants in LP (1900 MW, 7.39 TWh monthly budget)
INFO: unit-outage derate (NEISO 2024): 222 plant-tranches derated; 33 NEISO floor-class tranche(s) exempted (temp-reliability floor governs availability)
INFO: COD ramp (NEISO 2024): 340 unit-months masked offline (mid-year COD / retirement), 21 unit(s) fully not-yet-built/retired
INFO: NEISO 2024: reliability floor — 6 enabled limb spec(s) applied from RELIABILITY_FLOOR_REGISTRY
INFO: NEISO 2024: winter fuel-security must-run (Component B) applied — COAL_BIT/ST_GAS floored at 1.00 x min-stable on Nov-Mar cold days (TMIN < -7.0 C, NERC cold-onset; WRP/IEP/OFSA posture)
INFO: NEISO 2024: winter gas-availability derate — non-dual-fuel gas-CC/CT availability cut by clip(slope*(t0-TMIN),0,cap) over the cold-snap window (TDFOR, NERC cold-weather anchored)
INFO: F923 fuel costs for 2024: 15 generators priced from their own plant, 269 gap-filled from nearby (state/zone) plants
INFO: hub-basis overlay (NEISO 2024, daily): 421 gas generators repriced at the measured hub spot in 12/12 months (winter max 26.69 $/MMBtu)
INFO: dual-fuel switching (NEISO 2024): 189 gas tranches (6791 MW) capped at the delivered oil price
INFO: energy+reserve co-opt (NEISO): 3 system reserve families (2 10-min/quick-start), 24 ORDC steps ($6-$1500), 572 full-fleet / 275 quick-start reserve-eligible units
INFO: Matrix build: 1.542s, Solve: 72.412s (cold)
INFO: Matrix build: 1.542s, Solve: 25.690s (warm)
INFO: Matrix build: 1.552s, Solve: 75.172s (cold)
INFO: EIA-923 2024: CAMPD-backfilled 2 under-reported plants (2 replaced, 0 added)
INFO: EIA-923 2024 hydro 6.23 TWh under-counts EIA-930 7.39 TWh; using EIA-930 grid total
INFO: Loaded NEISO fleet from EIA-860 parquet (431 generators)
INFO: Binned fleet cache for NEISO is up to date — loaded from neiso_fleet_binned.parquet
INFO: NEISO net interchange applied for 2025: -928 MW avg (export-positive, measured EIA-930)
WARNING: NEISO zonal load file not found (/home/user/market-simulator/data/raw/zone-specific-demand/NEISO/NEISO_load_hourly_2025.csv); skipping
INFO: solving NEISO 2025 (hours=8760, Henry Hub=$3.52/MMBtu, commitment=True)
INFO: NEISO net interchange applied for 2025: -928 MW avg (export-positive, measured EIA-930)
WARNING: NEISO zonal load file not found (/home/user/market-simulator/data/raw/zone-specific-demand/NEISO/NEISO_load_hourly_2025.csv); skipping
INFO: loaded 23 within-window retiree units for NEISO (1746 MW, plants [563, 581, 1588, 50955, 54085, 54586, 56891, 57103, 58365, 59801])
INFO: Loaded NEISO fleet from EIA-860 parquet (431 generators)
INFO: Binned fleet cache for NEISO is up to date — loaded from neiso_fleet_binned.parquet
INFO: unit-outage derate (NEISO 2025): 228 plant-tranches derated; 33 NEISO floor-class tranche(s) exempted (temp-reliability floor governs availability)
INFO: COD ramp (NEISO 2025): 396 unit-months masked offline (mid-year COD / retirement), 33 unit(s) fully not-yet-built/retired
INFO: Loaded NEISO fleet from EIA-860 parquet (431 generators)
INFO: Binned fleet cache for NEISO is up to date — loaded from neiso_fleet_binned.parquet
INFO: NEISO 2025 hydro budget: backfilled 161 non-reporting plants (6605.5 GWh) from 2024
INFO: NEISO 2025 hydro budget pinned to monthly target total 5120.7 GWh (was 6696.2 GWh)
INFO: Loaded NEISO 2025 hydro budget: 166 plants, 5120.7 GWh annual, 1900 MW nameplate
INFO: NEISO 2025: 166 hydro plants in LP (1900 MW, 5.12 TWh monthly budget)
INFO: unit-outage derate (NEISO 2025): 228 plant-tranches derated; 33 NEISO floor-class tranche(s) exempted (temp-reliability floor governs availability)
INFO: COD ramp (NEISO 2025): 456 unit-months masked offline (mid-year COD / retirement), 38 unit(s) fully not-yet-built/retired
INFO: NEISO 2025: reliability floor — 6 enabled limb spec(s) applied from RELIABILITY_FLOOR_REGISTRY
INFO: NEISO 2025: winter fuel-security must-run (Component B) applied — COAL_BIT/ST_GAS floored at 1.00 x min-stable on Nov-Mar cold days (TMIN < -7.0 C, NERC cold-onset; WRP/IEP/OFSA posture)
INFO: NEISO 2025: winter gas-availability derate — non-dual-fuel gas-CC/CT availability cut by clip(slope*(t0-TMIN),0,cap) over the cold-snap window (TDFOR, NERC cold-weather anchored)
INFO: F923 fuel costs for 2025: 15 generators priced from their own plant, 269 gap-filled from nearby (state/zone) plants
INFO: hub-basis overlay (NEISO 2025, daily): 421 gas generators repriced at the measured hub spot in 12/12 months (winter max 35.56 $/MMBtu)
INFO: dual-fuel switching (NEISO 2025): 189 gas tranches (6791 MW) capped at the delivered oil price
INFO: energy+reserve co-opt (NEISO): 3 system reserve families (2 10-min/quick-start), 24 ORDC steps ($6-$1500), 572 full-fleet / 275 quick-start reserve-eligible units
INFO: Matrix build: 1.547s, Solve: 75.373s (cold)
INFO: Matrix build: 1.547s, Solve: 27.068s (warm)
INFO: Matrix build: 1.579s, Solve: 75.965s (cold)
INFO: EIA-923 2025: CAMPD-backfilled 15 under-reported plants (0 replaced, 15 added)
INFO: EIA-923 2025 wind 3.04 TWh under-counts EIA-930 4.53 TWh; using EIA-930 grid total
INFO: EIA-923 2025 solar 1.02 TWh under-counts EIA-930 1.58 TWh; using EIA-930 grid total
INFO: EIA-923 2025 hydro -0.35 TWh under-counts EIA-930 5.12 TWh; using EIA-930 grid total
INFO: EIA-923 2025 biomass 1.21 TWh incomplete (vintage 83%); carrying 2024 biomass 2.96 TWh x completeness -> 2.45 TWh
INFO: wrote calibration bundle to /home/user/market-simulator/results/calibration/neiso56_reserve_coopt
DONE main -> /home/user/market-simulator/results/calibration/neiso56_reserve_coopt
