INFO: CAISO backcast: NP6 HSL and coal must-run tuning are ERCOT-only and skipped; per-plant CAMPD + EIA-923 benchmark built for the covered states; the report compares fuel mix, prices and net interchange.
INFO: Loaded CAISO fleet from EIA-860 parquet (782 generators)
INFO: Binned fleet cache for CAISO is up to date — loaded from caiso_fleet_binned.parquet
INFO: solving CAISO 2023 (hours=8760, Henry Hub=$2.54/MMBtu, commitment=False)
INFO: CAISO 2023: capacity_deliverability_limits — seam import cap set to 16055 MW (summed per-area import_limit, delivery year 2023)
INFO: CAISO 2023: endogenous solar spill — full solar potential passed to LP (no pre-LP CF derate); solar sets the midday dual when curtailed
INFO: CAISO 2023: WECC corridor deliverability cap on 2 link(s) — measured p95 ATC proxy; median import DSW 5.2 GW / PNW 1.3 GW; midday tighter; export-direction cap on (evening net-export ~0 → no wheel-out): median export DSW 0.0 GW / PNW 1.4 GW
INFO: loaded 26 within-window retiree units for CAISO (1066 MW, plants [356, 7232, 10446, 50388, 50632, 50837, 54626, 57544, 57714, 58296, 58298, 58300, 58301, 59456, 59800, 59804, 59805, 60100, 63604, 63607])
INFO: Loaded CAISO fleet from EIA-860 parquet (782 generators)
INFO: Binned fleet cache for CAISO is up to date — loaded from caiso_fleet_binned.parquet
INFO: Loaded CAISO fleet from EIA-860 parquet (782 generators)
INFO: Binned fleet cache for CAISO is up to date — loaded from caiso_fleet_binned.parquet
INFO: loaded 26 within-window retiree units for CAISO (1066 MW, plants [356, 7232, 10446, 50388, 50632, 50837, 54626, 57544, 57714, 58296, 58298, 58300, 58301, 59456, 59800, 59804, 59805, 60100, 63604, 63607])
INFO: unit-outage derate (CAISO 2023): 238 plant-tranches derated
INFO: CC_REGULAR outage derate reallocated top-of-stack for 28 plant(s)
INFO: COD ramp (CAISO 2023): 87 unit-months masked offline (mid-year COD / retirement), 7 unit(s) fully not-yet-built/retired
INFO: CAISO 2023 hydro budget pinned to monthly target total 24401.6 GWh (was 23901.9 GWh)
INFO: Loaded CAISO 2023 hydro budget: 166 plants, 24401.6 GWh annual, 6433 MW nameplate
INFO: CAISO 2023: 166 hydro plants in LP (6433 MW, 24.40 TWh monthly budget)
INFO: CAISO 2023: priced import/export node — 6 import tranches (11400 MW), 2 export sinks (15423 MW)
INFO: unit-outage derate (CAISO 2023): 238 plant-tranches derated
INFO: CC_REGULAR outage derate reallocated top-of-stack for 28 plant(s)
INFO: COD ramp (CAISO 2023): 98 unit-months masked offline (mid-year COD / retirement), 7 unit(s) fully not-yet-built/retired
INFO: CAISO 2023: CT_PEAKER net-load reliability-drag floor applied (frac = clip(0.00901*netGW -0.1124, 0, 0.36) in ramp 15h-22h)
INFO: CAISO 2023: reliability floor — 6 enabled limb spec(s) applied from RELIABILITY_FLOOR_REGISTRY
INFO: F923 fuel costs for 2023: 64 generators priced from their own plant, 908 gap-filled from nearby (state/zone) plants
INFO: hub-basis overlay (CAISO 2023, monthly): 1099 gas generators repriced at the measured hub spot in 12/12 months (winter max 28.08 $/MMBtu)
INFO: CAISO 2023: per-hub WECC intertie — two signed corridors (Malin/COI → NP15, Palo Verde/Path-46 → SP15), each priced at its OWN measured hub (per-hub basis + per-hub netting, arbitrage-free, one direction per hour per corridor) — firm/contracted tranches held at contract cost (caiso_perhub_firm_base)
INFO: Matrix build: 2.148s, Solve: 136.740s (cold)
INFO: Matrix build: 2.148s, Solve: 19.939s (warm)
INFO: Matrix build: 2.171s, Solve: 155.714s (cold)
INFO: EIA-923 2023: CAMPD-backfilled 1 under-reported plants (1 replaced, 0 added)
INFO: EIA-923 2023 wind 13.94 TWh under-counts EIA-930 16.40 TWh; using EIA-930 grid total
INFO: Loaded CAISO fleet from EIA-860 parquet (782 generators)
INFO: Binned fleet cache for CAISO is up to date — loaded from caiso_fleet_binned.parquet
INFO: solving CAISO 2024 (hours=8760, Henry Hub=$2.19/MMBtu, commitment=False)
INFO: CAISO 2024: capacity_deliverability_limits — seam import cap set to 16452 MW (summed per-area import_limit, delivery year 2024)
INFO: CAISO 2024: endogenous solar spill — full solar potential passed to LP (no pre-LP CF derate); solar sets the midday dual when curtailed
INFO: CAISO 2024: WECC corridor deliverability cap on 2 link(s) — measured p95 ATC proxy; median import DSW 5.0 GW / PNW 1.7 GW; midday tighter; export-direction cap on (evening net-export ~0 → no wheel-out): median export DSW 0.0 GW / PNW 1.0 GW
INFO: loaded 26 within-window retiree units for CAISO (1066 MW, plants [356, 7232, 10446, 50388, 50632, 50837, 54626, 57544, 57714, 58296, 58298, 58300, 58301, 59456, 59800, 59804, 59805, 60100, 63604, 63607])
INFO: Loaded CAISO fleet from EIA-860 parquet (782 generators)
INFO: Binned fleet cache for CAISO is up to date — loaded from caiso_fleet_binned.parquet
INFO: unit-outage derate (CAISO 2024): 230 plant-tranches derated
INFO: CC_REGULAR outage derate reallocated top-of-stack for 28 plant(s)
INFO: COD ramp (CAISO 2024): 326 unit-months masked offline (mid-year COD / retirement), 11 unit(s) fully not-yet-built/retired
INFO: CAISO 2024 hydro budget pinned to monthly target total 22678.0 GWh (was 21484.8 GWh)
INFO: Loaded CAISO 2024 hydro budget: 160 plants, 22678.0 GWh annual, 6568 MW nameplate
INFO: CAISO 2024: 160 hydro plants in LP (6568 MW, 22.68 TWh monthly budget)
INFO: CAISO 2024: priced import/export node — 6 import tranches (11400 MW), 2 export sinks (15423 MW)
INFO: unit-outage derate (CAISO 2024): 230 plant-tranches derated
INFO: CC_REGULAR outage derate reallocated top-of-stack for 28 plant(s)
INFO: COD ramp (CAISO 2024): 340 unit-months masked offline (mid-year COD / retirement), 12 unit(s) fully not-yet-built/retired
INFO: CAISO 2024: CT_PEAKER net-load reliability-drag floor applied (frac = clip(0.00901*netGW -0.1124, 0, 0.36) in ramp 15h-22h)
INFO: CAISO 2024: reliability floor — 6 enabled limb spec(s) applied from RELIABILITY_FLOOR_REGISTRY
INFO: F923 fuel costs for 2024: 64 generators priced from their own plant, 911 gap-filled from nearby (state/zone) plants
INFO: hub-basis overlay (CAISO 2024, monthly): 1102 gas generators repriced at the measured hub spot in 12/12 months (winter max 5.86 $/MMBtu)
INFO: CAISO 2024: per-hub WECC intertie — two signed corridors (Malin/COI → NP15, Palo Verde/Path-46 → SP15), each priced at its OWN measured hub (per-hub basis + per-hub netting, arbitrage-free, one direction per hour per corridor) — firm/contracted tranches held at contract cost (caiso_perhub_firm_base)
INFO: Matrix build: 2.115s, Solve: 122.687s (cold)
INFO: Matrix build: 2.115s, Solve: 20.029s (warm)
INFO: Matrix build: 2.176s, Solve: 143.312s (cold)
INFO: EIA-923 2024: CAMPD-backfilled 1 under-reported plants (1 replaced, 0 added)
INFO: EIA-923 2024 wind 15.42 TWh under-counts EIA-930 20.06 TWh; using EIA-930 grid total
INFO: Loaded CAISO fleet from EIA-860 parquet (782 generators)
INFO: Binned fleet cache for CAISO is up to date — loaded from caiso_fleet_binned.parquet
INFO: solving CAISO 2025 (hours=8760, Henry Hub=$3.52/MMBtu, commitment=False)
INFO: CAISO 2025: capacity_deliverability_limits — seam import cap set to 16148 MW (summed per-area import_limit, delivery year 2025)
INFO: CAISO 2025: endogenous solar spill — full solar potential passed to LP (no pre-LP CF derate); solar sets the midday dual when curtailed
INFO: CAISO 2025: WECC corridor deliverability cap on 2 link(s) — measured p95 ATC proxy; median import DSW 5.2 GW / PNW 1.9 GW; midday tighter; export-direction cap on (evening net-export ~0 → no wheel-out): median export DSW 0.0 GW / PNW 0.3 GW
INFO: loaded 26 within-window retiree units for CAISO (1066 MW, plants [356, 7232, 10446, 50388, 50632, 50837, 54626, 57544, 57714, 58296, 58298, 58300, 58301, 59456, 59800, 59804, 59805, 60100, 63604, 63607])
INFO: Loaded CAISO fleet from EIA-860 parquet (782 generators)
INFO: Binned fleet cache for CAISO is up to date — loaded from caiso_fleet_binned.parquet
INFO: unit-outage derate (CAISO 2025): 262 plant-tranches derated
INFO: CC_REGULAR outage derate reallocated top-of-stack for 28 plant(s)
INFO: COD ramp (CAISO 2025): 408 unit-months masked offline (mid-year COD / retirement), 34 unit(s) fully not-yet-built/retired
INFO: CAISO 2025 hydro budget pinned to monthly target total 21319.1 GWh (was 12319.2 GWh)
INFO: Loaded CAISO 2025 hydro budget: 26 plants, 21319.1 GWh annual, 3916 MW nameplate
INFO: CAISO 2025: 26 hydro plants in LP (3916 MW, 21.32 TWh monthly budget)
INFO: CAISO 2025: priced import/export node — 6 import tranches (11400 MW), 2 export sinks (15423 MW)
INFO: unit-outage derate (CAISO 2025): 262 plant-tranches derated
INFO: CC_REGULAR outage derate reallocated top-of-stack for 28 plant(s)
INFO: COD ramp (CAISO 2025): 420 unit-months masked offline (mid-year COD / retirement), 35 unit(s) fully not-yet-built/retired
INFO: CAISO 2025: CT_PEAKER net-load reliability-drag floor applied (frac = clip(0.00901*netGW -0.1124, 0, 0.36) in ramp 15h-22h)
INFO: CAISO 2025: reliability floor — 6 enabled limb spec(s) applied from RELIABILITY_FLOOR_REGISTRY
INFO: F923 fuel costs for 2025: 48 generators priced from their own plant, 914 gap-filled from nearby (state/zone) plants
INFO: hub-basis overlay (CAISO 2025, monthly): 1105 gas generators repriced at the measured hub spot in 9/12 months (winter max 6.38 $/MMBtu)
INFO: CAISO 2025: per-hub WECC intertie — two signed corridors (Malin/COI → NP15, Palo Verde/Path-46 → SP15), each priced at its OWN measured hub (per-hub basis + per-hub netting, arbitrage-free, one direction per hour per corridor) — firm/contracted tranches held at contract cost (caiso_perhub_firm_base)
INFO: Matrix build: 1.885s, Solve: 93.859s (cold)
INFO: Matrix build: 1.885s, Solve: 14.270s (warm)
INFO: Matrix build: 1.888s, Solve: 98.747s (cold)
INFO: EIA-923 2025: CAMPD-backfilled 3 under-reported plants (1 replaced, 2 added)
INFO: EIA-923 2025 wind 4.24 TWh under-counts EIA-930 19.82 TWh; using EIA-930 grid total
INFO: EIA-923 2025 solar 39.76 TWh under-counts EIA-930 49.85 TWh; using EIA-930 grid total
INFO: EIA-923 2025 hydro 12.42 TWh under-counts EIA-930 21.35 TWh; using EIA-930 grid total
INFO: EIA-923 2025 biomass 1.23 TWh incomplete (vintage 73%); carrying 2024 biomass 4.41 TWh x completeness -> 3.23 TWh
INFO: wrote calibration bundle to results/calibration/caiso51_firm_base

================================================================================
  CALIBRATION REPORT  (CAISO; run 2026-07-03T18:39:13; git 2b2f91f)
  bundle: results/calibration/caiso51_firm_base
================================================================================

================================================================================
  CAISO 2023 BACKCAST  (energy-only)
================================================================================

  [1] Generation by fuel (TWh; share of own total)
    (EIA-930 column = measured grid total (net gen = demand + interchange): itemized fuels + repaired renewables + carried biomass
     + unspecified 'other' residual — the like-for-like actual total. EIA-923 column = raw reference vintage, biomass/other incomplete in a
     partial current-year release.)
    fuel        model  mdl% EIA-930  930% EIA-923  923%
    coal         0.18   0.1    0.01   0.0    0.21   0.1
    gas         75.34  40.2   88.01  47.8   76.04  50.8
    nuclear     17.63   9.4   17.75   9.6   17.72  11.8
    wind        16.55   8.8   16.40   8.9       —     —
    solar       39.79  21.2   37.17  20.2       —     —
    hydro       24.21  12.9   24.42  13.3       —     —
    oil          0.00   0.0    0.54   0.3       —     —
    biomass      4.48   2.4    4.48   2.4       —     —
    other        9.26   4.9   -0.05  -0.0       —     —
    TOTAL      187.44 100.0  184.02 100.0  149.75 100.0
    import      32.04  14.6   28.87  13.6       —     —   (net; serves load, not in generation total)
    energy balance: model gen  187.44 − EIA-930 net gen  184.02 =  +3.42 TWh (tol ±3.0)  ⚠ exceeds tol
WARNING: CAISO 2023 energy-balance drift: model gen 187.44 vs EIA-930 net gen 184.02 (+3.42 TWh) exceeds ±3.0 tol
    note: EIA-930 'gas' (88.0) folds in geothermal+biomass (~13.7 TWh here); compare model gas to the EIA-923 cell, not EIA-930.

  [1b] Renewable curtailment — 2023 (model re-curtailment vs ISO-reported; potential = uncurtailed HSL)
     fuel  potential TWh  model TWh  model curt  model %  reported curt  reported %
     wind          16.55      16.55       0.000     0.00          0.151        0.91
    solar          39.79      39.79       0.002     0.01          2.509        6.31

    Monthly curtailment (GWh):
    month  wind mdl  wind rep  solar mdl  solar rep
      Jan       0.0       3.6        0.0       49.6
      Feb       0.0      10.6        0.0      193.4
      Mar       0.0      34.6        0.0      571.6
      Apr       0.0      30.9        2.0      672.0
      May       0.0      31.7        0.0      348.1
      Jun       0.0      22.0        0.0      192.0
      Jul       0.0       2.2        0.0       55.7
      Aug       0.0       0.9        0.0       48.4
      Sep       0.0       2.6        0.0       73.4
      Oct       0.0       6.8        0.0      204.6
      Nov       0.0       1.9        0.0       68.9
      Dec       0.0       2.9        0.0       31.3

  [2] Net interchange (EIA sign: + = net export)
    actual (EIA-930): -28.87 TWh (-3295 MW avg)
    priced-node fit  : duration RMSE 568 MW (offline tranche fit, optimal placement; P9)
    model            : -32.04 TWh (-3657 MW avg; priced import/export node)
    duration curve   : RMSE 1165 MW; p01/p10/p50/p90/p99 model -8279/-7206/-2851/-1182/+0 vs actual -8437/-6500/-3774/+661/+3574
    import hours     : model 96.7% vs actual 85.9%
    diurnal shape    : corr +0.63; model peak->trough 1861 MW vs actual 5236 MW

  [2b] Battery cycling — 2023 (model EIA-860 fleet vs EIA-930 BAT)
                                metric  model  EIA-930
                         discharge TWh   3.89        —
                            charge TWh   4.58        —
    evening (h17-22) discharge share %   92.7        —
    (no EIA-930 battery series in this BA extract — model throughput reported alone)
    pumped-storage discharge: model 2.42 TWh; EIA-930 —

  [3] Zonal price level ($/MWh)
    zone                avg  neg-hrs
    NP15              63.29       14
    SP15              66.83       14
    WECC_DSW          52.17       13
    WECC_PNW          41.77       68
    ZP26              63.29       14

  [3] System price duration ($/MWh)
    avg    57.47   max   174.02   p90   74.84   p50   50.76   p10   33.15   min   -20.00
    negative-price hours: 14

================================================================================
  CAISO 2024 BACKCAST  (energy-only)
================================================================================

  [1] Generation by fuel (TWh; share of own total)
    (EIA-930 column = measured grid total (net gen = demand + interchange): itemized fuels + repaired renewables + carried biomass
     + unspecified 'other' residual — the like-for-like actual total. EIA-923 column = raw reference vintage, biomass/other incomplete in a
     partial current-year release.)
    fuel        model  mdl% EIA-930  930% EIA-923  923%
    coal         0.15   0.1   -0.00  -0.0    0.25   0.2
    gas         78.22  39.2   85.37  44.8   67.68  43.4
    nuclear     18.20   9.1   18.35   9.6   18.38  11.8
    wind        20.29  10.2   20.06  10.5       —     —
    solar       47.87  24.0   44.64  23.4       —     —
    hydro       22.30  11.2   22.73  11.9       —     —
    oil          0.00     —    0.52   0.3       —     —
    biomass      4.41   2.2    4.41   2.3       —     —
    other        8.08   4.0   -1.10  -0.6       —     —
    TOTAL      199.51 100.0  190.56 100.0  155.83 100.0
    import      25.84  11.5   32.38  14.5       —     —   (net; serves load, not in generation total)
    energy balance: model gen  199.51 − EIA-930 net gen  190.56 =  +8.95 TWh (tol ±3.0)  ⚠ exceeds tol
WARNING: CAISO 2024 energy-balance drift: model gen 199.51 vs EIA-930 net gen 190.56 (+8.95 TWh) exceeds ±3.0 tol
    note: EIA-930 'gas' (85.4) folds in geothermal+biomass (~12.5 TWh here); compare model gas to the EIA-923 cell, not EIA-930.

  [1b] Renewable curtailment — 2024 (model re-curtailment vs ISO-reported; potential = uncurtailed HSL)
     fuel  potential TWh  model TWh  model curt  model %  reported curt  reported %
     wind          20.29      20.29       0.000     0.00          0.229        1.13
    solar          47.91      47.87       0.038     0.08          3.170        6.62

    Monthly curtailment (GWh):
    month  wind mdl  wind rep  solar mdl  solar rep
      Jan       0.0       5.5        0.0       95.5
      Feb       0.0      13.6        0.0      191.0
      Mar       0.0      54.7        3.2      675.6
      Apr       0.0      41.8       22.0      797.8
      May       0.0      57.2       12.4      638.1
      Jun       0.0      27.4        0.0      219.2
      Jul       0.0       5.1        0.0       62.5
      Aug       0.0       0.8        0.0       70.8
      Sep       0.0       2.3        0.0      118.4
      Oct       0.0       9.5        0.0      142.4
      Nov       0.0       5.3        0.0      141.7
      Dec       0.0       5.8        0.0       16.6

  [2] Net interchange (EIA sign: + = net export)
    actual (EIA-930): -32.38 TWh (-3696 MW avg)
    priced-node fit  : duration RMSE 560 MW (offline tranche fit, optimal placement; P9)
    model            : -25.84 TWh (-2949 MW avg; priced import/export node)
    duration curve   : RMSE 1533 MW; p01/p10/p50/p90/p99 model -7577/-5224/-2548/-784/-155 vs actual -8302/-6750/-4183/+152/+3538
    import hours     : model 99.5% vs actual 89.0%
    diurnal shape    : corr -0.22; model peak->trough 2525 MW vs actual 4596 MW

  [2b] Battery cycling — 2024 (model EIA-860 fleet vs EIA-930 BAT)
                                metric  model  EIA-930
                         discharge TWh   6.26        —
                            charge TWh   7.36        —
    evening (h17-22) discharge share %   81.7        —
    (no EIA-930 battery series in this BA extract — model throughput reported alone)
    pumped-storage discharge: model 2.76 TWh; EIA-930 —

  [3] Zonal price level ($/MWh)
    zone                avg  neg-hrs
    NP15              41.98      111
    SP15              45.31      119
    WECC_DSW          42.37      381
    WECC_PNW          37.36      212
    ZP26              41.96      119

  [3] System price duration ($/MWh)
    avg    41.80   max    67.16   p90   55.92   p50   43.92   p10   26.24   min   -22.40
    negative-price hours: 161

================================================================================
  CAISO 2025 BACKCAST  (energy-only)
================================================================================

  [1] Generation by fuel (TWh; share of own total)
    (EIA-930 column = measured grid total (net gen = demand + interchange): itemized fuels + repaired renewables + carried biomass
     + unspecified 'other' residual — the like-for-like actual total. EIA-923 column = raw reference vintage, biomass/other incomplete in a
     partial current-year release.)
    fuel        model  mdl% EIA-930  930% EIA-923  923%
    coal         0.18   0.1   -0.00  -0.0    0.23   0.2
    gas         74.06  38.2   79.03  42.4   55.18  41.6
    nuclear     17.49   9.0   17.61   9.4   17.56  13.2
    wind        20.04  10.3   19.82  10.6       —     —
    solar       53.35  27.5   49.70  26.7       —     —
    hydro       19.72  10.2   21.34  11.5       —     —
    oil          0.00     —    0.35   0.2       —     —
    biomass      3.23   1.7    3.23   1.7       —     —
    other        5.92   3.1   -1.76  -0.9       —     —
    TOTAL      194.00 100.0  186.37 100.0  132.55 100.0
    import      32.34  14.3   36.16  16.2       —     —   (net; serves load, not in generation total)
    energy balance: model gen  194.00 − EIA-930 net gen  186.37 =  +7.64 TWh (tol ±3.0)  ⚠ exceeds tol
WARNING: CAISO 2025 energy-balance drift: model gen 194.00 vs EIA-930 net gen 186.37 (+7.64 TWh) exceeds ±3.0 tol
    note: EIA-930 'gas' (79.0) folds in geothermal+biomass (~9.2 TWh here); compare model gas to the EIA-923 cell, not EIA-930.

  [1b] Renewable curtailment — 2025: no CAISO HSL parquet; build with scripts/build_caiso_hsl.py (ERCOT 2024+ needs the NP6 report uploads under data/raw/ercot-hsl/np6/)

  [2] Net interchange (EIA sign: + = net export)
    actual (EIA-930): -36.16 TWh (-4127 MW avg)
    priced-node fit  : duration RMSE 556 MW (offline tranche fit, optimal placement; P9)
    model            : -32.34 TWh (-3691 MW avg; priced import/export node)
    duration curve   : RMSE 1169 MW; p01/p10/p50/p90/p99 model -9903/-6536/-3372/-784/-505 vs actual -9335/-7194/-4670/-128/+2736
    import hours     : model 99.9% vs actual 90.9%
    diurnal shape    : corr -0.17; model peak->trough 3683 MW vs actual 4973 MW

  [2b] Battery cycling — 2025 (model EIA-860 fleet vs EIA-930 BAT)
                                metric  model  EIA-930
                         discharge TWh   7.75        —
                            charge TWh   9.12        —
    evening (h17-22) discharge share %   62.9        —
    (no EIA-930 battery series in this BA extract — model throughput reported alone)
    pumped-storage discharge: model 3.72 TWh; EIA-930 —

  [3] Zonal price level ($/MWh)
    zone                avg  neg-hrs
    NP15              46.52        8
    SP15              48.10        8
    WECC_DSW          43.79      147
    WECC_PNW          40.52      173
    ZP26              46.52        8

  [3] System price duration ($/MWh)
    avg    45.09   max    77.14   p90   58.40   p50   46.53   p10   29.24   min    -4.21
    negative-price hours: 8
