NEISO zonal load file not found (/home/user/market-simulator/data/raw/zone-specific-demand/NEISO/NEISO_load_hourly_2024.csv); skipping
eGRID plant 55641 heat rate 14.964 MMBtu/MWh exceeds the combined-cycle physical ceiling 11.500 (PLHTIAN spans co-located plant 64020, 454 m away, whose 2 unit(s) eGRID double-counts) — reconciled to 6.880
NEISO: CC plant 52026 fleet pmax sum 94.3 MW exceeds trusted bound 74.1 MW (nameplate; corrupt summer-capacity rows) — reconciled (20.2 MW removed)
NEISO: CC plant 60903 fleet pmax sum 1156.4 MW exceeds trusted bound 798.2 MW (nameplate; corrupt summer-capacity rows) — reconciled (358.2 MW removed)
Traceback (most recent call last):
  File "/home/user/market-simulator/src/market_sim/data/confirmed_retirements.py", line 165, in load_confirmed_exits
    df = read_clean(DATATYPE, iso=iso.upper())
         ^^^^^^^^^^^^^^^^^^^^^^^^^^^^^^^^^^^^^
  File "/home/user/market-simulator/scripts/lib/clean_io.py", line 442, in read_clean
    raise FileNotFoundError(
FileNotFoundError: no clean confirmed-retirements at /home/user/market-simulator/data/clean/confirmed-retirements/NEISO/confirmed-retirements.parquet — regenerate from raw with `python scripts/data/curate_confirmed_retirements.py` (or scripts/regenerate_clean.py)

The above exception was the direct cause of the following exception:

Traceback (most recent call last):
  File "/home/user/market-simulator/scripts/run_full_horizon.py", line 369, in solve_and_summarize
    cache_key = run_scenario(config, iso)
                ^^^^^^^^^^^^^^^^^^^^^^^^^
  File "/home/user/market-simulator/src/market_sim/pipeline/api.py", line 66, in run_scenario
    return runner.run_scenario_iso(config, iso)
           ^^^^^^^^^^^^^^^^^^^^^^^^^^^^^^^^^^^^
  File "/home/user/market-simulator/src/market_sim/runner.py", line 756, in run_scenario_iso
    confirmed_exits = load_confirmed_exits(
                      ^^^^^^^^^^^^^^^^^^^^^
  File "/home/user/market-simulator/src/market_sim/data/confirmed_retirements.py", line 168, in load_confirmed_exits
    raise RuntimeError(
RuntimeError: confirmed-retirements: clean partition for NEISO is absent while confirmed_exits_enabled is on in forecast mode. data/clean is derived and gitignored, so a fresh checkout has no registry; refusing to silently degrade to the economic screen (W1-B B3: ERCOT's 2026 fleet gains 477 MW — V H Braunig backlog); run `PYTHONPATH=. python scripts/data/curate_confirmed_retirements.py` from the repo root to regenerate data/clean/confirmed-retirements, then delete any results/<ISO>/<key>/ caches solved before it existed (cache_key hashes config only, never data-file state).

===== NEISO 2026-2030 summary =====
  years solved: 0 / 5  ([]..[])
  total wall: 0.5 min   global peak RSS: 0.41 GB
  ERROR: RuntimeError: confirmed-retirements: clean partition for NEISO is absent while confirmed_exits_enabled is on in forecast mode. data/clean is derived and gitignored, so a fresh checkout has no registry; refusing to silently degrade to the economic screen (W1-B B3: ERCOT's 2026 fleet gains 477 MW — V H Braunig backlog); run `PYTHONPATH=. python scripts/data/curate_confirmed_retirements.py` from the repo root to regenerate data/clean/confirmed-retirements, then delete any results/<ISO>/<key>/ caches solved before it existed (cache_key hashes config only, never data-file state).
  invariants: 0 FAIL, 0 WARN
  wrote results/ffr3a/t1f/neiso/full_horizon_summary.json
