recipe kwargs: {'outage_source': 'historic', 'ercot_reserve_supply_cap_from_year': 2023, 'ercot_load_resource_reserve_from_year': 2023, 'ercot_storage_as_reserve_from_year': 2025, 'ercot_ecrs_requirement_from_year': 2023, 'ercot_storage_as_deployment_from_year': 2023, 'curve_smoothing': {'offer_curve_smoothing_n': None, 'offer_curve_smoothing_exp': None, 'offer_curve_smoothing_mid': None}, 'hydro_backfill_year': 2024, 'hydro_year': 'normal'}
WARNING: SWPP 2023: repairing 1 demand-spike hour(s) > 2.5x median (30769 MW); max raw 3621097 MW -- EIA-930 metering artifact(s)
INFO: SPP net interchange applied for 2023: +447 MW avg (export-positive, measured EIA-930)
WARNING: SWPP 2023: repairing 1 EIA-930 NG: WND spike hour(s) [3907] (max 3589445 MW vs p99.9 22597 MW) -- unit-slip artifact
INFO: SPP per-zone wind SHAPE (2023): 3 zone(s) from spp_2023_wind_zone_shape.parquet, measured night/afternoon ratio SPP-North=0.97, SPP-South=1.06, SPP-SPS=1.01
WARNING: SWPP 2023: repairing 1 EIA-930 NG: WND spike hour(s) [3907] (max 3589445 MW vs p99.9 22597 MW) -- unit-slip artifact
WARNING: SWPP 2023: repairing 1 EIA-930 NG: WND spike hour(s) [3907] (max 3589445 MW vs p99.9 22597 MW) -- unit-slip artifact
WARNING: eGRID boundary heat-rate reconciliation active for 1 plant(s): 55641->6.880
INFO: loaded 17 within-window retiree units for SPP (902 MW, plants [1314, 2297, 3602, 3604, 7131, 7902, 50169])
WARNING: SPP: CC plant 50558 fleet pmax sum 213.2 MW exceeds trusted bound 131.4 MW (nameplate; corrupt summer-capacity rows) — reconciled (81.8 MW removed)
WARNING: SPP: CC plant 55178 fleet pmax sum 656.5 MW exceeds trusted bound 655.2 MW (nameplate; corrupt summer-capacity rows) — reconciled (1.3 MW removed)
WARNING: SPP: CC plant 55463 fleet pmax sum 2009.6 MW exceeds trusted bound 1433.6 MW (nameplate; corrupt summer-capacity rows) — reconciled (576.0 MW removed)
INFO: Loaded SPP fleet from EIA-860 parquet (1012 generators)
INFO: Rebuilt binned fleet cache for SPP — 1012 plants → spp_fleet_binned.parquet
WARNING: SPP: CC plant 50558 fleet pmax sum 213.2 MW exceeds trusted bound 131.4 MW (nameplate; corrupt summer-capacity rows) — reconciled (81.8 MW removed)
WARNING: SPP: CC plant 55178 fleet pmax sum 656.5 MW exceeds trusted bound 655.2 MW (nameplate; corrupt summer-capacity rows) — reconciled (1.3 MW removed)
WARNING: SPP: CC plant 55463 fleet pmax sum 2009.6 MW exceeds trusted bound 1433.6 MW (nameplate; corrupt summer-capacity rows) — reconciled (576.0 MW removed)
INFO: Loaded SPP fleet from EIA-860 parquet (1012 generators)
INFO: Binned fleet cache for SPP is up to date — loaded from spp_fleet_binned.parquet
INFO: loaded 17 within-window retiree units for SPP (902 MW, plants [1314, 2297, 3602, 3604, 7131, 7902, 50169])
INFO: unit-outage derate (SPP 2023): 303 plant-tranches derated
INFO: COD ramp (SPP 2023): 182 unit-months masked offline (mid-year COD / retirement), 7 unit(s) fully not-yet-built/retired
WARNING: SPP: CC plant 50558 fleet pmax sum 213.2 MW exceeds trusted bound 131.4 MW (nameplate; corrupt summer-capacity rows) — reconciled (81.8 MW removed)
WARNING: SPP: CC plant 55178 fleet pmax sum 656.5 MW exceeds trusted bound 655.2 MW (nameplate; corrupt summer-capacity rows) — reconciled (1.3 MW removed)
WARNING: SPP: CC plant 55463 fleet pmax sum 2009.6 MW exceeds trusted bound 1433.6 MW (nameplate; corrupt summer-capacity rows) — reconciled (576.0 MW removed)
INFO: Loaded SPP fleet from EIA-860 parquet (1012 generators)
INFO: Binned fleet cache for SPP is up to date — loaded from spp_fleet_binned.parquet
INFO: SPP 2023 hydro budget pinned to monthly target total 8344.1 GWh (was 8400.3 GWh)
INFO: Loaded SPP 2023 hydro budget: 23 plants, 8344.1 GWh annual, 3104 MW nameplate
INFO: SPP 2023: 23 hydro plants in LP (3104 MW, 8.34 TWh monthly budget)
INFO: unit-outage derate (SPP 2023): 303 plant-tranches derated
INFO: COD ramp (SPP 2023): 319 unit-months masked offline (mid-year COD / retirement), 13 unit(s) fully not-yet-built/retired
INFO: F923 fuel costs for 2023: 383 generators priced from their own plant, 791 gap-filled from nearby (state/zone) plants

===== 2023: zones ['SPP-North', 'SPP-South', 'SPP-SPS']; LP units 1125
zone        SPP-North  SPP-SPS  SPP-South
klass                                    
CC_CHP            0.0      0.0      271.0
CC_REGULAR     2324.0   1113.0     6611.0
COAL          12727.0   1067.0     6053.0
CT_CHP           79.0    160.0        1.0
CT_PEAKER      7861.0   1896.0     1951.0
ST_CHP           91.0      0.0       22.0
ST_GAS          878.0   2539.0     6864.0
hydro          2580.0      0.0      523.0
nuclear        1945.0      0.0        0.0
oil            1723.0     17.0       40.0
  hourly zonal shares: mean {'SPP-North': np.float64(0.5154), 'SPP-South': np.float64(0.3584), 'SPP-SPS': np.float64(0.1262)}; max|sum-1| 2.220e-16
  SPP-North  plants  223 units  811 thermal+hydro MW     30208 (gas   11233) wind cap    16671 MW potential  56.40 TWh | solar cap     274 MW potential  0.22 TWh | demand  146.47 TWh (min   11235 max   28552 MW) | B_plaus    24686 B_hard    35919
  SPP-South  plants   59 units  229 thermal+hydro MW     22336 (gas   15720) wind cap    11624 MW potential  38.97 TWh | solar cap      91 MW potential  0.09 TWh | demand  102.40 TWh (min    7855 max   20737 MW) | B_plaus    10476 B_hard    26196
  SPP-SPS    plants   19 units   85 thermal+hydro MW      6792 (gas    5708) wind cap     4654 MW potential  18.68 TWh | solar cap     281 MW potential  0.28 TWh | demand   35.65 TWh (min    2964 max    6102 MW) | B_plaus     3054 B_hard     8762
  demand total TWh 284.52  wind potential total 
INFO: SPP net interchange applied for 2024: +186 MW avg (export-positive, measured EIA-930)
INFO: SPP per-zone wind SHAPE (2024): 3 zone(s) from spp_2024_wind_zone_shape.parquet, measured night/afternoon ratio SPP-North=0.96, SPP-South=0.96, SPP-SPS=1.13
INFO: loaded 17 within-window retiree units for SPP (902 MW, plants [1314, 2297, 3602, 3604, 7131, 7902, 50169])
WARNING: SPP: CC plant 50558 fleet pmax sum 213.2 MW exceeds trusted bound 131.4 MW (nameplate; corrupt summer-capacity rows) — reconciled (81.8 MW removed)
WARNING: SPP: CC plant 55178 fleet pmax sum 656.5 MW exceeds trusted bound 655.2 MW (nameplate; corrupt summer-capacity rows) — reconciled (1.3 MW removed)
WARNING: SPP: CC plant 55463 fleet pmax sum 2009.6 MW exceeds trusted bound 1433.6 MW (nameplate; corrupt summer-capacity rows) — reconciled (576.0 MW removed)
INFO: Loaded SPP fleet from EIA-860 parquet (1012 generators)
INFO: Binned fleet cache for SPP is up to date — loaded from spp_fleet_binned.parquet
INFO: unit-outage derate (SPP 2024): 293 plant-tranches derated
INFO: COD ramp (SPP 2024): 318 unit-months masked offline (mid-year COD / retirement), 26 unit(s) fully not-yet-built/retired
WARNING: SPP: CC plant 50558 fleet pmax sum 213.2 MW exceeds trusted bound 131.4 MW (nameplate; corrupt summer-capacity rows) — reconciled (81.8 MW removed)
WARNING: SPP: CC plant 55178 fleet pmax sum 656.5 MW exceeds trusted bound 655.2 MW (nameplate; corrupt summer-capacity rows) — reconciled (1.3 MW removed)
WARNING: SPP: CC plant 55463 fleet pmax sum 2009.6 MW exceeds trusted bound 1433.6 MW (nameplate; corrupt summer-capacity rows) — reconciled (576.0 MW removed)
INFO: Loaded SPP fleet from EIA-860 parquet (1012 generators)
INFO: Binned fleet cache for SPP is up to date — loaded from spp_fleet_binned.parquet
INFO: SPP 2024 hydro budget pinned to monthly target total 8973.1 GWh (was 8702.3 GWh)
INFO: Loaded SPP 2024 hydro budget: 22 plants, 8973.1 GWh annual, 3078 MW nameplate
INFO: SPP 2024: 22 hydro plants in LP (3078 MW, 8.97 TWh monthly budget)
INFO: unit-outage derate (SPP 2024): 293 plant-tranches derated
INFO: COD ramp (SPP 2024): 436 unit-months masked offline (mid-year COD / retirement), 34 unit(s) fully not-yet-built/retired
INFO: F923 fuel costs for 2024: 378 generators priced from their own plant, 822 gap-filled from nearby (state/zone) plants

===== 2024: zones ['SPP-North', 'SPP-South', 'SPP-SPS']; LP units 1122
zone        SPP-North  SPP-SPS  SPP-South
klass                                    
CC_CHP            0.0      0.0      271.0
CC_REGULAR     2324.0   1113.0     6611.0
COAL          12727.0   1067.0     6053.0
CT_CHP           61.0    147.0        1.0
CT_PEAKER      7888.0   1916.0     1951.0
ST_CHP           91.0      0.0       22.0
ST_GAS          878.0   2539.0     6864.0
hydro          2580.0      0.0      498.0
nuclear        1945.0      0.0        0.0
oil            1723.0     17.0       40.0
  hourly zonal shares: mean {'SPP-North': np.float64(0.5132), 'SPP-South': np.float64(0.359), 'SPP-SPS': np.float64(0.1278)}; max|sum-1| 2.220e-16
  SPP-North  plants  223 units  810 thermal+hydro MW     30217 (gas   11242) wind cap    16870 MW potential  61.22 TWh | solar cap     382 MW potential  0.50 TWh | demand  149.20 TWh (min   11646 max   27844 MW) | B_plaus    24580 B_hard    35822
  SPP-South  plants   58 units  228 thermal+hydro MW     22311 (gas   15720) wind cap    12327 MW potential  41.32 TWh | solar cap     216 MW potential  0.27 TWh | demand  104.83 TWh (min    7602 max   20083 MW) | B_plaus    11533 B_hard    27253
  SPP-SPS    plants   19 units   84 thermal+hydro MW      6799 (gas    5715) wind cap     4654 MW potential  18.45 TWh | solar cap     281 MW potential  0.42 TWh | demand   36.86 TWh (min    3002 max    6363 MW) | B_plaus     3017 B_hard     8732
  demand total TWh 290.89  wind potential total 
INFO: SPP net interchange applied for 2025: +270 MW avg (export-positive, measured EIA-930)
INFO: SPP per-zone wind SHAPE (2025): 3 zone(s) from spp_2025_wind_zone_shape.parquet, measured night/afternoon ratio SPP-North=0.91, SPP-South=0.95, SPP-SPS=1.12
INFO: loaded 17 within-window retiree units for SPP (902 MW, plants [1314, 2297, 3602, 3604, 7131, 7902, 50169])
WARNING: SPP: CC plant 50558 fleet pmax sum 213.2 MW exceeds trusted bound 131.4 MW (nameplate; corrupt summer-capacity rows) — reconciled (81.8 MW removed)
WARNING: SPP: CC plant 55178 fleet pmax sum 656.5 MW exceeds trusted bound 655.2 MW (nameplate; corrupt summer-capacity rows) — reconciled (1.3 MW removed)
WARNING: SPP: CC plant 55463 fleet pmax sum 2009.6 MW exceeds trusted bound 1433.6 MW (nameplate; corrupt summer-capacity rows) — reconciled (576.0 MW removed)
INFO: Loaded SPP fleet from EIA-860 parquet (1012 generators)
INFO: Binned fleet cache for SPP is up to date — loaded from spp_fleet_binned.parquet
INFO: unit-outage derate (SPP 2025): 303 plant-tranches derated
INFO: COD ramp (SPP 2025): 314 unit-months masked offline (mid-year COD / retirement), 22 unit(s) fully not-yet-built/retired
WARNING: SPP: CC plant 50558 fleet pmax sum 213.2 MW exceeds trusted bound 131.4 MW (nameplate; corrupt summer-capacity rows) — reconciled (81.8 MW removed)
WARNING: SPP: CC plant 55178 fleet pmax sum 656.5 MW exceeds trusted bound 655.2 MW (nameplate; corrupt summer-capacity rows) — reconciled (1.3 MW removed)
WARNING: SPP: CC plant 55463 fleet pmax sum 2009.6 MW exceeds trusted bound 1433.6 MW (nameplate; corrupt summer-capacity rows) — reconciled (576.0 MW removed)
INFO: Loaded SPP fleet from EIA-860 parquet (1012 generators)
INFO: Binned fleet cache for SPP is up to date — loaded from spp_fleet_binned.parquet
INFO: SPP 2025 hydro budget: backfilled 21 non-reporting plants (8682.3 GWh) from 2024
INFO: SPP 2025 hydro budget pinned to monthly target total 8829.9 GWh (was 8705.6 GWh)
INFO: Loaded SPP 2025 hydro budget: 22 plants, 8829.9 GWh annual, 3078 MW nameplate
INFO: SPP 2025: 22 hydro plants in LP (3078 MW, 8.83 TWh monthly budget)
INFO: unit-outage derate (SPP 2025): 303 plant-tranches derated
INFO: COD ramp (SPP 2025): 430 unit-months masked offline (mid-year COD / retirement), 29 unit(s) fully not-yet-built/retired
INFO: F923 fuel costs for 2025: 343 generators priced from their own plant, 815 gap-filled from nearby (state/zone) plants

===== 2025: zones ['SPP-North', 'SPP-South', 'SPP-SPS']; LP units 1122
zone        SPP-North  SPP-SPS  SPP-South
klass                                    
CC_CHP            0.0      0.0      271.0
CC_REGULAR     2324.0   1113.0     6611.0
COAL          12727.0   1067.0     6053.0
CT_CHP           61.0    147.0        1.0
CT_PEAKER      7888.0   1916.0     1951.0
ST_CHP           91.0      0.0       22.0
ST_GAS          878.0   2539.0     6864.0
hydro          2580.0      0.0      498.0
nuclear        1945.0      0.0        0.0
oil            1723.0     17.0       40.0
  hourly zonal shares: mean {'SPP-North': np.float64(0.5098), 'SPP-South': np.float64(0.3627), 'SPP-SPS': np.float64(0.1275)}; max|sum-1| 2.220e-16
  SPP-North  plants  223 units  810 thermal+hydro MW     30217 (gas   11242) wind cap    17664 MW potential  64.03 TWh | solar cap     596 MW potential  1.17 TWh | demand  153.94 TWh (min   12131 max   29509 MW) | B_plaus    25105 B_hard    36347
  SPP-South  plants   58 units  228 thermal+hydro MW     22311 (gas   15720) wind cap    13146 MW potential  40.18 TWh | solar cap     562 MW potential  0.57 TWh | demand  109.85 TWh (min    8346 max   21515 MW) | B_plaus    11953 B_hard    27673
  SPP-SPS    plants   19 units   84 thermal+hydro MW      6799 (gas    5715) wind cap     4654 MW potential  18.05 TWh | solar cap     284 MW potential  0.61 TWh | demand   38.06 TWh (min    3345 max    6368 MW) | B_plaus     2676 B_hard     8391
  demand total TWh 301.84  wind potential total 
