Preparing worktree (detached HEAD 93a38eac1)
HEAD is now at 93a38eac1 R-CAISO-5: PRECOMMIT (C4 phase 0, CC outage-derate basis arm, 2019-21 intertie STOP) + shard prompt
  [pin] rcaiso5_XE_span in /tmp/rcaiso8_wt_pin_93a38eac ...
Preparing worktree (detached HEAD 6810e68ec)
HEAD is now at 6810e68ec R-CAISO-6: leg gitignore uses the contents form so a shard's negation re-includes its bundle
  [pin] rcaiso6_tp_2019_2021 in /tmp/rcaiso8_wt_pin_6810e68e ...
  [off] rcaiso5_XE_span in /home/user/market-simulator ...
  [off] rcaiso6_tp_2019_2021 in /home/user/market-simulator ...
  [on] rcaiso5_XE_span in /home/user/market-simulator ...
  [on] rcaiso6_tp_2019_2021 in /home/user/market-simulator ...
{
  "pin": {
    "rcaiso5_XE_span": "93a38eac",
    "rcaiso6_tp_2019_2021": "6810e68e"
  },
  "flag": "caiso_intertie_partial_year_measured",
  "pairs": {
    "pin->off": {
      "per_year_diffs": {
        "2022": [
          "heat_rate_sha",
          "mc_base_sha"
        ],
        "2023": [
          "heat_rate_sha",
          "mc_base_sha"
        ],
        "2024": [
          "heat_rate_sha",
          "mc_base_sha"
        ],
        "2025": [
          "heat_rate_sha",
          "mc_base_sha"
        ],
        "2019": [
          "heat_rate_sha",
          "mc_base_sha"
        ],
        "2020": [
          "heat_rate_sha",
          "mc_base_sha"
        ],
        "2021": [
          "heat_rate_sha",
          "mc_base_sha"
        ]
      },
      "defaults_changed": [
        "campd_bins_path",
        "plant_registry_path",
        "plant_emission_rates_path",
        "plant_emission_rates_v2_path",
        "control_retrofit_path"
      ],
      "fields_added": [
        "caiso_intertie_partial_year_measured",
        "campd_unit_fuel_split",
        "coal_fuel_inventory_take_floor",
        "neiso_winter_fuelsec_conduct_roster",
        "nwpp_path76_alturas_link",
        "nyiso_li_seam_posted_limit_cap",
        "unit_outage_coal_extract_basis_share",
        "unit_outage_full_rederive"
      ],
      "constants_changed": [
        "CAMPD_BINNING_ISOS",
        "GAS_BASIS_DIFFERENTIAL_MEASURED_BY_YEAR",
        "RGGI_MEMBER_STATES_BY_YEAR",
        "ST_GAS_PEAK_MEASURED_HR_MULT_BY_ISO",
        "WINTER_FUELSEC_CONDUCT_MIN_ONLINE_SHARE"
      ]
    },
    "off->on": {
      "per_year_diffs": {
        "2022": [],
        "2023": [],
        "2024": [],
        "2025": [],
        "2019": [],
        "2020": [],
        "2021": [
          "mc_base_sha"
        ]
      },
      "defaults_changed": [],
      "fields_added": [],
      "constants_changed": [
        "CAMPD_BINNING_ISOS",
        "RGGI_MEMBER_STATES_BY_YEAR"
      ]
    }
  }
}
